ARM GAS  C:\Users\samue\AppData\Local\Temp\cc7YDeAP.s 			page 1


   1              		.syntax unified
   2              		.cpu cortex-m3
   3              		.fpu softvfp
   4              		.eabi_attribute 20, 1
   5              		.eabi_attribute 21, 1
   6              		.eabi_attribute 23, 3
   7              		.eabi_attribute 24, 1
   8              		.eabi_attribute 25, 1
   9              		.eabi_attribute 26, 1
  10              		.eabi_attribute 30, 1
  11              		.eabi_attribute 34, 1
  12              		.eabi_attribute 18, 4
  13              		.thumb
  14              		.syntax unified
  15              		.file	"rtos_main.c"
  16              		.text
  17              	.Ltext0:
  18              		.cfi_sections	.debug_frame
  19              		.section	.text.start_zmain,"ax",%progbits
  20              		.align	2
  21              		.thumb
  22              		.thumb_func
  23              		.type	start_zmain, %function
  24              	start_zmain:
  25              	.LFB69:
  26              		.file 1 "ZumoLibrary\\rtos_main.c"
   1:ZumoLibrary/rtos_main.c **** /*
   2:ZumoLibrary/rtos_main.c ****  * FreeRTOS Kernel V10.0.1
   3:ZumoLibrary/rtos_main.c ****  * Copyright (C) 2017 Amazon.com, Inc. or its affiliates.  All Rights Reserved.
   4:ZumoLibrary/rtos_main.c ****  *
   5:ZumoLibrary/rtos_main.c ****  * Permission is hereby granted, free of charge, to any person obtaining a copy of
   6:ZumoLibrary/rtos_main.c ****  * this software and associated documentation files (the "Software"), to deal in
   7:ZumoLibrary/rtos_main.c ****  * the Software without restriction, including without limitation the rights to
   8:ZumoLibrary/rtos_main.c ****  * use, copy, modify, merge, publish, distribute, sublicense, and/or sell copies of
   9:ZumoLibrary/rtos_main.c ****  * the Software, and to permit persons to whom the Software is furnished to do so,
  10:ZumoLibrary/rtos_main.c ****  * subject to the following conditions:
  11:ZumoLibrary/rtos_main.c ****  *
  12:ZumoLibrary/rtos_main.c ****  * The above copyright notice and this permission notice shall be included in all
  13:ZumoLibrary/rtos_main.c ****  * copies or substantial portions of the Software.
  14:ZumoLibrary/rtos_main.c ****  *
  15:ZumoLibrary/rtos_main.c ****  * THE SOFTWARE IS PROVIDED "AS IS", WITHOUT WARRANTY OF ANY KIND, EXPRESS OR
  16:ZumoLibrary/rtos_main.c ****  * IMPLIED, INCLUDING BUT NOT LIMITED TO THE WARRANTIES OF MERCHANTABILITY, FITNESS
  17:ZumoLibrary/rtos_main.c ****  * FOR A PARTICULAR PURPOSE AND NONINFRINGEMENT. IN NO EVENT SHALL THE AUTHORS OR
  18:ZumoLibrary/rtos_main.c ****  * COPYRIGHT HOLDERS BE LIABLE FOR ANY CLAIM, DAMAGES OR OTHER LIABILITY, WHETHER
  19:ZumoLibrary/rtos_main.c ****  * IN AN ACTION OF CONTRACT, TORT OR OTHERWISE, ARISING FROM, OUT OF OR IN
  20:ZumoLibrary/rtos_main.c ****  * CONNECTION WITH THE SOFTWARE OR THE USE OR OTHER DEALINGS IN THE SOFTWARE.
  21:ZumoLibrary/rtos_main.c ****  *
  22:ZumoLibrary/rtos_main.c ****  * http://www.FreeRTOS.org
  23:ZumoLibrary/rtos_main.c ****  * http://aws.amazon.com/freertos
  24:ZumoLibrary/rtos_main.c ****  *
  25:ZumoLibrary/rtos_main.c ****  * 1 tab == 4 spaces!
  26:ZumoLibrary/rtos_main.c ****  */
  27:ZumoLibrary/rtos_main.c **** 
  28:ZumoLibrary/rtos_main.c **** #include <project.h>
  29:ZumoLibrary/rtos_main.c **** #include <stdio.h>
  30:ZumoLibrary/rtos_main.c **** 
  31:ZumoLibrary/rtos_main.c **** /* RTOS includes. */
ARM GAS  C:\Users\samue\AppData\Local\Temp\cc7YDeAP.s 			page 2


  32:ZumoLibrary/rtos_main.c **** #include "FreeRTOS.h"
  33:ZumoLibrary/rtos_main.c **** #include "task.h"
  34:ZumoLibrary/rtos_main.c **** #include "queue.h"
  35:ZumoLibrary/rtos_main.c **** #include "semphr.h"
  36:ZumoLibrary/rtos_main.c **** 
  37:ZumoLibrary/rtos_main.c **** #include "serial.h"
  38:ZumoLibrary/rtos_main.c **** #include "serial1.h"
  39:ZumoLibrary/rtos_main.c **** #include "debug_uart.h"
  40:ZumoLibrary/rtos_main.c **** #include "mqtt_sender.h"
  41:ZumoLibrary/rtos_main.c **** #include "zumo_config.h"
  42:ZumoLibrary/rtos_main.c **** 
  43:ZumoLibrary/rtos_main.c **** #ifndef START_MQTT
  44:ZumoLibrary/rtos_main.c **** #define START_MQTT 0
  45:ZumoLibrary/rtos_main.c **** #endif    
  46:ZumoLibrary/rtos_main.c **** 
  47:ZumoLibrary/rtos_main.c **** 
  48:ZumoLibrary/rtos_main.c **** 
  49:ZumoLibrary/rtos_main.c **** extern void zmain(void);
  50:ZumoLibrary/rtos_main.c **** 
  51:ZumoLibrary/rtos_main.c **** /*
  52:ZumoLibrary/rtos_main.c ****  * Installs the RTOS interrupt handlers and starts the peripherals.
  53:ZumoLibrary/rtos_main.c ****  */
  54:ZumoLibrary/rtos_main.c **** static void prvHardwareSetup( void );
  55:ZumoLibrary/rtos_main.c **** /*---------------------------------------------------------------------------*/
  56:ZumoLibrary/rtos_main.c **** 
  57:ZumoLibrary/rtos_main.c **** static void start_zmain(void *p) {
  27              		.loc 1 57 0
  28              		.cfi_startproc
  29              		@ args = 0, pretend = 0, frame = 0
  30              		@ frame_needed = 0, uses_anonymous_args = 0
  31              	.LVL0:
  32 0000 08B5     		push	{r3, lr}
  33              		.cfi_def_cfa_offset 8
  34              		.cfi_offset 3, -8
  35              		.cfi_offset 14, -4
  58:ZumoLibrary/rtos_main.c ****     (void) p; // we don't use this parameter
  59:ZumoLibrary/rtos_main.c ****     zmain();
  36              		.loc 1 59 0
  37 0002 FFF7FEFF 		bl	zmain
  38              	.LVL1:
  60:ZumoLibrary/rtos_main.c ****     printf("\n\n\nERROR - ZMAIN ENDED!!!\n\n");
  39              		.loc 1 60 0
  40 0006 0348     		ldr	r0, .L3
  41 0008 FFF7FEFF 		bl	puts
  42              	.LVL2:
  61:ZumoLibrary/rtos_main.c ****     vTaskSuspend(NULL);
  43              		.loc 1 61 0
  44 000c 0020     		movs	r0, #0
  45 000e FFF7FEFF 		bl	vTaskSuspend
  46              	.LVL3:
  47 0012 08BD     		pop	{r3, pc}
  48              	.L4:
  49              		.align	2
  50              	.L3:
  51 0014 00000000 		.word	.LC0
  52              		.cfi_endproc
  53              	.LFE69:
ARM GAS  C:\Users\samue\AppData\Local\Temp\cc7YDeAP.s 			page 3


  54              		.size	start_zmain, .-start_zmain
  55              		.section	.text.prvHardwareSetup,"ax",%progbits
  56              		.align	2
  57              		.thumb
  58              		.thumb_func
  59              		.type	prvHardwareSetup, %function
  60              	prvHardwareSetup:
  61              	.LFB71:
  62:ZumoLibrary/rtos_main.c **** }
  63:ZumoLibrary/rtos_main.c **** 
  64:ZumoLibrary/rtos_main.c **** int main( void )
  65:ZumoLibrary/rtos_main.c **** {
  66:ZumoLibrary/rtos_main.c ****     /* Place your initialization/startup code here (e.g. MyInst_Start()) */
  67:ZumoLibrary/rtos_main.c **** 	prvHardwareSetup();
  68:ZumoLibrary/rtos_main.c **** 
  69:ZumoLibrary/rtos_main.c ****     
  70:ZumoLibrary/rtos_main.c ****     /* Task initializations */
  71:ZumoLibrary/rtos_main.c ****     vSerial1PortInitMinimal(256);
  72:ZumoLibrary/rtos_main.c ****     RetargetInit();
  73:ZumoLibrary/rtos_main.c ****     DebugUartTaskInit();
  74:ZumoLibrary/rtos_main.c ****     MQTTSendTaskInit();
  75:ZumoLibrary/rtos_main.c ****     
  76:ZumoLibrary/rtos_main.c **** 	/* Start tasks. */
  77:ZumoLibrary/rtos_main.c ****   	//( void ) xTaskCreate( DebugUartTask, "DbgUart", configMINIMAL_STACK_SIZE, NULL, tskIDLE_PRIORI
  78:ZumoLibrary/rtos_main.c ****   	//( void ) xTaskCreate( DebugCommandTask, "DbgCmd", configMINIMAL_STACK_SIZE * 3, NULL, tskIDLE_
  79:ZumoLibrary/rtos_main.c ****   	( void ) xTaskCreate( start_zmain, "Zumo", configMINIMAL_STACK_SIZE * 10, NULL, tskIDLE_PRIORITY
  80:ZumoLibrary/rtos_main.c **** #if START_MQTT == 1   
  81:ZumoLibrary/rtos_main.c ****   	( void ) xTaskCreate( MQTTSendTask, "MQTT_send", configMINIMAL_STACK_SIZE * 10, NULL, tskIDLE_PR
  82:ZumoLibrary/rtos_main.c **** #endif    
  83:ZumoLibrary/rtos_main.c ****     
  84:ZumoLibrary/rtos_main.c **** 	/* Will only get here if there was insufficient memory to create the idle
  85:ZumoLibrary/rtos_main.c ****     task.  The idle task is created within vTaskStartScheduler(). */
  86:ZumoLibrary/rtos_main.c **** 	vTaskStartScheduler();
  87:ZumoLibrary/rtos_main.c **** 
  88:ZumoLibrary/rtos_main.c **** 	/* Should never reach here as the kernel will now be running.  If
  89:ZumoLibrary/rtos_main.c **** 	vTaskStartScheduler() does return then it is very likely that there was
  90:ZumoLibrary/rtos_main.c **** 	insufficient (FreeRTOS) heap space available to create all the tasks,
  91:ZumoLibrary/rtos_main.c **** 	including the idle task that is created within vTaskStartScheduler() itself. */
  92:ZumoLibrary/rtos_main.c **** 	for( ;; );
  93:ZumoLibrary/rtos_main.c **** }
  94:ZumoLibrary/rtos_main.c **** /*---------------------------------------------------------------------------*/
  95:ZumoLibrary/rtos_main.c **** 
  96:ZumoLibrary/rtos_main.c **** void prvHardwareSetup( void )
  97:ZumoLibrary/rtos_main.c **** {
  62              		.loc 1 97 0
  63              		.cfi_startproc
  64              		@ args = 0, pretend = 0, frame = 0
  65              		@ frame_needed = 0, uses_anonymous_args = 0
  66 0000 08B5     		push	{r3, lr}
  67              		.cfi_def_cfa_offset 8
  68              		.cfi_offset 3, -8
  69              		.cfi_offset 14, -4
  98:ZumoLibrary/rtos_main.c **** /* Port layer functions that need to be copied into the vector table. */
  99:ZumoLibrary/rtos_main.c **** extern void xPortPendSVHandler( void );
 100:ZumoLibrary/rtos_main.c **** extern void xPortSysTickHandler( void );
 101:ZumoLibrary/rtos_main.c **** extern void vPortSVCHandler( void );
 102:ZumoLibrary/rtos_main.c **** extern cyisraddress CyRamVectors[];
ARM GAS  C:\Users\samue\AppData\Local\Temp\cc7YDeAP.s 			page 4


 103:ZumoLibrary/rtos_main.c **** 
 104:ZumoLibrary/rtos_main.c **** 	/* Install the OS Interrupt Handlers. */
 105:ZumoLibrary/rtos_main.c **** 	CyRamVectors[ 11 ] = ( cyisraddress ) vPortSVCHandler;
  70              		.loc 1 105 0
  71 0002 064B     		ldr	r3, .L7
  72 0004 064A     		ldr	r2, .L7+4
  73 0006 DA62     		str	r2, [r3, #44]
 106:ZumoLibrary/rtos_main.c **** 	CyRamVectors[ 14 ] = ( cyisraddress ) xPortPendSVHandler;
  74              		.loc 1 106 0
  75 0008 064A     		ldr	r2, .L7+8
  76 000a 9A63     		str	r2, [r3, #56]
 107:ZumoLibrary/rtos_main.c **** 	CyRamVectors[ 15 ] = ( cyisraddress ) xPortSysTickHandler;
  77              		.loc 1 107 0
  78 000c 064A     		ldr	r2, .L7+12
  79 000e DA63     		str	r2, [r3, #60]
 108:ZumoLibrary/rtos_main.c **** 
 109:ZumoLibrary/rtos_main.c **** 	/* Start-up the peripherals. */
 110:ZumoLibrary/rtos_main.c **** 	UART_1_Start();
  80              		.loc 1 110 0
  81 0010 FFF7FEFF 		bl	UART_1_Start
  82              	.LVL4:
 111:ZumoLibrary/rtos_main.c ****     UART_2_Start();
  83              		.loc 1 111 0
  84 0014 FFF7FEFF 		bl	UART_2_Start
  85              	.LVL5:
  86 0018 08BD     		pop	{r3, pc}
  87              	.L8:
  88 001a 00BF     		.align	2
  89              	.L7:
  90 001c 00000000 		.word	CyRamVectors
  91 0020 00000000 		.word	vPortSVCHandler
  92 0024 00000000 		.word	xPortPendSVHandler
  93 0028 00000000 		.word	xPortSysTickHandler
  94              		.cfi_endproc
  95              	.LFE71:
  96              		.size	prvHardwareSetup, .-prvHardwareSetup
  97              		.section	.text.main,"ax",%progbits
  98              		.align	2
  99              		.global	main
 100              		.thumb
 101              		.thumb_func
 102              		.type	main, %function
 103              	main:
 104              	.LFB70:
  65:ZumoLibrary/rtos_main.c ****     /* Place your initialization/startup code here (e.g. MyInst_Start()) */
 105              		.loc 1 65 0
 106              		.cfi_startproc
 107              		@ Volatile: function does not return.
 108              		@ args = 0, pretend = 0, frame = 0
 109              		@ frame_needed = 0, uses_anonymous_args = 0
 110 0000 00B5     		push	{lr}
 111              		.cfi_def_cfa_offset 4
 112              		.cfi_offset 14, -4
 113 0002 83B0     		sub	sp, sp, #12
 114              		.cfi_def_cfa_offset 16
  67:ZumoLibrary/rtos_main.c **** 
 115              		.loc 1 67 0
ARM GAS  C:\Users\samue\AppData\Local\Temp\cc7YDeAP.s 			page 5


 116 0004 FFF7FEFF 		bl	prvHardwareSetup
 117              	.LVL6:
  71:ZumoLibrary/rtos_main.c ****     RetargetInit();
 118              		.loc 1 71 0
 119 0008 4FF48070 		mov	r0, #256
 120 000c FFF7FEFF 		bl	vSerial1PortInitMinimal
 121              	.LVL7:
  72:ZumoLibrary/rtos_main.c ****     DebugUartTaskInit();
 122              		.loc 1 72 0
 123 0010 FFF7FEFF 		bl	RetargetInit
 124              	.LVL8:
  73:ZumoLibrary/rtos_main.c ****     MQTTSendTaskInit();
 125              		.loc 1 73 0
 126 0014 FFF7FEFF 		bl	DebugUartTaskInit
 127              	.LVL9:
  74:ZumoLibrary/rtos_main.c ****     
 128              		.loc 1 74 0
 129 0018 FFF7FEFF 		bl	MQTTSendTaskInit
 130              	.LVL10:
  79:ZumoLibrary/rtos_main.c **** #if START_MQTT == 1   
 131              		.loc 1 79 0
 132 001c 0024     		movs	r4, #0
 133 001e 0194     		str	r4, [sp, #4]
 134 0020 0123     		movs	r3, #1
 135 0022 0093     		str	r3, [sp]
 136 0024 2346     		mov	r3, r4
 137 0026 4FF47A72 		mov	r2, #1000
 138 002a 0849     		ldr	r1, .L12
 139 002c 0848     		ldr	r0, .L12+4
 140 002e FFF7FEFF 		bl	xTaskCreate
 141              	.LVL11:
  81:ZumoLibrary/rtos_main.c **** #endif    
 142              		.loc 1 81 0
 143 0032 0194     		str	r4, [sp, #4]
 144 0034 0223     		movs	r3, #2
 145 0036 0093     		str	r3, [sp]
 146 0038 2346     		mov	r3, r4
 147 003a 4FF47A72 		mov	r2, #1000
 148 003e 0549     		ldr	r1, .L12+8
 149 0040 0548     		ldr	r0, .L12+12
 150 0042 FFF7FEFF 		bl	xTaskCreate
 151              	.LVL12:
  86:ZumoLibrary/rtos_main.c **** 
 152              		.loc 1 86 0
 153 0046 FFF7FEFF 		bl	vTaskStartScheduler
 154              	.LVL13:
 155              	.L10:
 156 004a FEE7     		b	.L10
 157              	.L13:
 158              		.align	2
 159              	.L12:
 160 004c 1C000000 		.word	.LC1
 161 0050 00000000 		.word	start_zmain
 162 0054 24000000 		.word	.LC2
 163 0058 00000000 		.word	MQTTSendTask
 164              		.cfi_endproc
 165              	.LFE70:
ARM GAS  C:\Users\samue\AppData\Local\Temp\cc7YDeAP.s 			page 6


 166              		.size	main, .-main
 167              		.section	.text.vApplicationStackOverflowHook,"ax",%progbits
 168              		.align	2
 169              		.global	vApplicationStackOverflowHook
 170              		.thumb
 171              		.thumb_func
 172              		.type	vApplicationStackOverflowHook, %function
 173              	vApplicationStackOverflowHook:
 174              	.LFB72:
 112:ZumoLibrary/rtos_main.c **** 
 113:ZumoLibrary/rtos_main.c **** }
 114:ZumoLibrary/rtos_main.c **** /*---------------------------------------------------------------------------*/
 115:ZumoLibrary/rtos_main.c **** 
 116:ZumoLibrary/rtos_main.c **** 
 117:ZumoLibrary/rtos_main.c **** /*---------------------------------------------------------------------------*/
 118:ZumoLibrary/rtos_main.c **** 
 119:ZumoLibrary/rtos_main.c **** void vApplicationStackOverflowHook( TaskHandle_t pxTask, char *pcTaskName )
 120:ZumoLibrary/rtos_main.c **** {
 175              		.loc 1 120 0
 176              		.cfi_startproc
 177              		@ Volatile: function does not return.
 178              		@ args = 0, pretend = 0, frame = 0
 179              		@ frame_needed = 0, uses_anonymous_args = 0
 180              		@ link register save eliminated.
 181              	.LVL14:
 182              	.LBB6:
 183              	.LBB7:
 184              		.file 2 "..\\FreeRTOS\\Source\\portable\\GCC\\ARM_CM3/portmacro.h"
   1:..\FreeRTOS\Source\portable\GCC\ARM_CM3/portmacro.h **** /*
   2:..\FreeRTOS\Source\portable\GCC\ARM_CM3/portmacro.h ****  * FreeRTOS Kernel V10.0.1
   3:..\FreeRTOS\Source\portable\GCC\ARM_CM3/portmacro.h ****  * Copyright (C) 2017 Amazon.com, Inc. or its affiliates.  All Rights Reserved.
   4:..\FreeRTOS\Source\portable\GCC\ARM_CM3/portmacro.h ****  *
   5:..\FreeRTOS\Source\portable\GCC\ARM_CM3/portmacro.h ****  * Permission is hereby granted, free of charge, to any person obtaining a copy of
   6:..\FreeRTOS\Source\portable\GCC\ARM_CM3/portmacro.h ****  * this software and associated documentation files (the "Software"), to deal in
   7:..\FreeRTOS\Source\portable\GCC\ARM_CM3/portmacro.h ****  * the Software without restriction, including without limitation the rights to
   8:..\FreeRTOS\Source\portable\GCC\ARM_CM3/portmacro.h ****  * use, copy, modify, merge, publish, distribute, sublicense, and/or sell copies of
   9:..\FreeRTOS\Source\portable\GCC\ARM_CM3/portmacro.h ****  * the Software, and to permit persons to whom the Software is furnished to do so,
  10:..\FreeRTOS\Source\portable\GCC\ARM_CM3/portmacro.h ****  * subject to the following conditions:
  11:..\FreeRTOS\Source\portable\GCC\ARM_CM3/portmacro.h ****  *
  12:..\FreeRTOS\Source\portable\GCC\ARM_CM3/portmacro.h ****  * The above copyright notice and this permission notice shall be included in all
  13:..\FreeRTOS\Source\portable\GCC\ARM_CM3/portmacro.h ****  * copies or substantial portions of the Software.
  14:..\FreeRTOS\Source\portable\GCC\ARM_CM3/portmacro.h ****  *
  15:..\FreeRTOS\Source\portable\GCC\ARM_CM3/portmacro.h ****  * THE SOFTWARE IS PROVIDED "AS IS", WITHOUT WARRANTY OF ANY KIND, EXPRESS OR
  16:..\FreeRTOS\Source\portable\GCC\ARM_CM3/portmacro.h ****  * IMPLIED, INCLUDING BUT NOT LIMITED TO THE WARRANTIES OF MERCHANTABILITY, FITNESS
  17:..\FreeRTOS\Source\portable\GCC\ARM_CM3/portmacro.h ****  * FOR A PARTICULAR PURPOSE AND NONINFRINGEMENT. IN NO EVENT SHALL THE AUTHORS OR
  18:..\FreeRTOS\Source\portable\GCC\ARM_CM3/portmacro.h ****  * COPYRIGHT HOLDERS BE LIABLE FOR ANY CLAIM, DAMAGES OR OTHER LIABILITY, WHETHER
  19:..\FreeRTOS\Source\portable\GCC\ARM_CM3/portmacro.h ****  * IN AN ACTION OF CONTRACT, TORT OR OTHERWISE, ARISING FROM, OUT OF OR IN
  20:..\FreeRTOS\Source\portable\GCC\ARM_CM3/portmacro.h ****  * CONNECTION WITH THE SOFTWARE OR THE USE OR OTHER DEALINGS IN THE SOFTWARE.
  21:..\FreeRTOS\Source\portable\GCC\ARM_CM3/portmacro.h ****  *
  22:..\FreeRTOS\Source\portable\GCC\ARM_CM3/portmacro.h ****  * http://www.FreeRTOS.org
  23:..\FreeRTOS\Source\portable\GCC\ARM_CM3/portmacro.h ****  * http://aws.amazon.com/freertos
  24:..\FreeRTOS\Source\portable\GCC\ARM_CM3/portmacro.h ****  *
  25:..\FreeRTOS\Source\portable\GCC\ARM_CM3/portmacro.h ****  * 1 tab == 4 spaces!
  26:..\FreeRTOS\Source\portable\GCC\ARM_CM3/portmacro.h ****  */
  27:..\FreeRTOS\Source\portable\GCC\ARM_CM3/portmacro.h **** 
  28:..\FreeRTOS\Source\portable\GCC\ARM_CM3/portmacro.h **** 
  29:..\FreeRTOS\Source\portable\GCC\ARM_CM3/portmacro.h **** #ifndef PORTMACRO_H
ARM GAS  C:\Users\samue\AppData\Local\Temp\cc7YDeAP.s 			page 7


  30:..\FreeRTOS\Source\portable\GCC\ARM_CM3/portmacro.h **** #define PORTMACRO_H
  31:..\FreeRTOS\Source\portable\GCC\ARM_CM3/portmacro.h **** 
  32:..\FreeRTOS\Source\portable\GCC\ARM_CM3/portmacro.h **** #ifdef __cplusplus
  33:..\FreeRTOS\Source\portable\GCC\ARM_CM3/portmacro.h **** extern "C" {
  34:..\FreeRTOS\Source\portable\GCC\ARM_CM3/portmacro.h **** #endif
  35:..\FreeRTOS\Source\portable\GCC\ARM_CM3/portmacro.h **** 
  36:..\FreeRTOS\Source\portable\GCC\ARM_CM3/portmacro.h **** /*-----------------------------------------------------------
  37:..\FreeRTOS\Source\portable\GCC\ARM_CM3/portmacro.h ****  * Port specific definitions.
  38:..\FreeRTOS\Source\portable\GCC\ARM_CM3/portmacro.h ****  *
  39:..\FreeRTOS\Source\portable\GCC\ARM_CM3/portmacro.h ****  * The settings in this file configure FreeRTOS correctly for the
  40:..\FreeRTOS\Source\portable\GCC\ARM_CM3/portmacro.h ****  * given hardware and compiler.
  41:..\FreeRTOS\Source\portable\GCC\ARM_CM3/portmacro.h ****  *
  42:..\FreeRTOS\Source\portable\GCC\ARM_CM3/portmacro.h ****  * These settings should not be altered.
  43:..\FreeRTOS\Source\portable\GCC\ARM_CM3/portmacro.h ****  *-----------------------------------------------------------
  44:..\FreeRTOS\Source\portable\GCC\ARM_CM3/portmacro.h ****  */
  45:..\FreeRTOS\Source\portable\GCC\ARM_CM3/portmacro.h **** 
  46:..\FreeRTOS\Source\portable\GCC\ARM_CM3/portmacro.h **** /* Type definitions. */
  47:..\FreeRTOS\Source\portable\GCC\ARM_CM3/portmacro.h **** #define portCHAR		char
  48:..\FreeRTOS\Source\portable\GCC\ARM_CM3/portmacro.h **** #define portFLOAT		float
  49:..\FreeRTOS\Source\portable\GCC\ARM_CM3/portmacro.h **** #define portDOUBLE		double
  50:..\FreeRTOS\Source\portable\GCC\ARM_CM3/portmacro.h **** #define portLONG		long
  51:..\FreeRTOS\Source\portable\GCC\ARM_CM3/portmacro.h **** #define portSHORT		short
  52:..\FreeRTOS\Source\portable\GCC\ARM_CM3/portmacro.h **** #define portSTACK_TYPE	uint32_t
  53:..\FreeRTOS\Source\portable\GCC\ARM_CM3/portmacro.h **** #define portBASE_TYPE	long
  54:..\FreeRTOS\Source\portable\GCC\ARM_CM3/portmacro.h **** 
  55:..\FreeRTOS\Source\portable\GCC\ARM_CM3/portmacro.h **** typedef portSTACK_TYPE StackType_t;
  56:..\FreeRTOS\Source\portable\GCC\ARM_CM3/portmacro.h **** typedef long BaseType_t;
  57:..\FreeRTOS\Source\portable\GCC\ARM_CM3/portmacro.h **** typedef unsigned long UBaseType_t;
  58:..\FreeRTOS\Source\portable\GCC\ARM_CM3/portmacro.h **** 
  59:..\FreeRTOS\Source\portable\GCC\ARM_CM3/portmacro.h **** #if( configUSE_16_BIT_TICKS == 1 )
  60:..\FreeRTOS\Source\portable\GCC\ARM_CM3/portmacro.h **** 	typedef uint16_t TickType_t;
  61:..\FreeRTOS\Source\portable\GCC\ARM_CM3/portmacro.h **** 	#define portMAX_DELAY ( TickType_t ) 0xffff
  62:..\FreeRTOS\Source\portable\GCC\ARM_CM3/portmacro.h **** #else
  63:..\FreeRTOS\Source\portable\GCC\ARM_CM3/portmacro.h **** 	typedef uint32_t TickType_t;
  64:..\FreeRTOS\Source\portable\GCC\ARM_CM3/portmacro.h **** 	#define portMAX_DELAY ( TickType_t ) 0xffffffffUL
  65:..\FreeRTOS\Source\portable\GCC\ARM_CM3/portmacro.h **** 
  66:..\FreeRTOS\Source\portable\GCC\ARM_CM3/portmacro.h **** 	/* 32-bit tick type on a 32-bit architecture, so reads of the tick count do
  67:..\FreeRTOS\Source\portable\GCC\ARM_CM3/portmacro.h **** 	not need to be guarded with a critical section. */
  68:..\FreeRTOS\Source\portable\GCC\ARM_CM3/portmacro.h **** 	#define portTICK_TYPE_IS_ATOMIC 1
  69:..\FreeRTOS\Source\portable\GCC\ARM_CM3/portmacro.h **** #endif
  70:..\FreeRTOS\Source\portable\GCC\ARM_CM3/portmacro.h **** /*-----------------------------------------------------------*/
  71:..\FreeRTOS\Source\portable\GCC\ARM_CM3/portmacro.h **** 
  72:..\FreeRTOS\Source\portable\GCC\ARM_CM3/portmacro.h **** /* Architecture specifics. */
  73:..\FreeRTOS\Source\portable\GCC\ARM_CM3/portmacro.h **** #define portSTACK_GROWTH			( -1 )
  74:..\FreeRTOS\Source\portable\GCC\ARM_CM3/portmacro.h **** #define portTICK_PERIOD_MS			( ( TickType_t ) 1000 / configTICK_RATE_HZ )
  75:..\FreeRTOS\Source\portable\GCC\ARM_CM3/portmacro.h **** #define portBYTE_ALIGNMENT			8
  76:..\FreeRTOS\Source\portable\GCC\ARM_CM3/portmacro.h **** /*-----------------------------------------------------------*/
  77:..\FreeRTOS\Source\portable\GCC\ARM_CM3/portmacro.h **** 
  78:..\FreeRTOS\Source\portable\GCC\ARM_CM3/portmacro.h **** /* Scheduler utilities. */
  79:..\FreeRTOS\Source\portable\GCC\ARM_CM3/portmacro.h **** #define portYIELD() 															\
  80:..\FreeRTOS\Source\portable\GCC\ARM_CM3/portmacro.h **** {																				\
  81:..\FreeRTOS\Source\portable\GCC\ARM_CM3/portmacro.h **** 	/* Set a PendSV to request a context switch. */								\
  82:..\FreeRTOS\Source\portable\GCC\ARM_CM3/portmacro.h **** 	portNVIC_INT_CTRL_REG = portNVIC_PENDSVSET_BIT;								\
  83:..\FreeRTOS\Source\portable\GCC\ARM_CM3/portmacro.h **** 																				\
  84:..\FreeRTOS\Source\portable\GCC\ARM_CM3/portmacro.h **** 	/* Barriers are normally not required but do ensure the code is completely	\
  85:..\FreeRTOS\Source\portable\GCC\ARM_CM3/portmacro.h **** 	within the specified behaviour for the architecture. */						\
  86:..\FreeRTOS\Source\portable\GCC\ARM_CM3/portmacro.h **** 	__asm volatile( "dsb" ::: "memory" );										\
ARM GAS  C:\Users\samue\AppData\Local\Temp\cc7YDeAP.s 			page 8


  87:..\FreeRTOS\Source\portable\GCC\ARM_CM3/portmacro.h **** 	__asm volatile( "isb" );													\
  88:..\FreeRTOS\Source\portable\GCC\ARM_CM3/portmacro.h **** }
  89:..\FreeRTOS\Source\portable\GCC\ARM_CM3/portmacro.h **** 
  90:..\FreeRTOS\Source\portable\GCC\ARM_CM3/portmacro.h **** #define portNVIC_INT_CTRL_REG		( * ( ( volatile uint32_t * ) 0xe000ed04 ) )
  91:..\FreeRTOS\Source\portable\GCC\ARM_CM3/portmacro.h **** #define portNVIC_PENDSVSET_BIT		( 1UL << 28UL )
  92:..\FreeRTOS\Source\portable\GCC\ARM_CM3/portmacro.h **** #define portEND_SWITCHING_ISR( xSwitchRequired ) if( xSwitchRequired != pdFALSE ) portYIELD()
  93:..\FreeRTOS\Source\portable\GCC\ARM_CM3/portmacro.h **** #define portYIELD_FROM_ISR( x ) portEND_SWITCHING_ISR( x )
  94:..\FreeRTOS\Source\portable\GCC\ARM_CM3/portmacro.h **** /*-----------------------------------------------------------*/
  95:..\FreeRTOS\Source\portable\GCC\ARM_CM3/portmacro.h **** 
  96:..\FreeRTOS\Source\portable\GCC\ARM_CM3/portmacro.h **** /* Critical section management. */
  97:..\FreeRTOS\Source\portable\GCC\ARM_CM3/portmacro.h **** extern void vPortEnterCritical( void );
  98:..\FreeRTOS\Source\portable\GCC\ARM_CM3/portmacro.h **** extern void vPortExitCritical( void );
  99:..\FreeRTOS\Source\portable\GCC\ARM_CM3/portmacro.h **** #define portSET_INTERRUPT_MASK_FROM_ISR()		ulPortRaiseBASEPRI()
 100:..\FreeRTOS\Source\portable\GCC\ARM_CM3/portmacro.h **** #define portCLEAR_INTERRUPT_MASK_FROM_ISR(x)	vPortSetBASEPRI(x)
 101:..\FreeRTOS\Source\portable\GCC\ARM_CM3/portmacro.h **** #define portDISABLE_INTERRUPTS()				vPortRaiseBASEPRI()
 102:..\FreeRTOS\Source\portable\GCC\ARM_CM3/portmacro.h **** #define portENABLE_INTERRUPTS()					vPortSetBASEPRI(0)
 103:..\FreeRTOS\Source\portable\GCC\ARM_CM3/portmacro.h **** #define portENTER_CRITICAL()					vPortEnterCritical()
 104:..\FreeRTOS\Source\portable\GCC\ARM_CM3/portmacro.h **** #define portEXIT_CRITICAL()						vPortExitCritical()
 105:..\FreeRTOS\Source\portable\GCC\ARM_CM3/portmacro.h **** 
 106:..\FreeRTOS\Source\portable\GCC\ARM_CM3/portmacro.h **** /*-----------------------------------------------------------*/
 107:..\FreeRTOS\Source\portable\GCC\ARM_CM3/portmacro.h **** 
 108:..\FreeRTOS\Source\portable\GCC\ARM_CM3/portmacro.h **** /* Task function macros as described on the FreeRTOS.org WEB site.  These are
 109:..\FreeRTOS\Source\portable\GCC\ARM_CM3/portmacro.h **** not necessary for to use this port.  They are defined so the common demo files
 110:..\FreeRTOS\Source\portable\GCC\ARM_CM3/portmacro.h **** (which build with all the ports) will build. */
 111:..\FreeRTOS\Source\portable\GCC\ARM_CM3/portmacro.h **** #define portTASK_FUNCTION_PROTO( vFunction, pvParameters ) void vFunction( void *pvParameters )
 112:..\FreeRTOS\Source\portable\GCC\ARM_CM3/portmacro.h **** #define portTASK_FUNCTION( vFunction, pvParameters ) void vFunction( void *pvParameters )
 113:..\FreeRTOS\Source\portable\GCC\ARM_CM3/portmacro.h **** /*-----------------------------------------------------------*/
 114:..\FreeRTOS\Source\portable\GCC\ARM_CM3/portmacro.h **** 
 115:..\FreeRTOS\Source\portable\GCC\ARM_CM3/portmacro.h **** /* Tickless idle/low power functionality. */
 116:..\FreeRTOS\Source\portable\GCC\ARM_CM3/portmacro.h **** #ifndef portSUPPRESS_TICKS_AND_SLEEP
 117:..\FreeRTOS\Source\portable\GCC\ARM_CM3/portmacro.h **** 	extern void vPortSuppressTicksAndSleep( TickType_t xExpectedIdleTime );
 118:..\FreeRTOS\Source\portable\GCC\ARM_CM3/portmacro.h **** 	#define portSUPPRESS_TICKS_AND_SLEEP( xExpectedIdleTime ) vPortSuppressTicksAndSleep( xExpectedIdl
 119:..\FreeRTOS\Source\portable\GCC\ARM_CM3/portmacro.h **** #endif
 120:..\FreeRTOS\Source\portable\GCC\ARM_CM3/portmacro.h **** /*-----------------------------------------------------------*/
 121:..\FreeRTOS\Source\portable\GCC\ARM_CM3/portmacro.h **** 
 122:..\FreeRTOS\Source\portable\GCC\ARM_CM3/portmacro.h **** /* Architecture specific optimisations. */
 123:..\FreeRTOS\Source\portable\GCC\ARM_CM3/portmacro.h **** #ifndef configUSE_PORT_OPTIMISED_TASK_SELECTION
 124:..\FreeRTOS\Source\portable\GCC\ARM_CM3/portmacro.h **** 	#define configUSE_PORT_OPTIMISED_TASK_SELECTION 1
 125:..\FreeRTOS\Source\portable\GCC\ARM_CM3/portmacro.h **** #endif
 126:..\FreeRTOS\Source\portable\GCC\ARM_CM3/portmacro.h **** 
 127:..\FreeRTOS\Source\portable\GCC\ARM_CM3/portmacro.h **** #if configUSE_PORT_OPTIMISED_TASK_SELECTION == 1
 128:..\FreeRTOS\Source\portable\GCC\ARM_CM3/portmacro.h **** 
 129:..\FreeRTOS\Source\portable\GCC\ARM_CM3/portmacro.h **** 	/* Generic helper function. */
 130:..\FreeRTOS\Source\portable\GCC\ARM_CM3/portmacro.h **** 	__attribute__( ( always_inline ) ) static inline uint8_t ucPortCountLeadingZeros( uint32_t ulBitma
 131:..\FreeRTOS\Source\portable\GCC\ARM_CM3/portmacro.h **** 	{
 132:..\FreeRTOS\Source\portable\GCC\ARM_CM3/portmacro.h **** 	uint8_t ucReturn;
 133:..\FreeRTOS\Source\portable\GCC\ARM_CM3/portmacro.h **** 
 134:..\FreeRTOS\Source\portable\GCC\ARM_CM3/portmacro.h **** 		__asm volatile ( "clz %0, %1" : "=r" ( ucReturn ) : "r" ( ulBitmap ) : "memory" );
 135:..\FreeRTOS\Source\portable\GCC\ARM_CM3/portmacro.h **** 		return ucReturn;
 136:..\FreeRTOS\Source\portable\GCC\ARM_CM3/portmacro.h **** 	}
 137:..\FreeRTOS\Source\portable\GCC\ARM_CM3/portmacro.h **** 
 138:..\FreeRTOS\Source\portable\GCC\ARM_CM3/portmacro.h **** 	/* Check the configuration. */
 139:..\FreeRTOS\Source\portable\GCC\ARM_CM3/portmacro.h **** 	#if( configMAX_PRIORITIES > 32 )
 140:..\FreeRTOS\Source\portable\GCC\ARM_CM3/portmacro.h **** 		#error configUSE_PORT_OPTIMISED_TASK_SELECTION can only be set to 1 when configMAX_PRIORITIES is 
 141:..\FreeRTOS\Source\portable\GCC\ARM_CM3/portmacro.h **** 	#endif
 142:..\FreeRTOS\Source\portable\GCC\ARM_CM3/portmacro.h **** 
 143:..\FreeRTOS\Source\portable\GCC\ARM_CM3/portmacro.h **** 	/* Store/clear the ready priorities in a bit map. */
ARM GAS  C:\Users\samue\AppData\Local\Temp\cc7YDeAP.s 			page 9


 144:..\FreeRTOS\Source\portable\GCC\ARM_CM3/portmacro.h **** 	#define portRECORD_READY_PRIORITY( uxPriority, uxReadyPriorities ) ( uxReadyPriorities ) |= ( 1UL 
 145:..\FreeRTOS\Source\portable\GCC\ARM_CM3/portmacro.h **** 	#define portRESET_READY_PRIORITY( uxPriority, uxReadyPriorities ) ( uxReadyPriorities ) &= ~( 1UL 
 146:..\FreeRTOS\Source\portable\GCC\ARM_CM3/portmacro.h **** 
 147:..\FreeRTOS\Source\portable\GCC\ARM_CM3/portmacro.h **** 	/*-----------------------------------------------------------*/
 148:..\FreeRTOS\Source\portable\GCC\ARM_CM3/portmacro.h **** 
 149:..\FreeRTOS\Source\portable\GCC\ARM_CM3/portmacro.h **** 	#define portGET_HIGHEST_PRIORITY( uxTopPriority, uxReadyPriorities ) uxTopPriority = ( 31UL - ( ui
 150:..\FreeRTOS\Source\portable\GCC\ARM_CM3/portmacro.h **** 
 151:..\FreeRTOS\Source\portable\GCC\ARM_CM3/portmacro.h **** #endif /* configUSE_PORT_OPTIMISED_TASK_SELECTION */
 152:..\FreeRTOS\Source\portable\GCC\ARM_CM3/portmacro.h **** 
 153:..\FreeRTOS\Source\portable\GCC\ARM_CM3/portmacro.h **** /*-----------------------------------------------------------*/
 154:..\FreeRTOS\Source\portable\GCC\ARM_CM3/portmacro.h **** 
 155:..\FreeRTOS\Source\portable\GCC\ARM_CM3/portmacro.h **** #ifdef configASSERT
 156:..\FreeRTOS\Source\portable\GCC\ARM_CM3/portmacro.h **** 	void vPortValidateInterruptPriority( void );
 157:..\FreeRTOS\Source\portable\GCC\ARM_CM3/portmacro.h **** 	#define portASSERT_IF_INTERRUPT_PRIORITY_INVALID() 	vPortValidateInterruptPriority()
 158:..\FreeRTOS\Source\portable\GCC\ARM_CM3/portmacro.h **** #endif
 159:..\FreeRTOS\Source\portable\GCC\ARM_CM3/portmacro.h **** 
 160:..\FreeRTOS\Source\portable\GCC\ARM_CM3/portmacro.h **** /* portNOP() is not required by this port. */
 161:..\FreeRTOS\Source\portable\GCC\ARM_CM3/portmacro.h **** #define portNOP()
 162:..\FreeRTOS\Source\portable\GCC\ARM_CM3/portmacro.h **** 
 163:..\FreeRTOS\Source\portable\GCC\ARM_CM3/portmacro.h **** #define portINLINE	__inline
 164:..\FreeRTOS\Source\portable\GCC\ARM_CM3/portmacro.h **** 
 165:..\FreeRTOS\Source\portable\GCC\ARM_CM3/portmacro.h **** #ifndef portFORCE_INLINE
 166:..\FreeRTOS\Source\portable\GCC\ARM_CM3/portmacro.h **** 	#define portFORCE_INLINE inline __attribute__(( always_inline))
 167:..\FreeRTOS\Source\portable\GCC\ARM_CM3/portmacro.h **** #endif
 168:..\FreeRTOS\Source\portable\GCC\ARM_CM3/portmacro.h **** 
 169:..\FreeRTOS\Source\portable\GCC\ARM_CM3/portmacro.h **** portFORCE_INLINE static BaseType_t xPortIsInsideInterrupt( void )
 170:..\FreeRTOS\Source\portable\GCC\ARM_CM3/portmacro.h **** {
 171:..\FreeRTOS\Source\portable\GCC\ARM_CM3/portmacro.h **** uint32_t ulCurrentInterrupt;
 172:..\FreeRTOS\Source\portable\GCC\ARM_CM3/portmacro.h **** BaseType_t xReturn;
 173:..\FreeRTOS\Source\portable\GCC\ARM_CM3/portmacro.h **** 
 174:..\FreeRTOS\Source\portable\GCC\ARM_CM3/portmacro.h **** 	/* Obtain the number of the currently executing interrupt. */
 175:..\FreeRTOS\Source\portable\GCC\ARM_CM3/portmacro.h **** 	__asm volatile( "mrs %0, ipsr" : "=r"( ulCurrentInterrupt ) :: "memory" );
 176:..\FreeRTOS\Source\portable\GCC\ARM_CM3/portmacro.h **** 
 177:..\FreeRTOS\Source\portable\GCC\ARM_CM3/portmacro.h **** 	if( ulCurrentInterrupt == 0 )
 178:..\FreeRTOS\Source\portable\GCC\ARM_CM3/portmacro.h **** 	{
 179:..\FreeRTOS\Source\portable\GCC\ARM_CM3/portmacro.h **** 		xReturn = pdFALSE;
 180:..\FreeRTOS\Source\portable\GCC\ARM_CM3/portmacro.h **** 	}
 181:..\FreeRTOS\Source\portable\GCC\ARM_CM3/portmacro.h **** 	else
 182:..\FreeRTOS\Source\portable\GCC\ARM_CM3/portmacro.h **** 	{
 183:..\FreeRTOS\Source\portable\GCC\ARM_CM3/portmacro.h **** 		xReturn = pdTRUE;
 184:..\FreeRTOS\Source\portable\GCC\ARM_CM3/portmacro.h **** 	}
 185:..\FreeRTOS\Source\portable\GCC\ARM_CM3/portmacro.h **** 
 186:..\FreeRTOS\Source\portable\GCC\ARM_CM3/portmacro.h **** 	return xReturn;
 187:..\FreeRTOS\Source\portable\GCC\ARM_CM3/portmacro.h **** }
 188:..\FreeRTOS\Source\portable\GCC\ARM_CM3/portmacro.h **** 
 189:..\FreeRTOS\Source\portable\GCC\ARM_CM3/portmacro.h **** /*-----------------------------------------------------------*/
 190:..\FreeRTOS\Source\portable\GCC\ARM_CM3/portmacro.h **** 
 191:..\FreeRTOS\Source\portable\GCC\ARM_CM3/portmacro.h **** portFORCE_INLINE static void vPortRaiseBASEPRI( void )
 192:..\FreeRTOS\Source\portable\GCC\ARM_CM3/portmacro.h **** {
 193:..\FreeRTOS\Source\portable\GCC\ARM_CM3/portmacro.h **** uint32_t ulNewBASEPRI;
 194:..\FreeRTOS\Source\portable\GCC\ARM_CM3/portmacro.h **** 
 195:..\FreeRTOS\Source\portable\GCC\ARM_CM3/portmacro.h **** 	__asm volatile
 185              		.loc 2 195 0
 186              		.syntax unified
 187              	@ 195 "..\FreeRTOS\Source\portable\GCC\ARM_CM3/portmacro.h" 1
 188 0000 4FF0A003 			mov r3, #160												
 189 0004 83F31188 		msr basepri, r3											
ARM GAS  C:\Users\samue\AppData\Local\Temp\cc7YDeAP.s 			page 10


 190 0008 BFF36F8F 		isb														
 191 000c BFF34F8F 		dsb														
 192              	
 193              	@ 0 "" 2
 194              	.LVL15:
 195              		.thumb
 196              		.syntax unified
 197              	.L15:
 198 0010 FEE7     		b	.L15
 199              	.LBE7:
 200              	.LBE6:
 201              		.cfi_endproc
 202              	.LFE72:
 203              		.size	vApplicationStackOverflowHook, .-vApplicationStackOverflowHook
 204 0012 00BF     		.section	.text.vApplicationMallocFailedHook,"ax",%progbits
 205              		.align	2
 206              		.global	vApplicationMallocFailedHook
 207              		.thumb
 208              		.thumb_func
 209              		.type	vApplicationMallocFailedHook, %function
 210              	vApplicationMallocFailedHook:
 211              	.LFB73:
 121:ZumoLibrary/rtos_main.c ****     (void) pxTask;
 122:ZumoLibrary/rtos_main.c ****     (void) pcTaskName;
 123:ZumoLibrary/rtos_main.c **** 	/* The stack space has been execeeded for a task, considering allocating more. */
 124:ZumoLibrary/rtos_main.c **** 	taskDISABLE_INTERRUPTS();
 125:ZumoLibrary/rtos_main.c **** 	for( ;; );
 126:ZumoLibrary/rtos_main.c **** }
 127:ZumoLibrary/rtos_main.c **** /*---------------------------------------------------------------------------*/
 128:ZumoLibrary/rtos_main.c **** 
 129:ZumoLibrary/rtos_main.c **** void vApplicationMallocFailedHook( void )
 130:ZumoLibrary/rtos_main.c **** {
 212              		.loc 1 130 0
 213              		.cfi_startproc
 214              		@ Volatile: function does not return.
 215              		@ args = 0, pretend = 0, frame = 0
 216              		@ frame_needed = 0, uses_anonymous_args = 0
 217              		@ link register save eliminated.
 218              	.LBB8:
 219              	.LBB9:
 220              		.loc 2 195 0
 221              		.syntax unified
 222              	@ 195 "..\FreeRTOS\Source\portable\GCC\ARM_CM3/portmacro.h" 1
 223 0000 4FF0A003 			mov r3, #160												
 224 0004 83F31188 		msr basepri, r3											
 225 0008 BFF36F8F 		isb														
 226 000c BFF34F8F 		dsb														
 227              	
 228              	@ 0 "" 2
 229              	.LVL16:
 230              		.thumb
 231              		.syntax unified
 232              	.L17:
 233 0010 FEE7     		b	.L17
 234              	.LBE9:
 235              	.LBE8:
 236              		.cfi_endproc
ARM GAS  C:\Users\samue\AppData\Local\Temp\cc7YDeAP.s 			page 11


 237              	.LFE73:
 238              		.size	vApplicationMallocFailedHook, .-vApplicationMallocFailedHook
 239 0012 00BF     		.section	.rodata.str1.4,"aMS",%progbits,1
 240              		.align	2
 241              	.LC0:
 242 0000 0A0A0A45 		.ascii	"\012\012\012ERROR - ZMAIN ENDED!!!\012\000"
 242      52524F52 
 242      202D205A 
 242      4D41494E 
 242      20454E44 
 243 001b 00       		.space	1
 244              	.LC1:
 245 001c 5A756D6F 		.ascii	"Zumo\000"
 245      00
 246 0021 000000   		.space	3
 247              	.LC2:
 248 0024 4D515454 		.ascii	"MQTT_send\000"
 248      5F73656E 
 248      6400
 249              		.text
 250              	.Letext0:
 251              		.file 3 "c:\\program files (x86)\\cypress\\psoc creator\\4.2\\psoc creator\\import\\gnu\\arm\\5.4.
 252              		.file 4 "c:\\program files (x86)\\cypress\\psoc creator\\4.2\\psoc creator\\import\\gnu\\arm\\5.4.
 253              		.file 5 "Generated_Source\\PSoC5/cytypes.h"
 254              		.file 6 "..\\FreeRTOS\\Source\\include/task.h"
 255              		.file 7 "Generated_Source\\PSoC5/core_cm3.h"
 256              		.file 8 "Generated_Source\\PSoC5/UART_1.h"
 257              		.file 9 "Generated_Source\\PSoC5/UART_2.h"
 258              		.file 10 "ZumoLibrary\\serial1.h"
 259              		.file 11 "ZumoLibrary\\debug_uart.h"
 260              		.file 12 "ZumoLibrary\\mqtt_sender.h"
 261              		.file 13 "<built-in>"
 262              		.section	.debug_info,"",%progbits
 263              	.Ldebug_info0:
 264 0000 8C030000 		.4byte	0x38c
 265 0004 0400     		.2byte	0x4
 266 0006 00000000 		.4byte	.Ldebug_abbrev0
 267 000a 04       		.byte	0x4
 268 000b 01       		.uleb128 0x1
 269 000c A0000000 		.4byte	.LASF42
 270 0010 0C       		.byte	0xc
 271 0011 A4010000 		.4byte	.LASF43
 272 0015 E3020000 		.4byte	.LASF44
 273 0019 00000000 		.4byte	.Ldebug_ranges0+0
 274 001d 00000000 		.4byte	0
 275 0021 00000000 		.4byte	.Ldebug_line0
 276 0025 02       		.uleb128 0x2
 277 0026 01       		.byte	0x1
 278 0027 06       		.byte	0x6
 279 0028 18030000 		.4byte	.LASF0
 280 002c 02       		.uleb128 0x2
 281 002d 01       		.byte	0x1
 282 002e 08       		.byte	0x8
 283 002f 92000000 		.4byte	.LASF1
 284 0033 02       		.uleb128 0x2
 285 0034 02       		.byte	0x2
 286 0035 05       		.byte	0x5
ARM GAS  C:\Users\samue\AppData\Local\Temp\cc7YDeAP.s 			page 12


 287 0036 98020000 		.4byte	.LASF2
 288 003a 02       		.uleb128 0x2
 289 003b 02       		.byte	0x2
 290 003c 07       		.byte	0x7
 291 003d 4B010000 		.4byte	.LASF3
 292 0041 03       		.uleb128 0x3
 293 0042 39000000 		.4byte	.LASF5
 294 0046 03       		.byte	0x3
 295 0047 3F       		.byte	0x3f
 296 0048 4C000000 		.4byte	0x4c
 297 004c 02       		.uleb128 0x2
 298 004d 04       		.byte	0x4
 299 004e 05       		.byte	0x5
 300 004f D5020000 		.4byte	.LASF4
 301 0053 03       		.uleb128 0x3
 302 0054 2E010000 		.4byte	.LASF6
 303 0058 03       		.byte	0x3
 304 0059 41       		.byte	0x41
 305 005a 5E000000 		.4byte	0x5e
 306 005e 02       		.uleb128 0x2
 307 005f 04       		.byte	0x4
 308 0060 07       		.byte	0x7
 309 0061 39010000 		.4byte	.LASF7
 310 0065 02       		.uleb128 0x2
 311 0066 08       		.byte	0x8
 312 0067 05       		.byte	0x5
 313 0068 00000000 		.4byte	.LASF8
 314 006c 02       		.uleb128 0x2
 315 006d 08       		.byte	0x8
 316 006e 07       		.byte	0x7
 317 006f F4010000 		.4byte	.LASF9
 318 0073 04       		.uleb128 0x4
 319 0074 04       		.byte	0x4
 320 0075 05       		.byte	0x5
 321 0076 696E7400 		.ascii	"int\000"
 322 007a 02       		.uleb128 0x2
 323 007b 04       		.byte	0x4
 324 007c 07       		.byte	0x7
 325 007d D6010000 		.4byte	.LASF10
 326 0081 03       		.uleb128 0x3
 327 0082 75000000 		.4byte	.LASF11
 328 0086 04       		.byte	0x4
 329 0087 2C       		.byte	0x2c
 330 0088 41000000 		.4byte	0x41
 331 008c 03       		.uleb128 0x3
 332 008d CC020000 		.4byte	.LASF12
 333 0091 04       		.byte	0x4
 334 0092 30       		.byte	0x30
 335 0093 53000000 		.4byte	0x53
 336 0097 02       		.uleb128 0x2
 337 0098 04       		.byte	0x4
 338 0099 04       		.byte	0x4
 339 009a 7D000000 		.4byte	.LASF13
 340 009e 02       		.uleb128 0x2
 341 009f 08       		.byte	0x8
 342 00a0 04       		.byte	0x4
 343 00a1 6B010000 		.4byte	.LASF14
ARM GAS  C:\Users\samue\AppData\Local\Temp\cc7YDeAP.s 			page 13


 344 00a5 02       		.uleb128 0x2
 345 00a6 01       		.byte	0x1
 346 00a7 08       		.byte	0x8
 347 00a8 70020000 		.4byte	.LASF15
 348 00ac 05       		.uleb128 0x5
 349 00ad 0B020000 		.4byte	.LASF16
 350 00b1 05       		.byte	0x5
 351 00b2 A002     		.2byte	0x2a0
 352 00b4 B8000000 		.4byte	0xb8
 353 00b8 06       		.uleb128 0x6
 354 00b9 04       		.byte	0x4
 355 00ba BE000000 		.4byte	0xbe
 356 00be 07       		.uleb128 0x7
 357 00bf 02       		.uleb128 0x2
 358 00c0 08       		.byte	0x8
 359 00c1 04       		.byte	0x4
 360 00c2 4E020000 		.4byte	.LASF17
 361 00c6 02       		.uleb128 0x2
 362 00c7 04       		.byte	0x4
 363 00c8 07       		.byte	0x7
 364 00c9 5A020000 		.4byte	.LASF18
 365 00cd 08       		.uleb128 0x8
 366 00ce 04       		.byte	0x4
 367 00cf 06       		.uleb128 0x6
 368 00d0 04       		.byte	0x4
 369 00d1 A5000000 		.4byte	0xa5
 370 00d5 03       		.uleb128 0x3
 371 00d6 24030000 		.4byte	.LASF19
 372 00da 02       		.byte	0x2
 373 00db 39       		.byte	0x39
 374 00dc 5E000000 		.4byte	0x5e
 375 00e0 03       		.uleb128 0x3
 376 00e1 BF020000 		.4byte	.LASF20
 377 00e5 06       		.byte	0x6
 378 00e6 3D       		.byte	0x3d
 379 00e7 CD000000 		.4byte	0xcd
 380 00eb 09       		.uleb128 0x9
 381 00ec 43000000 		.4byte	.LASF45
 382 00f0 02       		.byte	0x2
 383 00f1 BF       		.byte	0xbf
 384 00f2 03       		.byte	0x3
 385 00f3 03010000 		.4byte	0x103
 386 00f7 0A       		.uleb128 0xa
 387 00f8 8A010000 		.4byte	.LASF46
 388 00fc 02       		.byte	0x2
 389 00fd C1       		.byte	0xc1
 390 00fe 8C000000 		.4byte	0x8c
 391 0102 00       		.byte	0
 392 0103 0B       		.uleb128 0xb
 393 0104 85020000 		.4byte	.LASF21
 394 0108 01       		.byte	0x1
 395 0109 39       		.byte	0x39
 396 010a 00000000 		.4byte	.LFB69
 397 010e 18000000 		.4byte	.LFE69-.LFB69
 398 0112 01       		.uleb128 0x1
 399 0113 9C       		.byte	0x9c
 400 0114 55010000 		.4byte	0x155
ARM GAS  C:\Users\samue\AppData\Local\Temp\cc7YDeAP.s 			page 14


 401 0118 0C       		.uleb128 0xc
 402 0119 7000     		.ascii	"p\000"
 403 011b 01       		.byte	0x1
 404 011c 39       		.byte	0x39
 405 011d CD000000 		.4byte	0xcd
 406 0121 00000000 		.4byte	.LLST0
 407 0125 0D       		.uleb128 0xd
 408 0126 06000000 		.4byte	.LVL1
 409 012a 0F030000 		.4byte	0x30f
 410 012e 0E       		.uleb128 0xe
 411 012f 0C000000 		.4byte	.LVL2
 412 0133 1A030000 		.4byte	0x31a
 413 0137 45010000 		.4byte	0x145
 414 013b 0F       		.uleb128 0xf
 415 013c 01       		.uleb128 0x1
 416 013d 50       		.byte	0x50
 417 013e 05       		.uleb128 0x5
 418 013f 03       		.byte	0x3
 419 0140 00000000 		.4byte	.LC0
 420 0144 00       		.byte	0
 421 0145 10       		.uleb128 0x10
 422 0146 12000000 		.4byte	.LVL3
 423 014a 29030000 		.4byte	0x329
 424 014e 0F       		.uleb128 0xf
 425 014f 01       		.uleb128 0x1
 426 0150 50       		.byte	0x50
 427 0151 01       		.uleb128 0x1
 428 0152 30       		.byte	0x30
 429 0153 00       		.byte	0
 430 0154 00       		.byte	0
 431 0155 0B       		.uleb128 0xb
 432 0156 30030000 		.4byte	.LASF22
 433 015a 01       		.byte	0x1
 434 015b 60       		.byte	0x60
 435 015c 00000000 		.4byte	.LFB71
 436 0160 2C000000 		.4byte	.LFE71-.LFB71
 437 0164 01       		.uleb128 0x1
 438 0165 9C       		.byte	0x9c
 439 0166 9D010000 		.4byte	0x19d
 440 016a 11       		.uleb128 0x11
 441 016b 55000000 		.4byte	.LASF23
 442 016f 01       		.byte	0x1
 443 0170 63       		.byte	0x63
 444 0171 11       		.uleb128 0x11
 445 0172 BC010000 		.4byte	.LASF24
 446 0176 01       		.byte	0x1
 447 0177 64       		.byte	0x64
 448 0178 11       		.uleb128 0x11
 449 0179 75020000 		.4byte	.LASF25
 450 017d 01       		.byte	0x1
 451 017e 65       		.byte	0x65
 452 017f 12       		.uleb128 0x12
 453 0180 2C000000 		.4byte	.LASF30
 454 0184 01       		.byte	0x1
 455 0185 66       		.byte	0x66
 456 0186 9D010000 		.4byte	0x19d
 457 018a 0D       		.uleb128 0xd
ARM GAS  C:\Users\samue\AppData\Local\Temp\cc7YDeAP.s 			page 15


 458 018b 14000000 		.4byte	.LVL4
 459 018f 35030000 		.4byte	0x335
 460 0193 0D       		.uleb128 0xd
 461 0194 18000000 		.4byte	.LVL5
 462 0198 40030000 		.4byte	0x340
 463 019c 00       		.byte	0
 464 019d 13       		.uleb128 0x13
 465 019e AC000000 		.4byte	0xac
 466 01a2 A8010000 		.4byte	0x1a8
 467 01a6 14       		.uleb128 0x14
 468 01a7 00       		.byte	0
 469 01a8 15       		.uleb128 0x15
 470 01a9 49020000 		.4byte	.LASF47
 471 01ad 01       		.byte	0x1
 472 01ae 40       		.byte	0x40
 473 01af 73000000 		.4byte	0x73
 474 01b3 00000000 		.4byte	.LFB70
 475 01b7 5C000000 		.4byte	.LFE70-.LFB70
 476 01bb 01       		.uleb128 0x1
 477 01bc 9C       		.byte	0x9c
 478 01bd 6F020000 		.4byte	0x26f
 479 01c1 0D       		.uleb128 0xd
 480 01c2 08000000 		.4byte	.LVL6
 481 01c6 55010000 		.4byte	0x155
 482 01ca 0E       		.uleb128 0xe
 483 01cb 10000000 		.4byte	.LVL7
 484 01cf 4B030000 		.4byte	0x34b
 485 01d3 DF010000 		.4byte	0x1df
 486 01d7 0F       		.uleb128 0xf
 487 01d8 01       		.uleb128 0x1
 488 01d9 50       		.byte	0x50
 489 01da 03       		.uleb128 0x3
 490 01db 0A       		.byte	0xa
 491 01dc 0001     		.2byte	0x100
 492 01de 00       		.byte	0
 493 01df 0D       		.uleb128 0xd
 494 01e0 14000000 		.4byte	.LVL8
 495 01e4 56030000 		.4byte	0x356
 496 01e8 0D       		.uleb128 0xd
 497 01e9 18000000 		.4byte	.LVL9
 498 01ed 61030000 		.4byte	0x361
 499 01f1 0D       		.uleb128 0xd
 500 01f2 1C000000 		.4byte	.LVL10
 501 01f6 6C030000 		.4byte	0x36c
 502 01fa 0E       		.uleb128 0xe
 503 01fb 32000000 		.4byte	.LVL11
 504 01ff 77030000 		.4byte	0x377
 505 0203 34020000 		.4byte	0x234
 506 0207 0F       		.uleb128 0xf
 507 0208 01       		.uleb128 0x1
 508 0209 50       		.byte	0x50
 509 020a 05       		.uleb128 0x5
 510 020b 03       		.byte	0x3
 511 020c 00000000 		.4byte	start_zmain
 512 0210 0F       		.uleb128 0xf
 513 0211 01       		.uleb128 0x1
 514 0212 51       		.byte	0x51
ARM GAS  C:\Users\samue\AppData\Local\Temp\cc7YDeAP.s 			page 16


 515 0213 05       		.uleb128 0x5
 516 0214 03       		.byte	0x3
 517 0215 1C000000 		.4byte	.LC1
 518 0219 0F       		.uleb128 0xf
 519 021a 01       		.uleb128 0x1
 520 021b 52       		.byte	0x52
 521 021c 03       		.uleb128 0x3
 522 021d 0A       		.byte	0xa
 523 021e E803     		.2byte	0x3e8
 524 0220 0F       		.uleb128 0xf
 525 0221 01       		.uleb128 0x1
 526 0222 53       		.byte	0x53
 527 0223 02       		.uleb128 0x2
 528 0224 74       		.byte	0x74
 529 0225 00       		.sleb128 0
 530 0226 0F       		.uleb128 0xf
 531 0227 02       		.uleb128 0x2
 532 0228 7D       		.byte	0x7d
 533 0229 00       		.sleb128 0
 534 022a 01       		.uleb128 0x1
 535 022b 31       		.byte	0x31
 536 022c 0F       		.uleb128 0xf
 537 022d 02       		.uleb128 0x2
 538 022e 7D       		.byte	0x7d
 539 022f 04       		.sleb128 4
 540 0230 02       		.uleb128 0x2
 541 0231 74       		.byte	0x74
 542 0232 00       		.sleb128 0
 543 0233 00       		.byte	0
 544 0234 0E       		.uleb128 0xe
 545 0235 46000000 		.4byte	.LVL12
 546 0239 77030000 		.4byte	0x377
 547 023d 65020000 		.4byte	0x265
 548 0241 0F       		.uleb128 0xf
 549 0242 01       		.uleb128 0x1
 550 0243 51       		.byte	0x51
 551 0244 05       		.uleb128 0x5
 552 0245 03       		.byte	0x3
 553 0246 24000000 		.4byte	.LC2
 554 024a 0F       		.uleb128 0xf
 555 024b 01       		.uleb128 0x1
 556 024c 52       		.byte	0x52
 557 024d 03       		.uleb128 0x3
 558 024e 0A       		.byte	0xa
 559 024f E803     		.2byte	0x3e8
 560 0251 0F       		.uleb128 0xf
 561 0252 01       		.uleb128 0x1
 562 0253 53       		.byte	0x53
 563 0254 02       		.uleb128 0x2
 564 0255 74       		.byte	0x74
 565 0256 00       		.sleb128 0
 566 0257 0F       		.uleb128 0xf
 567 0258 02       		.uleb128 0x2
 568 0259 7D       		.byte	0x7d
 569 025a 00       		.sleb128 0
 570 025b 01       		.uleb128 0x1
 571 025c 32       		.byte	0x32
ARM GAS  C:\Users\samue\AppData\Local\Temp\cc7YDeAP.s 			page 17


 572 025d 0F       		.uleb128 0xf
 573 025e 02       		.uleb128 0x2
 574 025f 7D       		.byte	0x7d
 575 0260 04       		.sleb128 4
 576 0261 02       		.uleb128 0x2
 577 0262 74       		.byte	0x74
 578 0263 00       		.sleb128 0
 579 0264 00       		.byte	0
 580 0265 0D       		.uleb128 0xd
 581 0266 4A000000 		.4byte	.LVL13
 582 026a 83030000 		.4byte	0x383
 583 026e 00       		.byte	0
 584 026f 16       		.uleb128 0x16
 585 0270 0E000000 		.4byte	.LASF28
 586 0274 01       		.byte	0x1
 587 0275 77       		.byte	0x77
 588 0276 00000000 		.4byte	.LFB72
 589 027a 12000000 		.4byte	.LFE72-.LFB72
 590 027e 01       		.uleb128 0x1
 591 027f 9C       		.byte	0x9c
 592 0280 BE020000 		.4byte	0x2be
 593 0284 17       		.uleb128 0x17
 594 0285 91020000 		.4byte	.LASF26
 595 0289 01       		.byte	0x1
 596 028a 77       		.byte	0x77
 597 028b E0000000 		.4byte	0xe0
 598 028f 01       		.uleb128 0x1
 599 0290 50       		.byte	0x50
 600 0291 17       		.uleb128 0x17
 601 0292 A2020000 		.4byte	.LASF27
 602 0296 01       		.byte	0x1
 603 0297 77       		.byte	0x77
 604 0298 CF000000 		.4byte	0xcf
 605 029c 01       		.uleb128 0x1
 606 029d 51       		.byte	0x51
 607 029e 18       		.uleb128 0x18
 608 029f EB000000 		.4byte	0xeb
 609 02a3 00000000 		.4byte	.LBB6
 610 02a7 12000000 		.4byte	.LBE6-.LBB6
 611 02ab 01       		.byte	0x1
 612 02ac 7C       		.byte	0x7c
 613 02ad 19       		.uleb128 0x19
 614 02ae 00000000 		.4byte	.LBB7
 615 02b2 12000000 		.4byte	.LBE7-.LBB7
 616 02b6 1A       		.uleb128 0x1a
 617 02b7 F7000000 		.4byte	0xf7
 618 02bb 00       		.byte	0
 619 02bc 00       		.byte	0
 620 02bd 00       		.byte	0
 621 02be 16       		.uleb128 0x16
 622 02bf 2C020000 		.4byte	.LASF29
 623 02c3 01       		.byte	0x1
 624 02c4 81       		.byte	0x81
 625 02c5 00000000 		.4byte	.LFB73
 626 02c9 12000000 		.4byte	.LFE73-.LFB73
 627 02cd 01       		.uleb128 0x1
 628 02ce 9C       		.byte	0x9c
ARM GAS  C:\Users\samue\AppData\Local\Temp\cc7YDeAP.s 			page 18


 629 02cf F3020000 		.4byte	0x2f3
 630 02d3 18       		.uleb128 0x18
 631 02d4 EB000000 		.4byte	0xeb
 632 02d8 00000000 		.4byte	.LBB8
 633 02dc 12000000 		.4byte	.LBE8-.LBB8
 634 02e0 01       		.byte	0x1
 635 02e1 84       		.byte	0x84
 636 02e2 19       		.uleb128 0x19
 637 02e3 00000000 		.4byte	.LBB9
 638 02e7 12000000 		.4byte	.LBE9-.LBB9
 639 02eb 1A       		.uleb128 0x1a
 640 02ec F7000000 		.4byte	0xf7
 641 02f0 00       		.byte	0
 642 02f1 00       		.byte	0
 643 02f2 00       		.byte	0
 644 02f3 1B       		.uleb128 0x1b
 645 02f4 5E010000 		.4byte	.LASF31
 646 02f8 07       		.byte	0x7
 647 02f9 1207     		.2byte	0x712
 648 02fb FF020000 		.4byte	0x2ff
 649 02ff 1C       		.uleb128 0x1c
 650 0300 81000000 		.4byte	0x81
 651 0304 12       		.uleb128 0x12
 652 0305 2C000000 		.4byte	.LASF30
 653 0309 01       		.byte	0x1
 654 030a 66       		.byte	0x66
 655 030b 9D010000 		.4byte	0x19d
 656 030f 1D       		.uleb128 0x1d
 657 0310 D0010000 		.4byte	.LASF32
 658 0314 D0010000 		.4byte	.LASF32
 659 0318 01       		.byte	0x1
 660 0319 31       		.byte	0x31
 661 031a 1E       		.uleb128 0x1e
 662 031b DE020000 		.4byte	.LASF48
 663 031f 83000000 		.4byte	.LASF49
 664 0323 0D       		.byte	0xd
 665 0324 00       		.byte	0
 666 0325 DE020000 		.4byte	.LASF48
 667 0329 1F       		.uleb128 0x1f
 668 032a 68000000 		.4byte	.LASF33
 669 032e 68000000 		.4byte	.LASF33
 670 0332 06       		.byte	0x6
 671 0333 1F04     		.2byte	0x41f
 672 0335 1D       		.uleb128 0x1d
 673 0336 4D030000 		.4byte	.LASF34
 674 033a 4D030000 		.4byte	.LASF34
 675 033e 08       		.byte	0x8
 676 033f 54       		.byte	0x54
 677 0340 1D       		.uleb128 0x1d
 678 0341 63020000 		.4byte	.LASF35
 679 0345 63020000 		.4byte	.LASF35
 680 0349 09       		.byte	0x9
 681 034a 54       		.byte	0x54
 682 034b 1D       		.uleb128 0x1d
 683 034c 72010000 		.4byte	.LASF36
 684 0350 72010000 		.4byte	.LASF36
 685 0354 0A       		.byte	0xa
ARM GAS  C:\Users\samue\AppData\Local\Temp\cc7YDeAP.s 			page 19


 686 0355 22       		.byte	0x22
 687 0356 1D       		.uleb128 0x1d
 688 0357 97010000 		.4byte	.LASF37
 689 035b 97010000 		.4byte	.LASF37
 690 035f 0A       		.byte	0xa
 691 0360 21       		.byte	0x21
 692 0361 1D       		.uleb128 0x1d
 693 0362 AD020000 		.4byte	.LASF38
 694 0366 AD020000 		.4byte	.LASF38
 695 036a 0B       		.byte	0xb
 696 036b 05       		.byte	0x5
 697 036c 1D       		.uleb128 0x1d
 698 036d E3010000 		.4byte	.LASF39
 699 0371 E3010000 		.4byte	.LASF39
 700 0375 0C       		.byte	0xc
 701 0376 06       		.byte	0x6
 702 0377 1F       		.uleb128 0x1f
 703 0378 41030000 		.4byte	.LASF40
 704 037c 41030000 		.4byte	.LASF40
 705 0380 06       		.byte	0x6
 706 0381 4101     		.2byte	0x141
 707 0383 1F       		.uleb128 0x1f
 708 0384 18020000 		.4byte	.LASF41
 709 0388 18020000 		.4byte	.LASF41
 710 038c 06       		.byte	0x6
 711 038d 8E04     		.2byte	0x48e
 712 038f 00       		.byte	0
 713              		.section	.debug_abbrev,"",%progbits
 714              	.Ldebug_abbrev0:
 715 0000 01       		.uleb128 0x1
 716 0001 11       		.uleb128 0x11
 717 0002 01       		.byte	0x1
 718 0003 25       		.uleb128 0x25
 719 0004 0E       		.uleb128 0xe
 720 0005 13       		.uleb128 0x13
 721 0006 0B       		.uleb128 0xb
 722 0007 03       		.uleb128 0x3
 723 0008 0E       		.uleb128 0xe
 724 0009 1B       		.uleb128 0x1b
 725 000a 0E       		.uleb128 0xe
 726 000b 55       		.uleb128 0x55
 727 000c 17       		.uleb128 0x17
 728 000d 11       		.uleb128 0x11
 729 000e 01       		.uleb128 0x1
 730 000f 10       		.uleb128 0x10
 731 0010 17       		.uleb128 0x17
 732 0011 00       		.byte	0
 733 0012 00       		.byte	0
 734 0013 02       		.uleb128 0x2
 735 0014 24       		.uleb128 0x24
 736 0015 00       		.byte	0
 737 0016 0B       		.uleb128 0xb
 738 0017 0B       		.uleb128 0xb
 739 0018 3E       		.uleb128 0x3e
 740 0019 0B       		.uleb128 0xb
 741 001a 03       		.uleb128 0x3
 742 001b 0E       		.uleb128 0xe
ARM GAS  C:\Users\samue\AppData\Local\Temp\cc7YDeAP.s 			page 20


 743 001c 00       		.byte	0
 744 001d 00       		.byte	0
 745 001e 03       		.uleb128 0x3
 746 001f 16       		.uleb128 0x16
 747 0020 00       		.byte	0
 748 0021 03       		.uleb128 0x3
 749 0022 0E       		.uleb128 0xe
 750 0023 3A       		.uleb128 0x3a
 751 0024 0B       		.uleb128 0xb
 752 0025 3B       		.uleb128 0x3b
 753 0026 0B       		.uleb128 0xb
 754 0027 49       		.uleb128 0x49
 755 0028 13       		.uleb128 0x13
 756 0029 00       		.byte	0
 757 002a 00       		.byte	0
 758 002b 04       		.uleb128 0x4
 759 002c 24       		.uleb128 0x24
 760 002d 00       		.byte	0
 761 002e 0B       		.uleb128 0xb
 762 002f 0B       		.uleb128 0xb
 763 0030 3E       		.uleb128 0x3e
 764 0031 0B       		.uleb128 0xb
 765 0032 03       		.uleb128 0x3
 766 0033 08       		.uleb128 0x8
 767 0034 00       		.byte	0
 768 0035 00       		.byte	0
 769 0036 05       		.uleb128 0x5
 770 0037 16       		.uleb128 0x16
 771 0038 00       		.byte	0
 772 0039 03       		.uleb128 0x3
 773 003a 0E       		.uleb128 0xe
 774 003b 3A       		.uleb128 0x3a
 775 003c 0B       		.uleb128 0xb
 776 003d 3B       		.uleb128 0x3b
 777 003e 05       		.uleb128 0x5
 778 003f 49       		.uleb128 0x49
 779 0040 13       		.uleb128 0x13
 780 0041 00       		.byte	0
 781 0042 00       		.byte	0
 782 0043 06       		.uleb128 0x6
 783 0044 0F       		.uleb128 0xf
 784 0045 00       		.byte	0
 785 0046 0B       		.uleb128 0xb
 786 0047 0B       		.uleb128 0xb
 787 0048 49       		.uleb128 0x49
 788 0049 13       		.uleb128 0x13
 789 004a 00       		.byte	0
 790 004b 00       		.byte	0
 791 004c 07       		.uleb128 0x7
 792 004d 15       		.uleb128 0x15
 793 004e 00       		.byte	0
 794 004f 27       		.uleb128 0x27
 795 0050 19       		.uleb128 0x19
 796 0051 00       		.byte	0
 797 0052 00       		.byte	0
 798 0053 08       		.uleb128 0x8
 799 0054 0F       		.uleb128 0xf
ARM GAS  C:\Users\samue\AppData\Local\Temp\cc7YDeAP.s 			page 21


 800 0055 00       		.byte	0
 801 0056 0B       		.uleb128 0xb
 802 0057 0B       		.uleb128 0xb
 803 0058 00       		.byte	0
 804 0059 00       		.byte	0
 805 005a 09       		.uleb128 0x9
 806 005b 2E       		.uleb128 0x2e
 807 005c 01       		.byte	0x1
 808 005d 03       		.uleb128 0x3
 809 005e 0E       		.uleb128 0xe
 810 005f 3A       		.uleb128 0x3a
 811 0060 0B       		.uleb128 0xb
 812 0061 3B       		.uleb128 0x3b
 813 0062 0B       		.uleb128 0xb
 814 0063 27       		.uleb128 0x27
 815 0064 19       		.uleb128 0x19
 816 0065 20       		.uleb128 0x20
 817 0066 0B       		.uleb128 0xb
 818 0067 01       		.uleb128 0x1
 819 0068 13       		.uleb128 0x13
 820 0069 00       		.byte	0
 821 006a 00       		.byte	0
 822 006b 0A       		.uleb128 0xa
 823 006c 34       		.uleb128 0x34
 824 006d 00       		.byte	0
 825 006e 03       		.uleb128 0x3
 826 006f 0E       		.uleb128 0xe
 827 0070 3A       		.uleb128 0x3a
 828 0071 0B       		.uleb128 0xb
 829 0072 3B       		.uleb128 0x3b
 830 0073 0B       		.uleb128 0xb
 831 0074 49       		.uleb128 0x49
 832 0075 13       		.uleb128 0x13
 833 0076 00       		.byte	0
 834 0077 00       		.byte	0
 835 0078 0B       		.uleb128 0xb
 836 0079 2E       		.uleb128 0x2e
 837 007a 01       		.byte	0x1
 838 007b 03       		.uleb128 0x3
 839 007c 0E       		.uleb128 0xe
 840 007d 3A       		.uleb128 0x3a
 841 007e 0B       		.uleb128 0xb
 842 007f 3B       		.uleb128 0x3b
 843 0080 0B       		.uleb128 0xb
 844 0081 27       		.uleb128 0x27
 845 0082 19       		.uleb128 0x19
 846 0083 11       		.uleb128 0x11
 847 0084 01       		.uleb128 0x1
 848 0085 12       		.uleb128 0x12
 849 0086 06       		.uleb128 0x6
 850 0087 40       		.uleb128 0x40
 851 0088 18       		.uleb128 0x18
 852 0089 9742     		.uleb128 0x2117
 853 008b 19       		.uleb128 0x19
 854 008c 01       		.uleb128 0x1
 855 008d 13       		.uleb128 0x13
 856 008e 00       		.byte	0
ARM GAS  C:\Users\samue\AppData\Local\Temp\cc7YDeAP.s 			page 22


 857 008f 00       		.byte	0
 858 0090 0C       		.uleb128 0xc
 859 0091 05       		.uleb128 0x5
 860 0092 00       		.byte	0
 861 0093 03       		.uleb128 0x3
 862 0094 08       		.uleb128 0x8
 863 0095 3A       		.uleb128 0x3a
 864 0096 0B       		.uleb128 0xb
 865 0097 3B       		.uleb128 0x3b
 866 0098 0B       		.uleb128 0xb
 867 0099 49       		.uleb128 0x49
 868 009a 13       		.uleb128 0x13
 869 009b 02       		.uleb128 0x2
 870 009c 17       		.uleb128 0x17
 871 009d 00       		.byte	0
 872 009e 00       		.byte	0
 873 009f 0D       		.uleb128 0xd
 874 00a0 898201   		.uleb128 0x4109
 875 00a3 00       		.byte	0
 876 00a4 11       		.uleb128 0x11
 877 00a5 01       		.uleb128 0x1
 878 00a6 31       		.uleb128 0x31
 879 00a7 13       		.uleb128 0x13
 880 00a8 00       		.byte	0
 881 00a9 00       		.byte	0
 882 00aa 0E       		.uleb128 0xe
 883 00ab 898201   		.uleb128 0x4109
 884 00ae 01       		.byte	0x1
 885 00af 11       		.uleb128 0x11
 886 00b0 01       		.uleb128 0x1
 887 00b1 31       		.uleb128 0x31
 888 00b2 13       		.uleb128 0x13
 889 00b3 01       		.uleb128 0x1
 890 00b4 13       		.uleb128 0x13
 891 00b5 00       		.byte	0
 892 00b6 00       		.byte	0
 893 00b7 0F       		.uleb128 0xf
 894 00b8 8A8201   		.uleb128 0x410a
 895 00bb 00       		.byte	0
 896 00bc 02       		.uleb128 0x2
 897 00bd 18       		.uleb128 0x18
 898 00be 9142     		.uleb128 0x2111
 899 00c0 18       		.uleb128 0x18
 900 00c1 00       		.byte	0
 901 00c2 00       		.byte	0
 902 00c3 10       		.uleb128 0x10
 903 00c4 898201   		.uleb128 0x4109
 904 00c7 01       		.byte	0x1
 905 00c8 11       		.uleb128 0x11
 906 00c9 01       		.uleb128 0x1
 907 00ca 31       		.uleb128 0x31
 908 00cb 13       		.uleb128 0x13
 909 00cc 00       		.byte	0
 910 00cd 00       		.byte	0
 911 00ce 11       		.uleb128 0x11
 912 00cf 2E       		.uleb128 0x2e
 913 00d0 00       		.byte	0
ARM GAS  C:\Users\samue\AppData\Local\Temp\cc7YDeAP.s 			page 23


 914 00d1 3F       		.uleb128 0x3f
 915 00d2 19       		.uleb128 0x19
 916 00d3 03       		.uleb128 0x3
 917 00d4 0E       		.uleb128 0xe
 918 00d5 3A       		.uleb128 0x3a
 919 00d6 0B       		.uleb128 0xb
 920 00d7 3B       		.uleb128 0x3b
 921 00d8 0B       		.uleb128 0xb
 922 00d9 27       		.uleb128 0x27
 923 00da 19       		.uleb128 0x19
 924 00db 3C       		.uleb128 0x3c
 925 00dc 19       		.uleb128 0x19
 926 00dd 00       		.byte	0
 927 00de 00       		.byte	0
 928 00df 12       		.uleb128 0x12
 929 00e0 34       		.uleb128 0x34
 930 00e1 00       		.byte	0
 931 00e2 03       		.uleb128 0x3
 932 00e3 0E       		.uleb128 0xe
 933 00e4 3A       		.uleb128 0x3a
 934 00e5 0B       		.uleb128 0xb
 935 00e6 3B       		.uleb128 0x3b
 936 00e7 0B       		.uleb128 0xb
 937 00e8 49       		.uleb128 0x49
 938 00e9 13       		.uleb128 0x13
 939 00ea 3F       		.uleb128 0x3f
 940 00eb 19       		.uleb128 0x19
 941 00ec 3C       		.uleb128 0x3c
 942 00ed 19       		.uleb128 0x19
 943 00ee 00       		.byte	0
 944 00ef 00       		.byte	0
 945 00f0 13       		.uleb128 0x13
 946 00f1 01       		.uleb128 0x1
 947 00f2 01       		.byte	0x1
 948 00f3 49       		.uleb128 0x49
 949 00f4 13       		.uleb128 0x13
 950 00f5 01       		.uleb128 0x1
 951 00f6 13       		.uleb128 0x13
 952 00f7 00       		.byte	0
 953 00f8 00       		.byte	0
 954 00f9 14       		.uleb128 0x14
 955 00fa 21       		.uleb128 0x21
 956 00fb 00       		.byte	0
 957 00fc 00       		.byte	0
 958 00fd 00       		.byte	0
 959 00fe 15       		.uleb128 0x15
 960 00ff 2E       		.uleb128 0x2e
 961 0100 01       		.byte	0x1
 962 0101 3F       		.uleb128 0x3f
 963 0102 19       		.uleb128 0x19
 964 0103 03       		.uleb128 0x3
 965 0104 0E       		.uleb128 0xe
 966 0105 3A       		.uleb128 0x3a
 967 0106 0B       		.uleb128 0xb
 968 0107 3B       		.uleb128 0x3b
 969 0108 0B       		.uleb128 0xb
 970 0109 27       		.uleb128 0x27
ARM GAS  C:\Users\samue\AppData\Local\Temp\cc7YDeAP.s 			page 24


 971 010a 19       		.uleb128 0x19
 972 010b 49       		.uleb128 0x49
 973 010c 13       		.uleb128 0x13
 974 010d 8701     		.uleb128 0x87
 975 010f 19       		.uleb128 0x19
 976 0110 11       		.uleb128 0x11
 977 0111 01       		.uleb128 0x1
 978 0112 12       		.uleb128 0x12
 979 0113 06       		.uleb128 0x6
 980 0114 40       		.uleb128 0x40
 981 0115 18       		.uleb128 0x18
 982 0116 9742     		.uleb128 0x2117
 983 0118 19       		.uleb128 0x19
 984 0119 01       		.uleb128 0x1
 985 011a 13       		.uleb128 0x13
 986 011b 00       		.byte	0
 987 011c 00       		.byte	0
 988 011d 16       		.uleb128 0x16
 989 011e 2E       		.uleb128 0x2e
 990 011f 01       		.byte	0x1
 991 0120 3F       		.uleb128 0x3f
 992 0121 19       		.uleb128 0x19
 993 0122 03       		.uleb128 0x3
 994 0123 0E       		.uleb128 0xe
 995 0124 3A       		.uleb128 0x3a
 996 0125 0B       		.uleb128 0xb
 997 0126 3B       		.uleb128 0x3b
 998 0127 0B       		.uleb128 0xb
 999 0128 27       		.uleb128 0x27
 1000 0129 19       		.uleb128 0x19
 1001 012a 8701     		.uleb128 0x87
 1002 012c 19       		.uleb128 0x19
 1003 012d 11       		.uleb128 0x11
 1004 012e 01       		.uleb128 0x1
 1005 012f 12       		.uleb128 0x12
 1006 0130 06       		.uleb128 0x6
 1007 0131 40       		.uleb128 0x40
 1008 0132 18       		.uleb128 0x18
 1009 0133 9742     		.uleb128 0x2117
 1010 0135 19       		.uleb128 0x19
 1011 0136 01       		.uleb128 0x1
 1012 0137 13       		.uleb128 0x13
 1013 0138 00       		.byte	0
 1014 0139 00       		.byte	0
 1015 013a 17       		.uleb128 0x17
 1016 013b 05       		.uleb128 0x5
 1017 013c 00       		.byte	0
 1018 013d 03       		.uleb128 0x3
 1019 013e 0E       		.uleb128 0xe
 1020 013f 3A       		.uleb128 0x3a
 1021 0140 0B       		.uleb128 0xb
 1022 0141 3B       		.uleb128 0x3b
 1023 0142 0B       		.uleb128 0xb
 1024 0143 49       		.uleb128 0x49
 1025 0144 13       		.uleb128 0x13
 1026 0145 02       		.uleb128 0x2
 1027 0146 18       		.uleb128 0x18
ARM GAS  C:\Users\samue\AppData\Local\Temp\cc7YDeAP.s 			page 25


 1028 0147 00       		.byte	0
 1029 0148 00       		.byte	0
 1030 0149 18       		.uleb128 0x18
 1031 014a 1D       		.uleb128 0x1d
 1032 014b 01       		.byte	0x1
 1033 014c 31       		.uleb128 0x31
 1034 014d 13       		.uleb128 0x13
 1035 014e 11       		.uleb128 0x11
 1036 014f 01       		.uleb128 0x1
 1037 0150 12       		.uleb128 0x12
 1038 0151 06       		.uleb128 0x6
 1039 0152 58       		.uleb128 0x58
 1040 0153 0B       		.uleb128 0xb
 1041 0154 59       		.uleb128 0x59
 1042 0155 0B       		.uleb128 0xb
 1043 0156 00       		.byte	0
 1044 0157 00       		.byte	0
 1045 0158 19       		.uleb128 0x19
 1046 0159 0B       		.uleb128 0xb
 1047 015a 01       		.byte	0x1
 1048 015b 11       		.uleb128 0x11
 1049 015c 01       		.uleb128 0x1
 1050 015d 12       		.uleb128 0x12
 1051 015e 06       		.uleb128 0x6
 1052 015f 00       		.byte	0
 1053 0160 00       		.byte	0
 1054 0161 1A       		.uleb128 0x1a
 1055 0162 34       		.uleb128 0x34
 1056 0163 00       		.byte	0
 1057 0164 31       		.uleb128 0x31
 1058 0165 13       		.uleb128 0x13
 1059 0166 00       		.byte	0
 1060 0167 00       		.byte	0
 1061 0168 1B       		.uleb128 0x1b
 1062 0169 34       		.uleb128 0x34
 1063 016a 00       		.byte	0
 1064 016b 03       		.uleb128 0x3
 1065 016c 0E       		.uleb128 0xe
 1066 016d 3A       		.uleb128 0x3a
 1067 016e 0B       		.uleb128 0xb
 1068 016f 3B       		.uleb128 0x3b
 1069 0170 05       		.uleb128 0x5
 1070 0171 49       		.uleb128 0x49
 1071 0172 13       		.uleb128 0x13
 1072 0173 3F       		.uleb128 0x3f
 1073 0174 19       		.uleb128 0x19
 1074 0175 3C       		.uleb128 0x3c
 1075 0176 19       		.uleb128 0x19
 1076 0177 00       		.byte	0
 1077 0178 00       		.byte	0
 1078 0179 1C       		.uleb128 0x1c
 1079 017a 35       		.uleb128 0x35
 1080 017b 00       		.byte	0
 1081 017c 49       		.uleb128 0x49
 1082 017d 13       		.uleb128 0x13
 1083 017e 00       		.byte	0
 1084 017f 00       		.byte	0
ARM GAS  C:\Users\samue\AppData\Local\Temp\cc7YDeAP.s 			page 26


 1085 0180 1D       		.uleb128 0x1d
 1086 0181 2E       		.uleb128 0x2e
 1087 0182 00       		.byte	0
 1088 0183 3F       		.uleb128 0x3f
 1089 0184 19       		.uleb128 0x19
 1090 0185 3C       		.uleb128 0x3c
 1091 0186 19       		.uleb128 0x19
 1092 0187 6E       		.uleb128 0x6e
 1093 0188 0E       		.uleb128 0xe
 1094 0189 03       		.uleb128 0x3
 1095 018a 0E       		.uleb128 0xe
 1096 018b 3A       		.uleb128 0x3a
 1097 018c 0B       		.uleb128 0xb
 1098 018d 3B       		.uleb128 0x3b
 1099 018e 0B       		.uleb128 0xb
 1100 018f 00       		.byte	0
 1101 0190 00       		.byte	0
 1102 0191 1E       		.uleb128 0x1e
 1103 0192 2E       		.uleb128 0x2e
 1104 0193 00       		.byte	0
 1105 0194 3F       		.uleb128 0x3f
 1106 0195 19       		.uleb128 0x19
 1107 0196 3C       		.uleb128 0x3c
 1108 0197 19       		.uleb128 0x19
 1109 0198 6E       		.uleb128 0x6e
 1110 0199 0E       		.uleb128 0xe
 1111 019a 03       		.uleb128 0x3
 1112 019b 0E       		.uleb128 0xe
 1113 019c 3A       		.uleb128 0x3a
 1114 019d 0B       		.uleb128 0xb
 1115 019e 3B       		.uleb128 0x3b
 1116 019f 0B       		.uleb128 0xb
 1117 01a0 6E       		.uleb128 0x6e
 1118 01a1 0E       		.uleb128 0xe
 1119 01a2 00       		.byte	0
 1120 01a3 00       		.byte	0
 1121 01a4 1F       		.uleb128 0x1f
 1122 01a5 2E       		.uleb128 0x2e
 1123 01a6 00       		.byte	0
 1124 01a7 3F       		.uleb128 0x3f
 1125 01a8 19       		.uleb128 0x19
 1126 01a9 3C       		.uleb128 0x3c
 1127 01aa 19       		.uleb128 0x19
 1128 01ab 6E       		.uleb128 0x6e
 1129 01ac 0E       		.uleb128 0xe
 1130 01ad 03       		.uleb128 0x3
 1131 01ae 0E       		.uleb128 0xe
 1132 01af 3A       		.uleb128 0x3a
 1133 01b0 0B       		.uleb128 0xb
 1134 01b1 3B       		.uleb128 0x3b
 1135 01b2 05       		.uleb128 0x5
 1136 01b3 00       		.byte	0
 1137 01b4 00       		.byte	0
 1138 01b5 00       		.byte	0
 1139              		.section	.debug_loc,"",%progbits
 1140              	.Ldebug_loc0:
 1141              	.LLST0:
ARM GAS  C:\Users\samue\AppData\Local\Temp\cc7YDeAP.s 			page 27


 1142 0000 00000000 		.4byte	.LVL0
 1143 0004 05000000 		.4byte	.LVL1-1
 1144 0008 0100     		.2byte	0x1
 1145 000a 50       		.byte	0x50
 1146 000b 05000000 		.4byte	.LVL1-1
 1147 000f 18000000 		.4byte	.LFE69
 1148 0013 0400     		.2byte	0x4
 1149 0015 F3       		.byte	0xf3
 1150 0016 01       		.uleb128 0x1
 1151 0017 50       		.byte	0x50
 1152 0018 9F       		.byte	0x9f
 1153 0019 00000000 		.4byte	0
 1154 001d 00000000 		.4byte	0
 1155              		.section	.debug_aranges,"",%progbits
 1156 0000 3C000000 		.4byte	0x3c
 1157 0004 0200     		.2byte	0x2
 1158 0006 00000000 		.4byte	.Ldebug_info0
 1159 000a 04       		.byte	0x4
 1160 000b 00       		.byte	0
 1161 000c 0000     		.2byte	0
 1162 000e 0000     		.2byte	0
 1163 0010 00000000 		.4byte	.LFB69
 1164 0014 18000000 		.4byte	.LFE69-.LFB69
 1165 0018 00000000 		.4byte	.LFB71
 1166 001c 2C000000 		.4byte	.LFE71-.LFB71
 1167 0020 00000000 		.4byte	.LFB70
 1168 0024 5C000000 		.4byte	.LFE70-.LFB70
 1169 0028 00000000 		.4byte	.LFB72
 1170 002c 12000000 		.4byte	.LFE72-.LFB72
 1171 0030 00000000 		.4byte	.LFB73
 1172 0034 12000000 		.4byte	.LFE73-.LFB73
 1173 0038 00000000 		.4byte	0
 1174 003c 00000000 		.4byte	0
 1175              		.section	.debug_ranges,"",%progbits
 1176              	.Ldebug_ranges0:
 1177 0000 00000000 		.4byte	.LFB69
 1178 0004 18000000 		.4byte	.LFE69
 1179 0008 00000000 		.4byte	.LFB71
 1180 000c 2C000000 		.4byte	.LFE71
 1181 0010 00000000 		.4byte	.LFB70
 1182 0014 5C000000 		.4byte	.LFE70
 1183 0018 00000000 		.4byte	.LFB72
 1184 001c 12000000 		.4byte	.LFE72
 1185 0020 00000000 		.4byte	.LFB73
 1186 0024 12000000 		.4byte	.LFE73
 1187 0028 00000000 		.4byte	0
 1188 002c 00000000 		.4byte	0
 1189              		.section	.debug_line,"",%progbits
 1190              	.Ldebug_line0:
 1191 0000 7E020000 		.section	.debug_str,"MS",%progbits,1
 1191      02000D02 
 1191      00000201 
 1191      FB0E0D00 
 1191      01010101 
 1192              	.LASF8:
 1193 0000 6C6F6E67 		.ascii	"long long int\000"
 1193      206C6F6E 
ARM GAS  C:\Users\samue\AppData\Local\Temp\cc7YDeAP.s 			page 28


 1193      6720696E 
 1193      7400
 1194              	.LASF28:
 1195 000e 76417070 		.ascii	"vApplicationStackOverflowHook\000"
 1195      6C696361 
 1195      74696F6E 
 1195      53746163 
 1195      6B4F7665 
 1196              	.LASF30:
 1197 002c 43795261 		.ascii	"CyRamVectors\000"
 1197      6D566563 
 1197      746F7273 
 1197      00
 1198              	.LASF5:
 1199 0039 5F5F696E 		.ascii	"__int32_t\000"
 1199      7433325F 
 1199      7400
 1200              	.LASF45:
 1201 0043 76506F72 		.ascii	"vPortRaiseBASEPRI\000"
 1201      74526169 
 1201      73654241 
 1201      53455052 
 1201      4900
 1202              	.LASF23:
 1203 0055 78506F72 		.ascii	"xPortPendSVHandler\000"
 1203      7450656E 
 1203      64535648 
 1203      616E646C 
 1203      657200
 1204              	.LASF33:
 1205 0068 76546173 		.ascii	"vTaskSuspend\000"
 1205      6B537573 
 1205      70656E64 
 1205      00
 1206              	.LASF11:
 1207 0075 696E7433 		.ascii	"int32_t\000"
 1207      325F7400 
 1208              	.LASF13:
 1209 007d 666C6F61 		.ascii	"float\000"
 1209      7400
 1210              	.LASF49:
 1211 0083 5F5F6275 		.ascii	"__builtin_puts\000"
 1211      696C7469 
 1211      6E5F7075 
 1211      747300
 1212              	.LASF1:
 1213 0092 756E7369 		.ascii	"unsigned char\000"
 1213      676E6564 
 1213      20636861 
 1213      7200
 1214              	.LASF42:
 1215 00a0 474E5520 		.ascii	"GNU C11 5.4.1 20160609 (release) [ARM/embedded-5-br"
 1215      43313120 
 1215      352E342E 
 1215      31203230 
 1215      31363036 
 1216 00d3 616E6368 		.ascii	"anch revision 237715] -mcpu=cortex-m3 -mthumb -g -O"
ARM GAS  C:\Users\samue\AppData\Local\Temp\cc7YDeAP.s 			page 29


 1216      20726576 
 1216      6973696F 
 1216      6E203233 
 1216      37373135 
 1217 0106 67202D66 		.ascii	"g -ffunction-sections -ffat-lto-objects\000"
 1217      66756E63 
 1217      74696F6E 
 1217      2D736563 
 1217      74696F6E 
 1218              	.LASF6:
 1219 012e 5F5F7569 		.ascii	"__uint32_t\000"
 1219      6E743332 
 1219      5F7400
 1220              	.LASF7:
 1221 0139 6C6F6E67 		.ascii	"long unsigned int\000"
 1221      20756E73 
 1221      69676E65 
 1221      6420696E 
 1221      7400
 1222              	.LASF3:
 1223 014b 73686F72 		.ascii	"short unsigned int\000"
 1223      7420756E 
 1223      7369676E 
 1223      65642069 
 1223      6E7400
 1224              	.LASF31:
 1225 015e 49544D5F 		.ascii	"ITM_RxBuffer\000"
 1225      52784275 
 1225      66666572 
 1225      00
 1226              	.LASF14:
 1227 016b 646F7562 		.ascii	"double\000"
 1227      6C6500
 1228              	.LASF36:
 1229 0172 76536572 		.ascii	"vSerial1PortInitMinimal\000"
 1229      69616C31 
 1229      506F7274 
 1229      496E6974 
 1229      4D696E69 
 1230              	.LASF46:
 1231 018a 756C4E65 		.ascii	"ulNewBASEPRI\000"
 1231      77424153 
 1231      45505249 
 1231      00
 1232              	.LASF37:
 1233 0197 52657461 		.ascii	"RetargetInit\000"
 1233      72676574 
 1233      496E6974 
 1233      00
 1234              	.LASF43:
 1235 01a4 5A756D6F 		.ascii	"ZumoLibrary\\rtos_main.c\000"
 1235      4C696272 
 1235      6172795C 
 1235      72746F73 
 1235      5F6D6169 
 1236              	.LASF24:
 1237 01bc 78506F72 		.ascii	"xPortSysTickHandler\000"
ARM GAS  C:\Users\samue\AppData\Local\Temp\cc7YDeAP.s 			page 30


 1237      74537973 
 1237      5469636B 
 1237      48616E64 
 1237      6C657200 
 1238              	.LASF32:
 1239 01d0 7A6D6169 		.ascii	"zmain\000"
 1239      6E00
 1240              	.LASF10:
 1241 01d6 756E7369 		.ascii	"unsigned int\000"
 1241      676E6564 
 1241      20696E74 
 1241      00
 1242              	.LASF39:
 1243 01e3 4D515454 		.ascii	"MQTTSendTaskInit\000"
 1243      53656E64 
 1243      5461736B 
 1243      496E6974 
 1243      00
 1244              	.LASF9:
 1245 01f4 6C6F6E67 		.ascii	"long long unsigned int\000"
 1245      206C6F6E 
 1245      6720756E 
 1245      7369676E 
 1245      65642069 
 1246              	.LASF16:
 1247 020b 63796973 		.ascii	"cyisraddress\000"
 1247      72616464 
 1247      72657373 
 1247      00
 1248              	.LASF41:
 1249 0218 76546173 		.ascii	"vTaskStartScheduler\000"
 1249      6B537461 
 1249      72745363 
 1249      68656475 
 1249      6C657200 
 1250              	.LASF29:
 1251 022c 76417070 		.ascii	"vApplicationMallocFailedHook\000"
 1251      6C696361 
 1251      74696F6E 
 1251      4D616C6C 
 1251      6F634661 
 1252              	.LASF47:
 1253 0249 6D61696E 		.ascii	"main\000"
 1253      00
 1254              	.LASF17:
 1255 024e 6C6F6E67 		.ascii	"long double\000"
 1255      20646F75 
 1255      626C6500 
 1256              	.LASF18:
 1257 025a 73697A65 		.ascii	"sizetype\000"
 1257      74797065 
 1257      00
 1258              	.LASF35:
 1259 0263 55415254 		.ascii	"UART_2_Start\000"
 1259      5F325F53 
 1259      74617274 
 1259      00
ARM GAS  C:\Users\samue\AppData\Local\Temp\cc7YDeAP.s 			page 31


 1260              	.LASF15:
 1261 0270 63686172 		.ascii	"char\000"
 1261      00
 1262              	.LASF25:
 1263 0275 76506F72 		.ascii	"vPortSVCHandler\000"
 1263      74535643 
 1263      48616E64 
 1263      6C657200 
 1264              	.LASF21:
 1265 0285 73746172 		.ascii	"start_zmain\000"
 1265      745F7A6D 
 1265      61696E00 
 1266              	.LASF26:
 1267 0291 70785461 		.ascii	"pxTask\000"
 1267      736B00
 1268              	.LASF2:
 1269 0298 73686F72 		.ascii	"short int\000"
 1269      7420696E 
 1269      7400
 1270              	.LASF27:
 1271 02a2 70635461 		.ascii	"pcTaskName\000"
 1271      736B4E61 
 1271      6D6500
 1272              	.LASF38:
 1273 02ad 44656275 		.ascii	"DebugUartTaskInit\000"
 1273      67556172 
 1273      74546173 
 1273      6B496E69 
 1273      7400
 1274              	.LASF20:
 1275 02bf 5461736B 		.ascii	"TaskHandle_t\000"
 1275      48616E64 
 1275      6C655F74 
 1275      00
 1276              	.LASF12:
 1277 02cc 75696E74 		.ascii	"uint32_t\000"
 1277      33325F74 
 1277      00
 1278              	.LASF4:
 1279 02d5 6C6F6E67 		.ascii	"long int\000"
 1279      20696E74 
 1279      00
 1280              	.LASF48:
 1281 02de 70757473 		.ascii	"puts\000"
 1281      00
 1282              	.LASF44:
 1283 02e3 433A5C55 		.ascii	"C:\\Users\\samue\\Desktop\\RobotRage2\\Zumo\\ZumoBo"
 1283      73657273 
 1283      5C73616D 
 1283      75655C44 
 1283      65736B74 
 1284 0310 742E6379 		.ascii	"t.cydsn\000"
 1284      64736E00 
 1285              	.LASF0:
 1286 0318 7369676E 		.ascii	"signed char\000"
 1286      65642063 
 1286      68617200 
ARM GAS  C:\Users\samue\AppData\Local\Temp\cc7YDeAP.s 			page 32


 1287              	.LASF19:
 1288 0324 55426173 		.ascii	"UBaseType_t\000"
 1288      65547970 
 1288      655F7400 
 1289              	.LASF22:
 1290 0330 70727648 		.ascii	"prvHardwareSetup\000"
 1290      61726477 
 1290      61726553 
 1290      65747570 
 1290      00
 1291              	.LASF40:
 1292 0341 78546173 		.ascii	"xTaskCreate\000"
 1292      6B437265 
 1292      61746500 
 1293              	.LASF34:
 1294 034d 55415254 		.ascii	"UART_1_Start\000"
 1294      5F315F53 
 1294      74617274 
 1294      00
 1295              		.ident	"GCC: (GNU Tools for ARM Embedded Processors) 5.4.1 20160609 (release) [ARM/embedded-5-bran
