Archive member included to satisfy reference by file (symbol)

.\CortexM3\ARM_GCC_541\Debug\ZumoBot.a(PWM.o)
                              .\CortexM3\ARM_GCC_541\Debug\Motor.o (PWM_Stop)
.\CortexM3\ARM_GCC_541\Debug\ZumoBot.a(I2C.o)
                              .\CortexM3\ARM_GCC_541\Debug\Nunchuk.o (I2C_Start)
.\CortexM3\ARM_GCC_541\Debug\ZumoBot.a(I2C_INT.o)
                              .\CortexM3\ARM_GCC_541\Debug\ZumoBot.a(I2C.o) (I2C_ISR)
.\CortexM3\ARM_GCC_541\Debug\ZumoBot.a(I2C_PM.o)
                              .\CortexM3\ARM_GCC_541\Debug\ZumoBot.a(I2C.o) (I2C_backup)
.\CortexM3\ARM_GCC_541\Debug\ZumoBot.a(I2C_MASTER.o)
                              .\CortexM3\ARM_GCC_541\Debug\Nunchuk.o (I2C_MasterWriteBuf)
.\CortexM3\ARM_GCC_541\Debug\ZumoBot.a(UART_1.o)
                              .\CortexM3\ARM_GCC_541\Debug\rtos_main.o (UART_1_Start)
.\CortexM3\ARM_GCC_541\Debug\ZumoBot.a(MotorDirLeft.o)
                              .\CortexM3\ARM_GCC_541\Debug\Motor.o (MotorDirLeft_Write)
.\CortexM3\ARM_GCC_541\Debug\ZumoBot.a(MotorDirRight.o)
                              .\CortexM3\ARM_GCC_541\Debug\Motor.o (MotorDirRight_Write)
.\CortexM3\ARM_GCC_541\Debug\ZumoBot.a(L3.o)
                              .\CortexM3\ARM_GCC_541\Debug\Reflectance.o (L3_Write)
.\CortexM3\ARM_GCC_541\Debug\ZumoBot.a(Timer_L3.o)
                              .\CortexM3\ARM_GCC_541\Debug\Reflectance.o (Timer_L3_ReadStatusRegister)
.\CortexM3\ARM_GCC_541\Debug\ZumoBot.a(Timer_R3.o)
                              .\CortexM3\ARM_GCC_541\Debug\Reflectance.o (Timer_R3_ReadStatusRegister)
.\CortexM3\ARM_GCC_541\Debug\ZumoBot.a(Refl_led.o)
                              .\CortexM3\ARM_GCC_541\Debug\Reflectance.o (Refl_led_Write)
.\CortexM3\ARM_GCC_541\Debug\ZumoBot.a(Timer_R1.o)
                              .\CortexM3\ARM_GCC_541\Debug\Reflectance.o (Timer_R1_ReadStatusRegister)
.\CortexM3\ARM_GCC_541\Debug\ZumoBot.a(R1.o)
                              .\CortexM3\ARM_GCC_541\Debug\Reflectance.o (R1_Write)
.\CortexM3\ARM_GCC_541\Debug\ZumoBot.a(R3.o)
                              .\CortexM3\ARM_GCC_541\Debug\Reflectance.o (R3_Write)
.\CortexM3\ARM_GCC_541\Debug\ZumoBot.a(Timer_L1.o)
                              .\CortexM3\ARM_GCC_541\Debug\Reflectance.o (Timer_L1_ReadStatusRegister)
.\CortexM3\ARM_GCC_541\Debug\ZumoBot.a(L1.o)
                              .\CortexM3\ARM_GCC_541\Debug\Reflectance.o (L1_Write)
.\CortexM3\ARM_GCC_541\Debug\ZumoBot.a(BatteryLed.o)
                              .\CortexM3\ARM_GCC_541\Debug\main.o (BatteryLed_Write)
.\CortexM3\ARM_GCC_541\Debug\ZumoBot.a(IR_receiver.o)
                              .\CortexM3\ARM_GCC_541\Debug\IR.o (IR_receiver_Read)
.\CortexM3\ARM_GCC_541\Debug\ZumoBot.a(Trig.o)
                              .\CortexM3\ARM_GCC_541\Debug\Ultra.o (Trig_Write)
.\CortexM3\ARM_GCC_541\Debug\ZumoBot.a(Timer.o)
                              .\CortexM3\ARM_GCC_541\Debug\Ultra.o (Timer_ReadStatusRegister)
.\CortexM3\ARM_GCC_541\Debug\ZumoBot.a(Echo.o)
                              .\CortexM3\ARM_GCC_541\Debug\Ultra.o (Echo_Read)
.\CortexM3\ARM_GCC_541\Debug\ZumoBot.a(ultra_isr.o)
                              .\CortexM3\ARM_GCC_541\Debug\Ultra.o (ultra_isr_StartEx)
.\CortexM3\ARM_GCC_541\Debug\ZumoBot.a(Buzzer_PWM.o)
                              .\CortexM3\ARM_GCC_541\Debug\Beep.o (Buzzer_PWM_Stop)
.\CortexM3\ARM_GCC_541\Debug\ZumoBot.a(IR_isr.o)
                              .\CortexM3\ARM_GCC_541\Debug\IR.o (IR_isr_StartEx)
.\CortexM3\ARM_GCC_541\Debug\ZumoBot.a(Timer_IR.o)
                              .\CortexM3\ARM_GCC_541\Debug\IR.o (Timer_IR_ReadStatusRegister)
.\CortexM3\ARM_GCC_541\Debug\ZumoBot.a(SW1.o)
                              .\CortexM3\ARM_GCC_541\Debug\main.o (SW1_Read)
.\CortexM3\ARM_GCC_541\Debug\ZumoBot.a(Timer_R2.o)
                              .\CortexM3\ARM_GCC_541\Debug\Reflectance.o (Timer_R2_ReadStatusRegister)
.\CortexM3\ARM_GCC_541\Debug\ZumoBot.a(Timer_L2.o)
                              .\CortexM3\ARM_GCC_541\Debug\Reflectance.o (Timer_L2_ReadStatusRegister)
.\CortexM3\ARM_GCC_541\Debug\ZumoBot.a(L2.o)
                              .\CortexM3\ARM_GCC_541\Debug\Reflectance.o (L2_Write)
.\CortexM3\ARM_GCC_541\Debug\ZumoBot.a(R2.o)
                              .\CortexM3\ARM_GCC_541\Debug\Reflectance.o (R2_Write)
.\CortexM3\ARM_GCC_541\Debug\ZumoBot.a(Timer_Reset.o)
                              .\CortexM3\ARM_GCC_541\Debug\Reflectance.o (Timer_Reset_Write)
.\CortexM3\ARM_GCC_541\Debug\ZumoBot.a(UART_2.o)
                              .\CortexM3\ARM_GCC_541\Debug\rtos_main.o (UART_2_Start)
.\CortexM3\ARM_GCC_541\Debug\ZumoBot.a(isr_U2_TX.o)
                              .\CortexM3\ARM_GCC_541\Debug\serial.o (isr_U2_TX_StartEx)
.\CortexM3\ARM_GCC_541\Debug\ZumoBot.a(isr_U2_RX.o)
                              .\CortexM3\ARM_GCC_541\Debug\serial.o (isr_U2_RX_StartEx)
.\CortexM3\ARM_GCC_541\Debug\ZumoBot.a(StatisticsCounter.o)
[...]
Memory Configuration

Name             Origin             Length             Attributes
rom              0x00000000         0x00040000         xr
ram              0x1fff8000         0x00010000         xrw
*default*        0x00000000         0xffffffff

Linker script and memory map

LOAD c:/program files (x86)/cypress/psoc creator/4.2/psoc creator/import/gnu/arm/5.4.1/bin/../lib/gcc/arm-none-eabi/5.4.1/armv7-m/crti.o
LOAD c:/program files (x86)/cypress/psoc creator/4.2/psoc creator/import/gnu/arm/5.4.1/bin/../lib/gcc/arm-none-eabi/5.4.1/armv7-m/crtbegin.o
LOAD c:/program files (x86)/cypress/psoc creator/4.2/psoc creator/import/gnu/arm/5.4.1/bin/../lib/gcc/arm-none-eabi/5.4.1/../../../../arm-none-eabi/lib/armv7-m/crt0.o
START GROUP
LOAD .\CortexM3\ARM_GCC_541\Debug\Beep.o
LOAD .\CortexM3\ARM_GCC_541\Debug\Gyro.o
LOAD .\CortexM3\ARM_GCC_541\Debug\IR.o
LOAD .\CortexM3\ARM_GCC_541\Debug\Magnet.o
LOAD .\CortexM3\ARM_GCC_541\Debug\Motor.o
LOAD .\CortexM3\ARM_GCC_541\Debug\Nunchuk.o
LOAD .\CortexM3\ARM_GCC_541\Debug\Ultra.o
LOAD .\CortexM3\ARM_GCC_541\Debug\Retarget.o
LOAD .\CortexM3\ARM_GCC_541\Debug\I2C_Common.o
LOAD .\CortexM3\ARM_GCC_541\Debug\LSM303D.o
LOAD .\CortexM3\ARM_GCC_541\Debug\debug_uart.o
LOAD .\CortexM3\ARM_GCC_541\Debug\esp8266_socket.o
LOAD .\CortexM3\ARM_GCC_541\Debug\rtos_main.o
LOAD .\CortexM3\ARM_GCC_541\Debug\serial.o
LOAD .\CortexM3\ARM_GCC_541\Debug\mqtt_sender.o
LOAD .\CortexM3\ARM_GCC_541\Debug\serial1.o
LOAD .\CortexM3\ARM_GCC_541\Debug\Reflectance.o
LOAD .\CortexM3\ARM_GCC_541\Debug\MQTTClient.o
LOAD .\CortexM3\ARM_GCC_541\Debug\MQTTFreeRTOS.o
LOAD .\CortexM3\ARM_GCC_541\Debug\MQTTConnectClient.o
LOAD .\CortexM3\ARM_GCC_541\Debug\MQTTConnectServer.o
LOAD .\CortexM3\ARM_GCC_541\Debug\MQTTDeserializePublish.o
LOAD .\CortexM3\ARM_GCC_541\Debug\MQTTFormat.o
LOAD .\CortexM3\ARM_GCC_541\Debug\MQTTPacket.o
LOAD .\CortexM3\ARM_GCC_541\Debug\MQTTSerializePublish.o
LOAD .\CortexM3\ARM_GCC_541\Debug\MQTTSubscribeClient.o
LOAD .\CortexM3\ARM_GCC_541\Debug\MQTTSubscribeServer.o
LOAD .\CortexM3\ARM_GCC_541\Debug\MQTTUnsubscribeClient.o
LOAD .\CortexM3\ARM_GCC_541\Debug\MQTTUnsubscribeServer.o
LOAD .\CortexM3\ARM_GCC_541\Debug\croutine.o
LOAD .\CortexM3\ARM_GCC_541\Debug\event_groups.o
LOAD .\CortexM3\ARM_GCC_541\Debug\list.o
LOAD .\CortexM3\ARM_GCC_541\Debug\queue.o
LOAD .\CortexM3\ARM_GCC_541\Debug\stream_buffer.o
LOAD .\CortexM3\ARM_GCC_541\Debug\tasks.o
LOAD .\CortexM3\ARM_GCC_541\Debug\timers.o
LOAD .\CortexM3\ARM_GCC_541\Debug\port.o
LOAD .\CortexM3\ARM_GCC_541\Debug\heap_2.o
LOAD .\CortexM3\ARM_GCC_541\Debug\main.o
LOAD .\CortexM3\ARM_GCC_541\Debug\cyfitter_cfg.o
LOAD .\CortexM3\ARM_GCC_541\Debug\cymetadata.o
LOAD .\CortexM3\ARM_GCC_541\Debug\Cm3Start.o
LOAD .\CortexM3\ARM_GCC_541\Debug\ZumoBot.a
LOAD C:\Program Files (x86)\Cypress\PSoC Creator\4.2\PSoC Creator\psoc\content\cycomponentlibrary\CyComponentLibrary.cylib\CortexM3\ARM_GCC_541\Debug\CyComponentLibrary.a
LOAD c:/program files (x86)/cypress/psoc creator/4.2/psoc creator/import/gnu/arm/5.4.1/bin/../lib/gcc/arm-none-eabi/5.4.1/../../../../arm-none-eabi/lib/armv7-m\libm.a
END GROUP
START GROUP
LOAD c:/program files (x86)/cypress/psoc creator/4.2/psoc creator/import/gnu/arm/5.4.1/bin/../lib/gcc/arm-none-eabi/5.4.1/armv7-m\libgcc.a
LOAD c:/program files (x86)/cypress/psoc creator/4.2/psoc creator/import/gnu/arm/5.4.1/bin/../lib/gcc/arm-none-eabi/5.4.1/../../../../arm-none-eabi/lib/armv7-m\libg.a
LOAD c:/program files (x86)/cypress/psoc creator/4.2/psoc creator/import/gnu/arm/5.4.1/bin/../lib/gcc/arm-none-eabi/5.4.1/../../../../arm-none-eabi/lib/armv7-m\libc.a
END GROUP
LOAD c:/program files (x86)/cypress/psoc creator/4.2/psoc creator/import/gnu/arm/5.4.1/bin/../lib/gcc/arm-none-eabi/5.4.1/armv7-m/crtend.o
LOAD c:/program files (x86)/cypress/psoc creator/4.2/psoc creator/import/gnu/arm/5.4.1/bin/../lib/gcc/arm-none-eabi/5.4.1/armv7-m/crtn.o
START GROUP
LOAD c:/program files (x86)/cypress/psoc creator/4.2/psoc creator/import/gnu/arm/5.4.1/bin/../lib/gcc/arm-none-eabi/5.4.1/armv7-m\libgcc.a
LOAD c:/program files (x86)/cypress/psoc creator/4.2/psoc creator/import/gnu/arm/5.4.1/bin/../lib/gcc/arm-none-eabi/5.4.1/../../../../arm-none-eabi/lib/armv7-m\libc.a
LOAD c:/program files (x86)/cypress/psoc creator/4.2/psoc creator/import/gnu/arm/5.4.1/bin/../lib/gcc/arm-none-eabi/5.4.1/../../../../arm-none-eabi/lib/armv7-m\libnosys.a
END GROUP
                0x00000000                CY_APPL_ORIGIN = 0x0
                0x00000100                CY_FLASH_ROW_SIZE = 0x100
                0x00000020                CY_ECC_ROW_SIZE = 0x20
                0x00000000                CY_EE_IN_BTLDR = 0x0
                0x00000000                CY_APPL_LOADABLE = 0x0
                0x00000800                CY_EE_SIZE = 0x800
                0x00000001                CY_APPL_NUM = 0x1
                0x00000001                CY_APPL_MAX = 0x1
                0x00000040                CY_METADATA_SIZE = 0x40
                0x00000000                CY_APPL_LOADABLE = 0x0
                0x00000000                CY_CHECKSUM_EXCLUDE_SIZE = ALIGN (0x0, CY_FLASH_ROW_SIZE)
                [!provide]                PROVIDE (__cy_heap_start, _end)
                0x00000001                PROVIDE (__cy_region_num, ((__cy_regions_end - __cy_regions) / 0x10))
                0x20008000                PROVIDE (__cy_stack, (ORIGIN (ram) + LENGTH (ram)))
                [!provide]                PROVIDE (__cy_heap_end, (__cy_stack - 0x800))

.cybootloader   0x00000000        0x0
 *(.cybootloader)
                0x00000000                appl1_start = CY_APPL_ORIGIN?CY_APPL_ORIGIN:ALIGN (CY_FLASH_ROW_SIZE)
                0x0001ff00                appl2_start = (appl1_start + ALIGN ((((LENGTH (rom) - appl1_start) - (0x2 * CY_FLASH_ROW_SIZE)) / 0x2), CY_FLASH_ROW_SIZE))
                0x00000000                appl_start = (CY_APPL_NUM == 0x1)?appl1_start:appl2_start
                0x00000000                ecc_offset = ((appl_start / CY_FLASH_ROW_SIZE) * CY_ECC_ROW_SIZE)
                0x00000000                ee_offset = (CY_APPL_LOADABLE && ! (CY_EE_IN_BTLDR))?((CY_EE_SIZE / CY_APPL_MAX) * (CY_APPL_NUM - 0x1)):0x0
                0x00000800                ee_size = (CY_APPL_LOADABLE && ! (CY_EE_IN_BTLDR))?(CY_EE_SIZE / CY_APPL_MAX):CY_EE_SIZE
                [!provide]                PROVIDE (CY_ECC_OFFSET, ecc_offset)

.text           0x00000000     0xed98
 CREATE_OBJECT_SYMBOLS
                0x00000000                PROVIDE (__cy_interrupt_vector, RomVectors)
 *(.romvectors)
 .romvectors    0x00000000       0x10 .\CortexM3\ARM_GCC_541\Debug\Cm3Start.o
                0x00000000                RomVectors
                0x00000001                ASSERT ((. != __cy_interrupt_vector), No interrupt vector)
                0x00000001                ASSERT (CY_APPL_ORIGIN?(SIZEOF (.cybootloader) <= CY_APPL_ORIGIN):0x1, Wrong image location)
                0x00000010                PROVIDE (__cy_reset, Reset)
 *(.text.Reset)
 .text.Reset    0x00000010       0x18 .\CortexM3\ARM_GCC_541\Debug\Cm3Start.o
                0x00000010                Reset
                0x00000001                ASSERT ((. != __cy_reset), No reset code)
 *(.dma_init)
                0x00000001                ASSERT ((((appl_start + .) <= 0x10000) || 0x1), DMA Init must be within the first 64k of flash)
 *(.text .text.* .gnu.linkonce.t.*)
 .text          0x00000028       0x5c c:/program files (x86)/cypress/psoc creator/4.2/psoc creator/import/gnu/arm/5.4.1/bin/../lib/gcc/arm-none-eabi/5.4.1/armv7-m/crtbegin.o
 .text.IR_capture_isr
                0x00000084       0x64 .\CortexM3\ARM_GCC_541\Debug\IR.o
                0x00000084                IR_capture_isr
 .text.IR_get   0x000000e8       0x1c .\CortexM3\ARM_GCC_541\Debug\IR.o
                0x000000e8                IR_get
 .text.IR_flush
                0x00000104       0x18 .\CortexM3\ARM_GCC_541\Debug\IR.o
                0x00000104                IR_flush
 .text.IR_wait  0x0000011c       0x40 .\CortexM3\ARM_GCC_541\Debug\IR.o
                0x0000011c                IR_wait
 .text.IR_Start
                0x0000015c       0x30 .\CortexM3\ARM_GCC_541\Debug\IR.o
                0x0000015c                IR_Start
 .text.motor_start
                0x0000018c        0x8 .\CortexM3\ARM_GCC_541\Debug\Motor.o
                0x0000018c                motor_start
 .text.motor_stop
                0x00000194        0x8 .\CortexM3\ARM_GCC_541\Debug\Motor.o
                0x00000194                motor_stop
 .text.motor_forward
                0x0000019c       0x28 .\CortexM3\ARM_GCC_541\Debug\Motor.o
                0x0000019c                motor_forward
 .text.motor_turn
                0x000001c4       0x18 .\CortexM3\ARM_GCC_541\Debug\Motor.o
                0x000001c4                motor_turn
 .text.motor_backward
                0x000001dc       0x28 .\CortexM3\ARM_GCC_541\Debug\Motor.o
                0x000001dc                motor_backward
 .text.UltraSonicTask
                0x00000204       0x2c .\CortexM3\ARM_GCC_541\Debug\Ultra.o
                0x00000204                UltraSonicTask
 .text.ultra_isr_handler
                0x00000230       0x74 .\CortexM3\ARM_GCC_541\Debug\Ultra.o
                0x00000230                ultra_isr_handler
 .text.Ultra_Start
                0x000002a4       0x44 .\CortexM3\ARM_GCC_541\Debug\Ultra.o
                0x000002a4                Ultra_Start
 .text.Ultra_GetDistance
                0x000002e8        0xc .\CortexM3\ARM_GCC_541\Debug\Ultra.o
                0x000002e8                Ultra_GetDistance
 .text.RetargetInit
                0x000002f4       0x14 .\CortexM3\ARM_GCC_541\Debug\Retarget.o
                0x000002f4                RetargetInit
 .text._write   0x00000308       0x34 .\CortexM3\ARM_GCC_541\Debug\Retarget.o
                0x00000308                _write
 .text._read    0x0000033c      0x10c .\CortexM3\ARM_GCC_541\Debug\Retarget.o
                0x0000033c                _read
 .text.I2C_Write
                0x00000448       0x30 .\CortexM3\ARM_GCC_541\Debug\I2C_Common.o
                0x00000448                I2C_Write
 .text.I2C_Read_Multiple
                0x00000478       0x48 .\CortexM3\ARM_GCC_541\Debug\I2C_Common.o
                0x00000478                I2C_Read_Multiple
 .text.I2C_Read
                0x000004c0       0x18 .\CortexM3\ARM_GCC_541\Debug\I2C_Common.o
                0x000004c0                I2C_Read
 .text.LSM303D_Start
                0x000004d8       0x30 .\CortexM3\ARM_GCC_541\Debug\LSM303D.o
                0x000004d8                LSM303D_Start
 .text.LSM303D_Read_Acc
                0x00000508       0x40 .\CortexM3\ARM_GCC_541\Debug\LSM303D.o
                0x00000508                LSM303D_Read_Acc
 .text.DebugUartTaskInit
                0x00000548       0x24 .\CortexM3\ARM_GCC_541\Debug\debug_uart.o
                0x00000548                DebugUartTaskInit
 .text.port2str
                0x0000056c       0x60 .\CortexM3\ARM_GCC_541\Debug\esp8266_socket.o
 .text.dispatch_event
                0x000005cc       0x2c .\CortexM3\ARM_GCC_541\Debug\esp8266_socket.o
 .text.connect_ssid
                0x000005f8       0x90 .\CortexM3\ARM_GCC_541\Debug\esp8266_socket.o
 .text.connect_tcp
                0x00000688       0x90 .\CortexM3\ARM_GCC_541\Debug\esp8266_socket.o
 .text.vEspTickTask
                0x00000718       0x30 .\CortexM3\ARM_GCC_541\Debug\esp8266_socket.o
                0x00000718                vEspTickTask
 .text.vEspEventTask
                0x00000748       0x60 .\CortexM3\ARM_GCC_541\Debug\esp8266_socket.o
                0x00000748                vEspEventTask
 .text.vEspSocketTask
                0x000007a8       0x34 .\CortexM3\ARM_GCC_541\Debug\esp8266_socket.o
                0x000007a8                vEspSocketTask
 .text.smi_init
                0x000007dc       0x18 .\CortexM3\ARM_GCC_541\Debug\esp8266_socket.o
                0x000007dc                smi_init
 .text.esp_socket
                0x000007f4       0xb4 .\CortexM3\ARM_GCC_541\Debug\esp8266_socket.o
                0x000007f4                esp_socket
 .text.esp_connect
                0x000008a8       0x64 .\CortexM3\ARM_GCC_541\Debug\esp8266_socket.o
                0x000008a8                esp_connect
 .text.esp_read
                0x0000090c       0x4c .\CortexM3\ARM_GCC_541\Debug\esp8266_socket.o
                0x0000090c                esp_read
 .text.esp_write
                0x00000958       0x4c .\CortexM3\ARM_GCC_541\Debug\esp8266_socket.o
                0x00000958                esp_write
 .text.esp_shutdown
                0x000009a4       0x2c .\CortexM3\ARM_GCC_541\Debug\esp8266_socket.o
                0x000009a4                esp_shutdown
 .text.esp_close
                0x000009d0        0xc .\CortexM3\ARM_GCC_541\Debug\esp8266_socket.o
                0x000009d0                esp_close
 .text.init_counters
                0x000009dc        0xc .\CortexM3\ARM_GCC_541\Debug\esp8266_socket.o
                0x000009dc                init_counters
 .text.stAT     0x000009e8       0x58 .\CortexM3\ARM_GCC_541\Debug\esp8266_socket.o
                0x000009e8                stAT
 .text.stReady  0x00000a40       0x2c .\CortexM3\ARM_GCC_541\Debug\esp8266_socket.o
                0x00000a40                stReady
 .text.stConnected
                0x00000a6c       0x48 .\CortexM3\ARM_GCC_541\Debug\esp8266_socket.o
                0x00000a6c                stConnected
 .text.stCommandMode
                0x00000ab4       0x58 .\CortexM3\ARM_GCC_541\Debug\esp8266_socket.o
                0x00000ab4                stCommandMode
 .text.sm_flush
                0x00000b0c       0x18 .\CortexM3\ARM_GCC_541\Debug\esp8266_socket.o
                0x00000b0c                sm_flush
 .text.sm_read_buffer
                0x00000b24       0x38 .\CortexM3\ARM_GCC_541\Debug\esp8266_socket.o
                0x00000b24                sm_read_buffer
 .text.sm_read_until
                0x00000b5c       0x60 .\CortexM3\ARM_GCC_541\Debug\esp8266_socket.o
                0x00000b5c                sm_read_until
 .text.sm_read_result
                0x00000bbc       0x10 .\CortexM3\ARM_GCC_541\Debug\esp8266_socket.o
                0x00000bbc                sm_read_result
 .text.stStationModeCheck
                0x00000bcc       0x78 .\CortexM3\ARM_GCC_541\Debug\esp8266_socket.o
                0x00000bcc                stStationModeCheck
 .text.stConnectAP
                0x00000c44       0x4c .\CortexM3\ARM_GCC_541\Debug\esp8266_socket.o
                0x00000c44                stConnectAP
 .text.stConnectTCP
                0x00000c90       0x5c .\CortexM3\ARM_GCC_541\Debug\esp8266_socket.o
                0x00000c90                stConnectTCP
 .text.stPassthrough
                0x00000cec       0x4c .\CortexM3\ARM_GCC_541\Debug\esp8266_socket.o
                0x00000cec                stPassthrough
 .text.stCloseTCP
                0x00000d38       0x80 .\CortexM3\ARM_GCC_541\Debug\esp8266_socket.o
                0x00000d38                stCloseTCP
 .text.sm_wait_for
                0x00000db8       0x50 .\CortexM3\ARM_GCC_541\Debug\esp8266_socket.o
                0x00000db8                sm_wait_for
 .text.stInit   0x00000e08       0xa4 .\CortexM3\ARM_GCC_541\Debug\esp8266_socket.o
                0x00000e08                stInit
 .text.stEchoOff
                0x00000eac       0xa0 .\CortexM3\ARM_GCC_541\Debug\esp8266_socket.o
                0x00000eac                stEchoOff
 .text.stStationModeSet
                0x00000f4c       0x54 .\CortexM3\ARM_GCC_541\Debug\esp8266_socket.o
                0x00000f4c                stStationModeSet
 .text.stPassthroughOK
                0x00000fa0       0x54 .\CortexM3\ARM_GCC_541\Debug\esp8266_socket.o
                0x00000fa0                stPassthroughOK
 .text.start_zmain
                0x00000ff4       0x18 .\CortexM3\ARM_GCC_541\Debug\rtos_main.o
 .text.prvHardwareSetup
                0x0000100c       0x2c .\CortexM3\ARM_GCC_541\Debug\rtos_main.o
 .text.main     0x00001038       0x5c .\CortexM3\ARM_GCC_541\Debug\rtos_main.o
                0x00001038                main
 .text.vApplicationStackOverflowHook
                0x00001094       0x14 .\CortexM3\ARM_GCC_541\Debug\rtos_main.o
                0x00001094                vApplicationStackOverflowHook
 .text.vApplicationMallocFailedHook
                0x000010a8       0x14 .\CortexM3\ARM_GCC_541\Debug\rtos_main.o
                0x000010a8                vApplicationMallocFailedHook
 .text.vUartRxISR
                0x000010bc       0x64 .\CortexM3\ARM_GCC_541\Debug\serial.o
                0x000010bc                vUartRxISR
 .text.vUartTxISR
                0x00001120       0x70 .\CortexM3\ARM_GCC_541\Debug\serial.o
                0x00001120                vUartTxISR
 .text.xSerialPortInitMinimal
                0x00001190       0x78 .\CortexM3\ARM_GCC_541\Debug\serial.o
                0x00001190                xSerialPortInitMinimal
 .text.xSerialGetChar
                0x00001208       0x1c .\CortexM3\ARM_GCC_541\Debug\serial.o
                0x00001208                xSerialGetChar
 .text.xSerialPutChar
                0x00001224       0x38 .\CortexM3\ARM_GCC_541\Debug\serial.o
                0x00001224                xSerialPutChar
 .text.xSerialWaitForRxEvent
                0x0000125c       0x1c .\CortexM3\ARM_GCC_541\Debug\serial.o
                0x0000125c                xSerialWaitForRxEvent
 .text.xSerialRxWaiting
                0x00001278       0x10 .\CortexM3\ARM_GCC_541\Debug\serial.o
                0x00001278                xSerialRxWaiting
 .text.free_buffer
                0x00001288       0x20 .\CortexM3\ARM_GCC_541\Debug\mqtt_sender.o
 .text.MQTTSendTaskInit
                0x000012a8       0x24 .\CortexM3\ARM_GCC_541\Debug\mqtt_sender.o
                0x000012a8                MQTTSendTaskInit
 .text.MQTTSendTask
                0x000012cc      0x120 .\CortexM3\ARM_GCC_541\Debug\mqtt_sender.o
                0x000012cc                MQTTSendTask
 .text.send_mqtt
                0x000013ec       0x4c .\CortexM3\ARM_GCC_541\Debug\mqtt_sender.o
                0x000013ec                send_mqtt
 .text.print_mqtt
                0x00001438       0x30 .\CortexM3\ARM_GCC_541\Debug\mqtt_sender.o
                0x00001438                print_mqtt
 .text.vUart1RxISR
                0x00001468       0x5c .\CortexM3\ARM_GCC_541\Debug\serial1.o
                0x00001468                vUart1RxISR
 .text.vUart1TxISR
                0x000014c4       0x70 .\CortexM3\ARM_GCC_541\Debug\serial1.o
                0x000014c4                vUart1TxISR
 .text.vSerial1PortInitMinimal
                0x00001534       0x58 .\CortexM3\ARM_GCC_541\Debug\serial1.o
                0x00001534                vSerial1PortInitMinimal
 .text.xSerial1GetChar
                0x0000158c       0x20 .\CortexM3\ARM_GCC_541\Debug\serial1.o
                0x0000158c                xSerial1GetChar
 .text.xSerial1PutChar
                0x000015ac       0x3c .\CortexM3\ARM_GCC_541\Debug\serial1.o
                0x000015ac                xSerial1PutChar
 .text.ReflectanceTask
                0x000015e8      0x1c4 .\CortexM3\ARM_GCC_541\Debug\Reflectance.o
                0x000015e8                ReflectanceTask
 .text.reflectance_start
                0x000017ac       0x54 .\CortexM3\ARM_GCC_541\Debug\Reflectance.o
                0x000017ac                reflectance_start
 .text.reflectance_read
                0x00001800       0x18 .\CortexM3\ARM_GCC_541\Debug\Reflectance.o
                0x00001800                reflectance_read
 .text.reflectance_digital
                0x00001818       0x9c .\CortexM3\ARM_GCC_541\Debug\Reflectance.o
                0x00001818                reflectance_digital
 .text.reflectance_set_threshold
                0x000018b4       0x20 .\CortexM3\ARM_GCC_541\Debug\Reflectance.o
                0x000018b4                reflectance_set_threshold
 .text.NewMessageData
                0x000018d4        0x8 .\CortexM3\ARM_GCC_541\Debug\MQTTClient.o
 .text.getNextPacketId
                0x000018dc       0x18 .\CortexM3\ARM_GCC_541\Debug\MQTTClient.o
 .text.decodePacket
                0x000018f4       0x50 .\CortexM3\ARM_GCC_541\Debug\MQTTClient.o
 .text.isTopicMatched
                0x00001944       0x60 .\CortexM3\ARM_GCC_541\Debug\MQTTClient.o
 .text.sendPacket
                0x000019a4       0x60 .\CortexM3\ARM_GCC_541\Debug\MQTTClient.o
 .text.readPacket
                0x00001a04       0x9c .\CortexM3\ARM_GCC_541\Debug\MQTTClient.o
 .text.MQTTClientInit
                0x00001aa0       0x50 .\CortexM3\ARM_GCC_541\Debug\MQTTClient.o
                0x00001aa0                MQTTClientInit
 .text.deliverMessage
                0x00001af0       0x7c .\CortexM3\ARM_GCC_541\Debug\MQTTClient.o
                0x00001af0                deliverMessage
 .text.keepalive
                0x00001b6c       0x68 .\CortexM3\ARM_GCC_541\Debug\MQTTClient.o
                0x00001b6c                keepalive
 .text.MQTTCleanSession
                0x00001bd4       0x14 .\CortexM3\ARM_GCC_541\Debug\MQTTClient.o
                0x00001bd4                MQTTCleanSession
 .text.MQTTCloseSession
                0x00001be8       0x14 .\CortexM3\ARM_GCC_541\Debug\MQTTClient.o
                0x00001be8                MQTTCloseSession
 .text.cycle    0x00001bfc      0x14c .\CortexM3\ARM_GCC_541\Debug\MQTTClient.o
                0x00001bfc                cycle
 .text.MQTTRun  0x00001d48       0x38 .\CortexM3\ARM_GCC_541\Debug\MQTTClient.o
                0x00001d48                MQTTRun
 .text.MQTTStartTask
                0x00001d80       0x14 .\CortexM3\ARM_GCC_541\Debug\MQTTClient.o
                0x00001d80                MQTTStartTask
 .text.waitfor  0x00001d94       0x2c .\CortexM3\ARM_GCC_541\Debug\MQTTClient.o
                0x00001d94                waitfor
 .text.MQTTConnectWithResults
                0x00001dc0       0xbc .\CortexM3\ARM_GCC_541\Debug\MQTTClient.o
                0x00001dc0                MQTTConnectWithResults
 .text.MQTTConnect
                0x00001e7c       0x10 .\CortexM3\ARM_GCC_541\Debug\MQTTClient.o
                0x00001e7c                MQTTConnect
 .text.MQTTPublish
                0x00001e8c      0x110 .\CortexM3\ARM_GCC_541\Debug\MQTTClient.o
                0x00001e8c                MQTTPublish
 .text.FreeRTOS_read
                0x00001f9c       0x44 .\CortexM3\ARM_GCC_541\Debug\MQTTFreeRTOS.o
                0x00001f9c                FreeRTOS_read
 .text.FreeRTOS_write
                0x00001fe0       0x44 .\CortexM3\ARM_GCC_541\Debug\MQTTFreeRTOS.o
                0x00001fe0                FreeRTOS_write
 .text.FreeRTOS_disconnect
                0x00002024        0xc .\CortexM3\ARM_GCC_541\Debug\MQTTFreeRTOS.o
                0x00002024                FreeRTOS_disconnect
 .text.ThreadStart
                0x00002030       0x2c .\CortexM3\ARM_GCC_541\Debug\MQTTFreeRTOS.o
                0x00002030                ThreadStart
 .text.MutexInit
                0x0000205c       0x10 .\CortexM3\ARM_GCC_541\Debug\MQTTFreeRTOS.o
                0x0000205c                MutexInit
 .text.MutexLock
                0x0000206c       0x10 .\CortexM3\ARM_GCC_541\Debug\MQTTFreeRTOS.o
                0x0000206c                MutexLock
 .text.MutexUnlock
                0x0000207c       0x10 .\CortexM3\ARM_GCC_541\Debug\MQTTFreeRTOS.o
                0x0000207c                MutexUnlock
 .text.TimerCountdownMS
                0x0000208c        0xc .\CortexM3\ARM_GCC_541\Debug\MQTTFreeRTOS.o
                0x0000208c                TimerCountdownMS
 .text.TimerCountdown
                0x00002098       0x10 .\CortexM3\ARM_GCC_541\Debug\MQTTFreeRTOS.o
                0x00002098                TimerCountdown
 .text.TimerLeftMS
                0x000020a8       0x10 .\CortexM3\ARM_GCC_541\Debug\MQTTFreeRTOS.o
                0x000020a8                TimerLeftMS
 .text.TimerIsExpired
                0x000020b8       0x14 .\CortexM3\ARM_GCC_541\Debug\MQTTFreeRTOS.o
                0x000020b8                TimerIsExpired
 .text.TimerInit
                0x000020cc       0x10 .\CortexM3\ARM_GCC_541\Debug\MQTTFreeRTOS.o
                0x000020cc                TimerInit
 .text.NetworkInit
                0x000020dc       0x30 .\CortexM3\ARM_GCC_541\Debug\MQTTFreeRTOS.o
                0x000020dc                NetworkInit
 .text.NetworkConnect
                0x0000210c        0xc .\CortexM3\ARM_GCC_541\Debug\MQTTFreeRTOS.o
                0x0000210c                NetworkConnect
 .text.MQTTSerialize_connectLength
                0x00002118       0x80 .\CortexM3\ARM_GCC_541\Debug\MQTTConnectClient.o
                0x00002118                MQTTSerialize_connectLength
 .text.MQTTSerialize_connect
                0x00002198      0x118 .\CortexM3\ARM_GCC_541\Debug\MQTTConnectClient.o
                0x00002198                MQTTSerialize_connect
 .text.MQTTDeserialize_connack
                0x000022b0       0x4c .\CortexM3\ARM_GCC_541\Debug\MQTTConnectClient.o
                0x000022b0                MQTTDeserialize_connack
 .text.MQTTSerialize_zero
                0x000022fc       0x34 .\CortexM3\ARM_GCC_541\Debug\MQTTConnectClient.o
                0x000022fc                MQTTSerialize_zero
 .text.MQTTSerialize_pingreq
                0x00002330        0xc .\CortexM3\ARM_GCC_541\Debug\MQTTConnectClient.o
                0x00002330                MQTTSerialize_pingreq
 .text.MQTTDeserialize_publish
                0x0000233c       0x88 .\CortexM3\ARM_GCC_541\Debug\MQTTDeserializePublish.o
                0x0000233c                MQTTDeserialize_publish
 .text.MQTTDeserialize_ack
                0x000023c4       0x48 .\CortexM3\ARM_GCC_541\Debug\MQTTDeserializePublish.o
                0x000023c4                MQTTDeserialize_ack
 .text.bufchar  0x0000240c       0x24 .\CortexM3\ARM_GCC_541\Debug\MQTTPacket.o
                0x0000240c                bufchar
 .text.MQTTPacket_encode
                0x00002430       0x40 .\CortexM3\ARM_GCC_541\Debug\MQTTPacket.o
                0x00002430                MQTTPacket_encode
 .text.MQTTPacket_decode
                0x00002470       0x40 .\CortexM3\ARM_GCC_541\Debug\MQTTPacket.o
                0x00002470                MQTTPacket_decode
 .text.MQTTPacket_len
                0x000024b0       0x28 .\CortexM3\ARM_GCC_541\Debug\MQTTPacket.o
                0x000024b0                MQTTPacket_len
 .text.MQTTPacket_decodeBuf
                0x000024d8       0x18 .\CortexM3\ARM_GCC_541\Debug\MQTTPacket.o
                0x000024d8                MQTTPacket_decodeBuf
 .text.readInt  0x000024f0       0x10 .\CortexM3\ARM_GCC_541\Debug\MQTTPacket.o
                0x000024f0                readInt
 .text.readChar
                0x00002500        0xc .\CortexM3\ARM_GCC_541\Debug\MQTTPacket.o
                0x00002500                readChar
 .text.writeChar
                0x0000250c        0xc .\CortexM3\ARM_GCC_541\Debug\MQTTPacket.o
                0x0000250c                writeChar
 .text.writeInt
                0x00002518       0x38 .\CortexM3\ARM_GCC_541\Debug\MQTTPacket.o
                0x00002518                writeInt
 .text.writeCString
                0x00002550       0x28 .\CortexM3\ARM_GCC_541\Debug\MQTTPacket.o
                0x00002550                writeCString
 .text.writeMQTTString
                0x00002578       0x44 .\CortexM3\ARM_GCC_541\Debug\MQTTPacket.o
                0x00002578                writeMQTTString
 .text.readMQTTLenString
                0x000025bc       0x38 .\CortexM3\ARM_GCC_541\Debug\MQTTPacket.o
                0x000025bc                readMQTTLenString
 .text.MQTTstrlen
                0x000025f4       0x1c .\CortexM3\ARM_GCC_541\Debug\MQTTPacket.o
                0x000025f4                MQTTstrlen
 .text.MQTTPacket_equals
                0x00002610       0x38 .\CortexM3\ARM_GCC_541\Debug\MQTTPacket.o
                0x00002610                MQTTPacket_equals
 .text.MQTTSerialize_publishLength
                0x00002648       0x24 .\CortexM3\ARM_GCC_541\Debug\MQTTSerializePublish.o
                0x00002648                MQTTSerialize_publishLength
 .text.MQTTSerialize_publish
                0x0000266c       0x8c .\CortexM3\ARM_GCC_541\Debug\MQTTSerializePublish.o
                0x0000266c                MQTTSerialize_publish
 .text.MQTTSerialize_ack
                0x000026f8       0x50 .\CortexM3\ARM_GCC_541\Debug\MQTTSerializePublish.o
                0x000026f8                MQTTSerialize_ack
 .text.vListInitialise
                0x00002748       0x18 .\CortexM3\ARM_GCC_541\Debug\list.o
                0x00002748                vListInitialise
 .text.vListInitialiseItem
                0x00002760        0x8 .\CortexM3\ARM_GCC_541\Debug\list.o
                0x00002760                vListInitialiseItem
 .text.vListInsertEnd
                0x00002768       0x18 .\CortexM3\ARM_GCC_541\Debug\list.o
                0x00002768                vListInsertEnd
 .text.vListInsert
                0x00002780       0x34 .\CortexM3\ARM_GCC_541\Debug\list.o
                0x00002780                vListInsert
 .text.uxListRemove
                0x000027b4       0x28 .\CortexM3\ARM_GCC_541\Debug\list.o
                0x000027b4                uxListRemove
 .text.prvGetDisinheritPriorityAfterTimeout
                0x000027dc       0x14 .\CortexM3\ARM_GCC_541\Debug\queue.o
 .text.prvIsQueueFull
                0x000027f0       0x20 .\CortexM3\ARM_GCC_541\Debug\queue.o
 .text.prvIsQueueEmpty
                0x00002810       0x1c .\CortexM3\ARM_GCC_541\Debug\queue.o
 .text.prvCopyDataToQueue
                0x0000282c       0x78 .\CortexM3\ARM_GCC_541\Debug\queue.o
 .text.prvCopyDataFromQueue
                0x000028a4       0x24 .\CortexM3\ARM_GCC_541\Debug\queue.o
 .text.prvUnlockQueue
                0x000028c8       0x68 .\CortexM3\ARM_GCC_541\Debug\queue.o
 .text.xQueueGenericReset
                0x00002930       0x6c .\CortexM3\ARM_GCC_541\Debug\queue.o
                0x00002930                xQueueGenericReset
 .text.prvInitialiseNewQueue
                0x0000299c       0x24 .\CortexM3\ARM_GCC_541\Debug\queue.o
 .text.xQueueGenericCreate
                0x000029c0       0x34 .\CortexM3\ARM_GCC_541\Debug\queue.o
                0x000029c0                xQueueGenericCreate
 .text.xQueueGenericSend
                0x000029f4      0x108 .\CortexM3\ARM_GCC_541\Debug\queue.o
                0x000029f4                xQueueGenericSend
 .text.prvInitialiseMutex
                0x00002afc       0x18 .\CortexM3\ARM_GCC_541\Debug\queue.o
 .text.xQueueCreateMutex
                0x00002b14       0x18 .\CortexM3\ARM_GCC_541\Debug\queue.o
                0x00002b14                xQueueCreateMutex
 .text.xQueueGenericSendFromISR
                0x00002b2c       0x70 .\CortexM3\ARM_GCC_541\Debug\queue.o
                0x00002b2c                xQueueGenericSendFromISR
 .text.xQueueGiveFromISR
                0x00002b9c       0x64 .\CortexM3\ARM_GCC_541\Debug\queue.o
                0x00002b9c                xQueueGiveFromISR
 .text.xQueueReceive
                0x00002c00       0xf8 .\CortexM3\ARM_GCC_541\Debug\queue.o
                0x00002c00                xQueueReceive
 .text.xQueueSemaphoreTake
                0x00002cf8      0x128 .\CortexM3\ARM_GCC_541\Debug\queue.o
                0x00002cf8                xQueueSemaphoreTake
 .text.xQueueReceiveFromISR
                0x00002e20       0x74 .\CortexM3\ARM_GCC_541\Debug\queue.o
                0x00002e20                xQueueReceiveFromISR
 .text.uxQueueMessagesWaiting
                0x00002e94       0x14 .\CortexM3\ARM_GCC_541\Debug\queue.o
                0x00002e94                uxQueueMessagesWaiting
 .text.prvResetNextTaskUnblockTime
                0x00002ea8       0x2c .\CortexM3\ARM_GCC_541\Debug\tasks.o
 .text.prvInitialiseNewTask
                0x00002ed4      0x100 .\CortexM3\ARM_GCC_541\Debug\tasks.o
 .text.prvInitialiseTaskLists
                0x00002fd4       0x58 .\CortexM3\ARM_GCC_541\Debug\tasks.o
 .text.prvAddNewTaskToReadyList
                0x0000302c       0xac .\CortexM3\ARM_GCC_541\Debug\tasks.o
 .text.prvDeleteTCB
                0x000030d8       0x18 .\CortexM3\ARM_GCC_541\Debug\tasks.o
 .text.prvCheckTasksWaitingTermination
                0x000030f0       0x44 .\CortexM3\ARM_GCC_541\Debug\tasks.o
 .text.prvIdleTask
                0x00003134        0x8 .\CortexM3\ARM_GCC_541\Debug\tasks.o
 .text.prvAddCurrentTaskToDelayedList
                0x0000313c       0x84 .\CortexM3\ARM_GCC_541\Debug\tasks.o
 .text.xTaskCreate
                0x000031c0       0x64 .\CortexM3\ARM_GCC_541\Debug\tasks.o
                0x000031c0                xTaskCreate
 .text.uxTaskPriorityGet
                0x00003224       0x20 .\CortexM3\ARM_GCC_541\Debug\tasks.o
                0x00003224                uxTaskPriorityGet
 .text.vTaskStartScheduler
                0x00003244       0x6c .\CortexM3\ARM_GCC_541\Debug\tasks.o
                0x00003244                vTaskStartScheduler
 .text.vTaskSuspendAll
                0x000032b0       0x14 .\CortexM3\ARM_GCC_541\Debug\tasks.o
                0x000032b0                vTaskSuspendAll
 .text.xTaskGetTickCount
                0x000032c4        0xc .\CortexM3\ARM_GCC_541\Debug\tasks.o
                0x000032c4                xTaskGetTickCount
 .text.xTaskIncrementTick
                0x000032d0      0x108 .\CortexM3\ARM_GCC_541\Debug\tasks.o
                0x000032d0                xTaskIncrementTick
 .text.xTaskResumeAll
                0x000033d8       0xd8 .\CortexM3\ARM_GCC_541\Debug\tasks.o
                0x000033d8                xTaskResumeAll
 .text.vTaskDelayUntil
                0x000034b0       0x6c .\CortexM3\ARM_GCC_541\Debug\tasks.o
                0x000034b0                vTaskDelayUntil
 .text.vTaskDelay
                0x0000351c       0x34 .\CortexM3\ARM_GCC_541\Debug\tasks.o
                0x0000351c                vTaskDelay
 .text.vTaskSwitchContext
                0x00003550       0xd4 .\CortexM3\ARM_GCC_541\Debug\tasks.o
                0x00003550                vTaskSwitchContext
 .text.vTaskSuspend
                0x00003624       0xc0 .\CortexM3\ARM_GCC_541\Debug\tasks.o
                0x00003624                vTaskSuspend
 .text.vTaskPlaceOnEventList
                0x000036e4       0x20 .\CortexM3\ARM_GCC_541\Debug\tasks.o
                0x000036e4                vTaskPlaceOnEventList
 .text.xTaskRemoveFromEventList
                0x00003704       0x74 .\CortexM3\ARM_GCC_541\Debug\tasks.o
                0x00003704                xTaskRemoveFromEventList
 .text.vTaskSetTimeOutState
                0x00003778       0x20 .\CortexM3\ARM_GCC_541\Debug\tasks.o
                0x00003778                vTaskSetTimeOutState
 .text.vTaskInternalSetTimeOutState
                0x00003798       0x14 .\CortexM3\ARM_GCC_541\Debug\tasks.o
                0x00003798                vTaskInternalSetTimeOutState
 .text.xTaskCheckForTimeOut
                0x000037ac       0x58 .\CortexM3\ARM_GCC_541\Debug\tasks.o
                0x000037ac                xTaskCheckForTimeOut
 .text.vTaskMissedYield
                0x00003804       0x10 .\CortexM3\ARM_GCC_541\Debug\tasks.o
                0x00003804                vTaskMissedYield
 .text.xTaskPriorityInherit
                0x00003814       0xd0 .\CortexM3\ARM_GCC_541\Debug\tasks.o
                0x00003814                xTaskPriorityInherit
 .text.xTaskPriorityDisinherit
                0x000038e4       0x88 .\CortexM3\ARM_GCC_541\Debug\tasks.o
                0x000038e4                xTaskPriorityDisinherit
 .text.vTaskPriorityDisinheritAfterTimeout
                0x0000396c       0xa0 .\CortexM3\ARM_GCC_541\Debug\tasks.o
                0x0000396c                vTaskPriorityDisinheritAfterTimeout
 .text.pvTaskIncrementMutexHeldCount
                0x00003a0c       0x20 .\CortexM3\ARM_GCC_541\Debug\tasks.o
                0x00003a0c                pvTaskIncrementMutexHeldCount
 .text.prvTaskExitError
                0x00003a2c       0x20 .\CortexM3\ARM_GCC_541\Debug\port.o
 .text.prvPortStartFirstTask
                0x00003a4c       0x20 .\CortexM3\ARM_GCC_541\Debug\port.o
 .text.pxPortInitialiseStack
                0x00003a6c       0x24 .\CortexM3\ARM_GCC_541\Debug\port.o
                0x00003a6c                pxPortInitialiseStack
 .text.vPortSVCHandler
                0x00003a90       0x24 .\CortexM3\ARM_GCC_541\Debug\port.o
                0x00003a90                vPortSVCHandler
 .text.vPortEnterCritical
                0x00003ab4       0x20 .\CortexM3\ARM_GCC_541\Debug\port.o
                0x00003ab4                vPortEnterCritical
 .text.vPortExitCritical
                0x00003ad4       0x14 .\CortexM3\ARM_GCC_541\Debug\port.o
                0x00003ad4                vPortExitCritical
 *fill*         0x00003ae8        0x8 
 .text.xPortPendSVHandler
                0x00003af0       0x44 .\CortexM3\ARM_GCC_541\Debug\port.o
                0x00003af0                xPortPendSVHandler
 .text.xPortSysTickHandler
                0x00003b34       0x2c .\CortexM3\ARM_GCC_541\Debug\port.o
                0x00003b34                xPortSysTickHandler
 .text.vPortSetupTimerInterrupt
                0x00003b60       0x24 .\CortexM3\ARM_GCC_541\Debug\port.o
                0x00003b60                vPortSetupTimerInterrupt
 .text.xPortStartScheduler
                0x00003b84       0x38 .\CortexM3\ARM_GCC_541\Debug\port.o
                0x00003b84                xPortStartScheduler
 .text.prvHeapInit
                0x00003bbc       0x30 .\CortexM3\ARM_GCC_541\Debug\heap_2.o
 .text.pvPortMalloc
                0x00003bec       0xb4 .\CortexM3\ARM_GCC_541\Debug\heap_2.o
                0x00003bec                pvPortMalloc
 .text.vPortFree
                0x00003ca0       0x44 .\CortexM3\ARM_GCC_541\Debug\heap_2.o
                0x00003ca0                vPortFree
 .text.respondToHit
                0x00003ce4       0xf8 .\CortexM3\ARM_GCC_541\Debug\main.o
                0x00003ce4                respondToHit
 *fill*         0x00003ddc        0x4 
 .text.detectZumoHit
                0x00003de0       0xd0 .\CortexM3\ARM_GCC_541\Debug\main.o
                0x00003de0                detectZumoHit
 .text.reportZumoHit
                0x00003eb0       0x20 .\CortexM3\ARM_GCC_541\Debug\main.o
                0x00003eb0                reportZumoHit
 .text.wrestlingEnd
                0x00003ed0       0x3c .\CortexM3\ARM_GCC_541\Debug\main.o
                0x00003ed0                wrestlingEnd
 .text.startComponents
                0x00003f0c       0x44 .\CortexM3\ARM_GCC_541\Debug\main.o
                0x00003f0c                startComponents
 .text.reportMQTT
                0x00003f50       0x20 .\CortexM3\ARM_GCC_541\Debug\main.o
                0x00003f50                reportMQTT
 .text.turnToCenter
                0x00003f70      0x10c .\CortexM3\ARM_GCC_541\Debug\main.o
                0x00003f70                turnToCenter
 .text.overLine
                0x0000407c       0x40 .\CortexM3\ARM_GCC_541\Debug\main.o
                0x0000407c                overLine
 .text.startWrestling
                0x000040bc       0x4c .\CortexM3\ARM_GCC_541\Debug\main.o
                0x000040bc                startWrestling
 .text.moveToStartLineAndWait
                0x00004108       0x54 .\CortexM3\ARM_GCC_541\Debug\main.o
                0x00004108                moveToStartLineAndWait
 .text.blackSensors
                0x0000415c       0x38 .\CortexM3\ARM_GCC_541\Debug\main.o
                0x0000415c                blackSensors
 .text.tankTurn
                0x00004194       0x30 .\CortexM3\ARM_GCC_541\Debug\main.o
                0x00004194                tankTurn
 *fill*         0x000041c4        0x4 
 .text.rp_sumoWrestling
                0x000041c8      0x1b8 .\CortexM3\ARM_GCC_541\Debug\main.o
                0x000041c8                rp_sumoWrestling
 .text.zmain    0x00004380       0x10 .\CortexM3\ARM_GCC_541\Debug\main.o
                0x00004380                zmain
 .text.CyClockStartupError
                0x00004390        0x4 .\CortexM3\ARM_GCC_541\Debug\cyfitter_cfg.o
 .text.cfg_write_bytes32
                0x00004394       0x34 .\CortexM3\ARM_GCC_541\Debug\cyfitter_cfg.o
 .text.CYMEMZERO
                0x000043c8        0xc .\CortexM3\ARM_GCC_541\Debug\cyfitter_cfg.o
 .text.AnalogSetDefault
                0x000043d4       0x80 .\CortexM3\ARM_GCC_541\Debug\cyfitter_cfg.o
 .text.CYCONFIGCPY
                0x00004454        0x8 .\CortexM3\ARM_GCC_541\Debug\cyfitter_cfg.o
 .text.ClockSetup
                0x0000445c      0x16c .\CortexM3\ARM_GCC_541\Debug\cyfitter_cfg.o
 .text.cyfitter_cfg
                0x000045c8      0x148 .\CortexM3\ARM_GCC_541\Debug\cyfitter_cfg.o
                0x000045c8                cyfitter_cfg
 .text.IntDefaultHandler
                0x00004710       0x10 .\CortexM3\ARM_GCC_541\Debug\Cm3Start.o
                0x00004710                IntDefaultHandler
 .text._sbrk    0x00004720       0x30 .\CortexM3\ARM_GCC_541\Debug\Cm3Start.o
                0x00004720                _sbrk
 .text.Start_c  0x00004750       0x4c .\CortexM3\ARM_GCC_541\Debug\Cm3Start.o
                0x00004750                Start_c
 .text.initialize_psoc
                0x0000479c       0x68 .\CortexM3\ARM_GCC_541\Debug\Cm3Start.o
                0x0000479c                initialize_psoc
 .text.PWM_Enable
                0x00004804       0x10 .\CortexM3\ARM_GCC_541\Debug\ZumoBot.a(PWM.o)
                0x00004804                PWM_Enable
 .text.PWM_Stop
                0x00004814       0x10 .\CortexM3\ARM_GCC_541\Debug\ZumoBot.a(PWM.o)
                0x00004814                PWM_Stop
 .text.PWM_WriteCounter
                0x00004824        0xc .\CortexM3\ARM_GCC_541\Debug\ZumoBot.a(PWM.o)
                0x00004824                PWM_WriteCounter
 .text.PWM_WritePeriod
                0x00004830        0xc .\CortexM3\ARM_GCC_541\Debug\ZumoBot.a(PWM.o)
                0x00004830                PWM_WritePeriod
 .text.PWM_WriteCompare1
                0x0000483c        0xc .\CortexM3\ARM_GCC_541\Debug\ZumoBot.a(PWM.o)
                0x0000483c                PWM_WriteCompare1
 .text.PWM_WriteCompare2
                0x00004848        0xc .\CortexM3\ARM_GCC_541\Debug\ZumoBot.a(PWM.o)
                0x00004848                PWM_WriteCompare2
 .text.PWM_SetInterruptMode
                0x00004854        0xc .\CortexM3\ARM_GCC_541\Debug\ZumoBot.a(PWM.o)
                0x00004854                PWM_SetInterruptMode
 .text.PWM_ReadStatusRegister
                0x00004860        0xc .\CortexM3\ARM_GCC_541\Debug\ZumoBot.a(PWM.o)
                0x00004860                PWM_ReadStatusRegister
 .text.PWM_ReadCapture
                0x0000486c        0xc .\CortexM3\ARM_GCC_541\Debug\ZumoBot.a(PWM.o)
                0x0000486c                PWM_ReadCapture
 .text.PWM_ClearFIFO
                0x00004878       0x14 .\CortexM3\ARM_GCC_541\Debug\ZumoBot.a(PWM.o)
                0x00004878                PWM_ClearFIFO
 .text.PWM_Init
                0x0000488c       0x5c .\CortexM3\ARM_GCC_541\Debug\ZumoBot.a(PWM.o)
                0x0000488c                PWM_Init
 .text.PWM_Start
                0x000048e8       0x1c .\CortexM3\ARM_GCC_541\Debug\ZumoBot.a(PWM.o)
                0x000048e8                PWM_Start
 .text.I2C_Init
                0x00004904       0x68 .\CortexM3\ARM_GCC_541\Debug\ZumoBot.a(I2C.o)
                0x00004904                I2C_Init
 .text.I2C_Enable
                0x0000496c       0x24 .\CortexM3\ARM_GCC_541\Debug\ZumoBot.a(I2C.o)
                0x0000496c                I2C_Enable
 .text.I2C_Start
                0x00004990       0x28 .\CortexM3\ARM_GCC_541\Debug\ZumoBot.a(I2C.o)
                0x00004990                I2C_Start
 .text.I2C_ISR  0x000049b8      0x2d0 .\CortexM3\ARM_GCC_541\Debug\ZumoBot.a(I2C_INT.o)
                0x000049b8                I2C_ISR
 .text.I2C_MasterWriteBuf
                0x00004c88       0xcc .\CortexM3\ARM_GCC_541\Debug\ZumoBot.a(I2C_MASTER.o)
                0x00004c88                I2C_MasterWriteBuf
 .text.I2C_MasterReadBuf
                0x00004d54       0xd0 .\CortexM3\ARM_GCC_541\Debug\ZumoBot.a(I2C_MASTER.o)
                0x00004d54                I2C_MasterReadBuf
 .text.I2C_MasterStatus
                0x00004e24       0x38 .\CortexM3\ARM_GCC_541\Debug\ZumoBot.a(I2C_MASTER.o)
                0x00004e24                I2C_MasterStatus
 .text.I2C_MasterClearStatus
                0x00004e5c       0x24 .\CortexM3\ARM_GCC_541\Debug\ZumoBot.a(I2C_MASTER.o)
                0x00004e5c                I2C_MasterClearStatus
 .text.UART_1_Init
                0x00004e80       0x24 .\CortexM3\ARM_GCC_541\Debug\ZumoBot.a(UART_1.o)
                0x00004e80                UART_1_Init
 .text.UART_1_Enable
                0x00004ea4       0x38 .\CortexM3\ARM_GCC_541\Debug\ZumoBot.a(UART_1.o)
                0x00004ea4                UART_1_Enable
 .text.UART_1_Start
                0x00004edc       0x1c .\CortexM3\ARM_GCC_541\Debug\ZumoBot.a(UART_1.o)
                0x00004edc                UART_1_Start
 .text.UART_1_ReadRxData
                0x00004ef8        0xc .\CortexM3\ARM_GCC_541\Debug\ZumoBot.a(UART_1.o)
                0x00004ef8                UART_1_ReadRxData
 .text.UART_1_ReadRxStatus
                0x00004f04       0x10 .\CortexM3\ARM_GCC_541\Debug\ZumoBot.a(UART_1.o)
                0x00004f04                UART_1_ReadRxStatus
 .text.UART_1_SetTxInterruptMode
                0x00004f14        0xc .\CortexM3\ARM_GCC_541\Debug\ZumoBot.a(UART_1.o)
                0x00004f14                UART_1_SetTxInterruptMode
 .text.UART_1_ReadTxStatus
                0x00004f20        0xc .\CortexM3\ARM_GCC_541\Debug\ZumoBot.a(UART_1.o)
                0x00004f20                UART_1_ReadTxStatus
 .text.UART_1_PutChar
                0x00004f2c       0x18 .\CortexM3\ARM_GCC_541\Debug\ZumoBot.a(UART_1.o)
                0x00004f2c                UART_1_PutChar
 .text.MotorDirLeft_Write
                0x00004f44       0x18 .\CortexM3\ARM_GCC_541\Debug\ZumoBot.a(MotorDirLeft.o)
                0x00004f44                MotorDirLeft_Write
 .text.MotorDirRight_Write
                0x00004f5c       0x18 .\CortexM3\ARM_GCC_541\Debug\ZumoBot.a(MotorDirRight.o)
                0x00004f5c                MotorDirRight_Write
 .text.L3_Write
                0x00004f74       0x18 .\CortexM3\ARM_GCC_541\Debug\ZumoBot.a(L3.o)
                0x00004f74                L3_Write
 .text.L3_SetDriveMode
                0x00004f8c       0x18 .\CortexM3\ARM_GCC_541\Debug\ZumoBot.a(L3.o)
                0x00004f8c                L3_SetDriveMode
 .text.Timer_L3_Enable
                0x00004fa4       0x28 .\CortexM3\ARM_GCC_541\Debug\ZumoBot.a(Timer_L3.o)
                0x00004fa4                Timer_L3_Enable
 .text.Timer_L3_SetInterruptMode
                0x00004fcc        0xc .\CortexM3\ARM_GCC_541\Debug\ZumoBot.a(Timer_L3.o)
                0x00004fcc                Timer_L3_SetInterruptMode
 .text.Timer_L3_ReadStatusRegister
                0x00004fd8        0xc .\CortexM3\ARM_GCC_541\Debug\ZumoBot.a(Timer_L3.o)
                0x00004fd8                Timer_L3_ReadStatusRegister
 .text.Timer_L3_ReadPeriod
                0x00004fe4        0xc .\CortexM3\ARM_GCC_541\Debug\ZumoBot.a(Timer_L3.o)
                0x00004fe4                Timer_L3_ReadPeriod
 .text.Timer_L3_WritePeriod
                0x00004ff0        0xc .\CortexM3\ARM_GCC_541\Debug\ZumoBot.a(Timer_L3.o)
                0x00004ff0                Timer_L3_WritePeriod
 .text.Timer_L3_ReadCapture
                0x00004ffc        0xc .\CortexM3\ARM_GCC_541\Debug\ZumoBot.a(Timer_L3.o)
                0x00004ffc                Timer_L3_ReadCapture
 .text.Timer_L3_WriteCounter
                0x00005008        0xc .\CortexM3\ARM_GCC_541\Debug\ZumoBot.a(Timer_L3.o)
                0x00005008                Timer_L3_WriteCounter
 .text.Timer_L3_Init
                0x00005014       0x68 .\CortexM3\ARM_GCC_541\Debug\ZumoBot.a(Timer_L3.o)
                0x00005014                Timer_L3_Init
 .text.Timer_L3_Start
                0x0000507c       0x1c .\CortexM3\ARM_GCC_541\Debug\ZumoBot.a(Timer_L3.o)
                0x0000507c                Timer_L3_Start
 .text.Timer_L3_ReadCounter
                0x00005098       0x14 .\CortexM3\ARM_GCC_541\Debug\ZumoBot.a(Timer_L3.o)
                0x00005098                Timer_L3_ReadCounter
 .text.Timer_R3_Enable
                0x000050ac       0x28 .\CortexM3\ARM_GCC_541\Debug\ZumoBot.a(Timer_R3.o)
                0x000050ac                Timer_R3_Enable
 .text.Timer_R3_SetInterruptMode
                0x000050d4        0xc .\CortexM3\ARM_GCC_541\Debug\ZumoBot.a(Timer_R3.o)
                0x000050d4                Timer_R3_SetInterruptMode
 .text.Timer_R3_ReadStatusRegister
                0x000050e0        0xc .\CortexM3\ARM_GCC_541\Debug\ZumoBot.a(Timer_R3.o)
                0x000050e0                Timer_R3_ReadStatusRegister
 .text.Timer_R3_ReadPeriod
                0x000050ec        0xc .\CortexM3\ARM_GCC_541\Debug\ZumoBot.a(Timer_R3.o)
                0x000050ec                Timer_R3_ReadPeriod
 .text.Timer_R3_WritePeriod
                0x000050f8        0xc .\CortexM3\ARM_GCC_541\Debug\ZumoBot.a(Timer_R3.o)
                0x000050f8                Timer_R3_WritePeriod
 .text.Timer_R3_ReadCapture
                0x00005104        0xc .\CortexM3\ARM_GCC_541\Debug\ZumoBot.a(Timer_R3.o)
                0x00005104                Timer_R3_ReadCapture
 .text.Timer_R3_WriteCounter
                0x00005110        0xc .\CortexM3\ARM_GCC_541\Debug\ZumoBot.a(Timer_R3.o)
                0x00005110                Timer_R3_WriteCounter
 .text.Timer_R3_Init
                0x0000511c       0x68 .\CortexM3\ARM_GCC_541\Debug\ZumoBot.a(Timer_R3.o)
                0x0000511c                Timer_R3_Init
 .text.Timer_R3_Start
                0x00005184       0x1c .\CortexM3\ARM_GCC_541\Debug\ZumoBot.a(Timer_R3.o)
                0x00005184                Timer_R3_Start
 .text.Timer_R3_ReadCounter
                0x000051a0       0x14 .\CortexM3\ARM_GCC_541\Debug\ZumoBot.a(Timer_R3.o)
                0x000051a0                Timer_R3_ReadCounter
 .text.Refl_led_Write
                0x000051b4       0x18 .\CortexM3\ARM_GCC_541\Debug\ZumoBot.a(Refl_led.o)
                0x000051b4                Refl_led_Write
 .text.Timer_R1_Enable
                0x000051cc       0x28 .\CortexM3\ARM_GCC_541\Debug\ZumoBot.a(Timer_R1.o)
                0x000051cc                Timer_R1_Enable
 .text.Timer_R1_SetInterruptMode
                0x000051f4        0xc .\CortexM3\ARM_GCC_541\Debug\ZumoBot.a(Timer_R1.o)
                0x000051f4                Timer_R1_SetInterruptMode
 .text.Timer_R1_ReadStatusRegister
                0x00005200        0xc .\CortexM3\ARM_GCC_541\Debug\ZumoBot.a(Timer_R1.o)
                0x00005200                Timer_R1_ReadStatusRegister
 .text.Timer_R1_ReadPeriod
                0x0000520c        0xc .\CortexM3\ARM_GCC_541\Debug\ZumoBot.a(Timer_R1.o)
                0x0000520c                Timer_R1_ReadPeriod
 .text.Timer_R1_WritePeriod
                0x00005218        0xc .\CortexM3\ARM_GCC_541\Debug\ZumoBot.a(Timer_R1.o)
                0x00005218                Timer_R1_WritePeriod
 .text.Timer_R1_ReadCapture
                0x00005224        0xc .\CortexM3\ARM_GCC_541\Debug\ZumoBot.a(Timer_R1.o)
                0x00005224                Timer_R1_ReadCapture
 .text.Timer_R1_WriteCounter
                0x00005230        0xc .\CortexM3\ARM_GCC_541\Debug\ZumoBot.a(Timer_R1.o)
                0x00005230                Timer_R1_WriteCounter
 .text.Timer_R1_Init
                0x0000523c       0x68 .\CortexM3\ARM_GCC_541\Debug\ZumoBot.a(Timer_R1.o)
                0x0000523c                Timer_R1_Init
 .text.Timer_R1_Start
                0x000052a4       0x1c .\CortexM3\ARM_GCC_541\Debug\ZumoBot.a(Timer_R1.o)
                0x000052a4                Timer_R1_Start
 .text.Timer_R1_ReadCounter
                0x000052c0       0x14 .\CortexM3\ARM_GCC_541\Debug\ZumoBot.a(Timer_R1.o)
                0x000052c0                Timer_R1_ReadCounter
 .text.R1_Write
                0x000052d4       0x18 .\CortexM3\ARM_GCC_541\Debug\ZumoBot.a(R1.o)
                0x000052d4                R1_Write
 .text.R1_SetDriveMode
                0x000052ec       0x18 .\CortexM3\ARM_GCC_541\Debug\ZumoBot.a(R1.o)
                0x000052ec                R1_SetDriveMode
 .text.R3_Write
                0x00005304       0x18 .\CortexM3\ARM_GCC_541\Debug\ZumoBot.a(R3.o)
                0x00005304                R3_Write
 .text.R3_SetDriveMode
                0x0000531c       0x18 .\CortexM3\ARM_GCC_541\Debug\ZumoBot.a(R3.o)
                0x0000531c                R3_SetDriveMode
 .text.Timer_L1_Enable
                0x00005334       0x28 .\CortexM3\ARM_GCC_541\Debug\ZumoBot.a(Timer_L1.o)
                0x00005334                Timer_L1_Enable
 .text.Timer_L1_SetInterruptMode
                0x0000535c        0xc .\CortexM3\ARM_GCC_541\Debug\ZumoBot.a(Timer_L1.o)
                0x0000535c                Timer_L1_SetInterruptMode
 .text.Timer_L1_ReadStatusRegister
                0x00005368        0xc .\CortexM3\ARM_GCC_541\Debug\ZumoBot.a(Timer_L1.o)
                0x00005368                Timer_L1_ReadStatusRegister
 .text.Timer_L1_ReadPeriod
                0x00005374        0xc .\CortexM3\ARM_GCC_541\Debug\ZumoBot.a(Timer_L1.o)
                0x00005374                Timer_L1_ReadPeriod
 .text.Timer_L1_WritePeriod
                0x00005380        0xc .\CortexM3\ARM_GCC_541\Debug\ZumoBot.a(Timer_L1.o)
                0x00005380                Timer_L1_WritePeriod
 .text.Timer_L1_ReadCapture
                0x0000538c        0xc .\CortexM3\ARM_GCC_541\Debug\ZumoBot.a(Timer_L1.o)
                0x0000538c                Timer_L1_ReadCapture
 .text.Timer_L1_WriteCounter
                0x00005398        0xc .\CortexM3\ARM_GCC_541\Debug\ZumoBot.a(Timer_L1.o)
                0x00005398                Timer_L1_WriteCounter
 .text.Timer_L1_Init
                0x000053a4       0x68 .\CortexM3\ARM_GCC_541\Debug\ZumoBot.a(Timer_L1.o)
                0x000053a4                Timer_L1_Init
 .text.Timer_L1_Start
                0x0000540c       0x1c .\CortexM3\ARM_GCC_541\Debug\ZumoBot.a(Timer_L1.o)
                0x0000540c                Timer_L1_Start
 .text.Timer_L1_ReadCounter
                0x00005428       0x14 .\CortexM3\ARM_GCC_541\Debug\ZumoBot.a(Timer_L1.o)
                0x00005428                Timer_L1_ReadCounter
 .text.L1_Write
                0x0000543c       0x18 .\CortexM3\ARM_GCC_541\Debug\ZumoBot.a(L1.o)
                0x0000543c                L1_Write
 .text.L1_SetDriveMode
                0x00005454       0x18 .\CortexM3\ARM_GCC_541\Debug\ZumoBot.a(L1.o)
                0x00005454                L1_SetDriveMode
 .text.IR_receiver_Read
                0x0000546c        0xc .\CortexM3\ARM_GCC_541\Debug\ZumoBot.a(IR_receiver.o)
                0x0000546c                IR_receiver_Read
 .text.Trig_Write
                0x00005478       0x18 .\CortexM3\ARM_GCC_541\Debug\ZumoBot.a(Trig.o)
                0x00005478                Trig_Write
 .text.Timer_Enable
                0x00005490       0x10 .\CortexM3\ARM_GCC_541\Debug\ZumoBot.a(Timer.o)
                0x00005490                Timer_Enable
 .text.Timer_SetInterruptMode
                0x000054a0        0xc .\CortexM3\ARM_GCC_541\Debug\ZumoBot.a(Timer.o)
                0x000054a0                Timer_SetInterruptMode
 .text.Timer_ReadStatusRegister
                0x000054ac        0xc .\CortexM3\ARM_GCC_541\Debug\ZumoBot.a(Timer.o)
                0x000054ac                Timer_ReadStatusRegister
 .text.Timer_WritePeriod
                0x000054b8        0xc .\CortexM3\ARM_GCC_541\Debug\ZumoBot.a(Timer.o)
                0x000054b8                Timer_WritePeriod
 .text.Timer_ReadCapture
                0x000054c4        0xc .\CortexM3\ARM_GCC_541\Debug\ZumoBot.a(Timer.o)
                0x000054c4                Timer_ReadCapture
 .text.Timer_WriteCounter
                0x000054d0        0xc .\CortexM3\ARM_GCC_541\Debug\ZumoBot.a(Timer.o)
                0x000054d0                Timer_WriteCounter
 .text.Timer_SetInterruptCount
                0x000054dc       0x1c .\CortexM3\ARM_GCC_541\Debug\ZumoBot.a(Timer.o)
                0x000054dc                Timer_SetInterruptCount
 .text.Timer_ClearFIFO
                0x000054f8       0x14 .\CortexM3\ARM_GCC_541\Debug\ZumoBot.a(Timer.o)
                0x000054f8                Timer_ClearFIFO
 .text.Timer_Init
                0x0000550c       0x3c .\CortexM3\ARM_GCC_541\Debug\ZumoBot.a(Timer.o)
                0x0000550c                Timer_Init
 .text.Timer_Start
                0x00005548       0x1c .\CortexM3\ARM_GCC_541\Debug\ZumoBot.a(Timer.o)
                0x00005548                Timer_Start
 .text.Echo_Read
                0x00005564       0x10 .\CortexM3\ARM_GCC_541\Debug\ZumoBot.a(Echo.o)
                0x00005564                Echo_Read
 .text.ultra_isr_SetVector
                0x00005574        0xc .\CortexM3\ARM_GCC_541\Debug\ZumoBot.a(ultra_isr.o)
                0x00005574                ultra_isr_SetVector
 .text.ultra_isr_SetPriority
                0x00005580       0x10 .\CortexM3\ARM_GCC_541\Debug\ZumoBot.a(ultra_isr.o)
                0x00005580                ultra_isr_SetPriority
 .text.ultra_isr_Enable
                0x00005590       0x10 .\CortexM3\ARM_GCC_541\Debug\ZumoBot.a(ultra_isr.o)
                0x00005590                ultra_isr_Enable
 .text.ultra_isr_Disable
                0x000055a0       0x10 .\CortexM3\ARM_GCC_541\Debug\ZumoBot.a(ultra_isr.o)
                0x000055a0                ultra_isr_Disable
 .text.ultra_isr_StartEx
                0x000055b0       0x1c .\CortexM3\ARM_GCC_541\Debug\ZumoBot.a(ultra_isr.o)
                0x000055b0                ultra_isr_StartEx
 .text.IR_isr_SetVector
                0x000055cc        0xc .\CortexM3\ARM_GCC_541\Debug\ZumoBot.a(IR_isr.o)
                0x000055cc                IR_isr_SetVector
 .text.IR_isr_SetPriority
                0x000055d8       0x10 .\CortexM3\ARM_GCC_541\Debug\ZumoBot.a(IR_isr.o)
                0x000055d8                IR_isr_SetPriority
 .text.IR_isr_Enable
                0x000055e8        0xc .\CortexM3\ARM_GCC_541\Debug\ZumoBot.a(IR_isr.o)
                0x000055e8                IR_isr_Enable
 .text.IR_isr_Disable
                0x000055f4        0xc .\CortexM3\ARM_GCC_541\Debug\ZumoBot.a(IR_isr.o)
                0x000055f4                IR_isr_Disable
 .text.IR_isr_StartEx
                0x00005600       0x1c .\CortexM3\ARM_GCC_541\Debug\ZumoBot.a(IR_isr.o)
                0x00005600                IR_isr_StartEx
 .text.Timer_IR_Enable
                0x0000561c       0x10 .\CortexM3\ARM_GCC_541\Debug\ZumoBot.a(Timer_IR.o)
                0x0000561c                Timer_IR_Enable
 .text.Timer_IR_SetInterruptMode
                0x0000562c        0xc .\CortexM3\ARM_GCC_541\Debug\ZumoBot.a(Timer_IR.o)
                0x0000562c                Timer_IR_SetInterruptMode
 .text.Timer_IR_ReadStatusRegister
                0x00005638        0xc .\CortexM3\ARM_GCC_541\Debug\ZumoBot.a(Timer_IR.o)
                0x00005638                Timer_IR_ReadStatusRegister
 .text.Timer_IR_WritePeriod
                0x00005644       0x10 .\CortexM3\ARM_GCC_541\Debug\ZumoBot.a(Timer_IR.o)
                0x00005644                Timer_IR_WritePeriod
 .text.Timer_IR_ReadCapture
                0x00005654       0x10 .\CortexM3\ARM_GCC_541\Debug\ZumoBot.a(Timer_IR.o)
                0x00005654                Timer_IR_ReadCapture
 .text.Timer_IR_WriteCounter
                0x00005664       0x10 .\CortexM3\ARM_GCC_541\Debug\ZumoBot.a(Timer_IR.o)
                0x00005664                Timer_IR_WriteCounter
 .text.Timer_IR_SetInterruptCount
                0x00005674       0x1c .\CortexM3\ARM_GCC_541\Debug\ZumoBot.a(Timer_IR.o)
                0x00005674                Timer_IR_SetInterruptCount
 .text.Timer_IR_ClearFIFO
                0x00005690       0x14 .\CortexM3\ARM_GCC_541\Debug\ZumoBot.a(Timer_IR.o)
                0x00005690                Timer_IR_ClearFIFO
 .text.Timer_IR_Init
                0x000056a4       0x3c .\CortexM3\ARM_GCC_541\Debug\ZumoBot.a(Timer_IR.o)
                0x000056a4                Timer_IR_Init
 .text.Timer_IR_Start
                0x000056e0       0x1c .\CortexM3\ARM_GCC_541\Debug\ZumoBot.a(Timer_IR.o)
                0x000056e0                Timer_IR_Start
 .text.SW1_Read
                0x000056fc       0x10 .\CortexM3\ARM_GCC_541\Debug\ZumoBot.a(SW1.o)
                0x000056fc                SW1_Read
 .text.Timer_R2_Enable
                0x0000570c       0x10 .\CortexM3\ARM_GCC_541\Debug\ZumoBot.a(Timer_R2.o)
                0x0000570c                Timer_R2_Enable
 .text.Timer_R2_SetInterruptMode
                0x0000571c        0xc .\CortexM3\ARM_GCC_541\Debug\ZumoBot.a(Timer_R2.o)
                0x0000571c                Timer_R2_SetInterruptMode
 .text.Timer_R2_ReadStatusRegister
                0x00005728        0xc .\CortexM3\ARM_GCC_541\Debug\ZumoBot.a(Timer_R2.o)
                0x00005728                Timer_R2_ReadStatusRegister
 .text.Timer_R2_ReadPeriod
                0x00005734        0xc .\CortexM3\ARM_GCC_541\Debug\ZumoBot.a(Timer_R2.o)
                0x00005734                Timer_R2_ReadPeriod
 .text.Timer_R2_WritePeriod
                0x00005740        0xc .\CortexM3\ARM_GCC_541\Debug\ZumoBot.a(Timer_R2.o)
                0x00005740                Timer_R2_WritePeriod
 .text.Timer_R2_ReadCapture
                0x0000574c        0xc .\CortexM3\ARM_GCC_541\Debug\ZumoBot.a(Timer_R2.o)
                0x0000574c                Timer_R2_ReadCapture
 .text.Timer_R2_WriteCounter
                0x00005758        0xc .\CortexM3\ARM_GCC_541\Debug\ZumoBot.a(Timer_R2.o)
                0x00005758                Timer_R2_WriteCounter
 .text.Timer_R2_ReadCounter
                0x00005764       0x14 .\CortexM3\ARM_GCC_541\Debug\ZumoBot.a(Timer_R2.o)
                0x00005764                Timer_R2_ReadCounter
 .text.Timer_R2_ClearFIFO
                0x00005778       0x14 .\CortexM3\ARM_GCC_541\Debug\ZumoBot.a(Timer_R2.o)
                0x00005778                Timer_R2_ClearFIFO
 .text.Timer_R2_Init
                0x0000578c       0x34 .\CortexM3\ARM_GCC_541\Debug\ZumoBot.a(Timer_R2.o)
                0x0000578c                Timer_R2_Init
 .text.Timer_R2_Start
                0x000057c0       0x1c .\CortexM3\ARM_GCC_541\Debug\ZumoBot.a(Timer_R2.o)
                0x000057c0                Timer_R2_Start
 .text.Timer_L2_Enable
                0x000057dc       0x10 .\CortexM3\ARM_GCC_541\Debug\ZumoBot.a(Timer_L2.o)
                0x000057dc                Timer_L2_Enable
 .text.Timer_L2_SetInterruptMode
                0x000057ec        0xc .\CortexM3\ARM_GCC_541\Debug\ZumoBot.a(Timer_L2.o)
                0x000057ec                Timer_L2_SetInterruptMode
 .text.Timer_L2_ReadStatusRegister
                0x000057f8        0xc .\CortexM3\ARM_GCC_541\Debug\ZumoBot.a(Timer_L2.o)
                0x000057f8                Timer_L2_ReadStatusRegister
 .text.Timer_L2_ReadPeriod
                0x00005804        0xc .\CortexM3\ARM_GCC_541\Debug\ZumoBot.a(Timer_L2.o)
                0x00005804                Timer_L2_ReadPeriod
 .text.Timer_L2_WritePeriod
                0x00005810        0xc .\CortexM3\ARM_GCC_541\Debug\ZumoBot.a(Timer_L2.o)
                0x00005810                Timer_L2_WritePeriod
 .text.Timer_L2_ReadCapture
                0x0000581c        0xc .\CortexM3\ARM_GCC_541\Debug\ZumoBot.a(Timer_L2.o)
                0x0000581c                Timer_L2_ReadCapture
 .text.Timer_L2_WriteCounter
                0x00005828        0xc .\CortexM3\ARM_GCC_541\Debug\ZumoBot.a(Timer_L2.o)
                0x00005828                Timer_L2_WriteCounter
 .text.Timer_L2_ReadCounter
                0x00005834       0x14 .\CortexM3\ARM_GCC_541\Debug\ZumoBot.a(Timer_L2.o)
                0x00005834                Timer_L2_ReadCounter
 .text.Timer_L2_ClearFIFO
                0x00005848       0x14 .\CortexM3\ARM_GCC_541\Debug\ZumoBot.a(Timer_L2.o)
                0x00005848                Timer_L2_ClearFIFO
 .text.Timer_L2_Init
                0x0000585c       0x34 .\CortexM3\ARM_GCC_541\Debug\ZumoBot.a(Timer_L2.o)
                0x0000585c                Timer_L2_Init
 .text.Timer_L2_Start
                0x00005890       0x1c .\CortexM3\ARM_GCC_541\Debug\ZumoBot.a(Timer_L2.o)
                0x00005890                Timer_L2_Start
 .text.L2_Write
                0x000058ac       0x18 .\CortexM3\ARM_GCC_541\Debug\ZumoBot.a(L2.o)
                0x000058ac                L2_Write
 .text.L2_SetDriveMode
                0x000058c4       0x18 .\CortexM3\ARM_GCC_541\Debug\ZumoBot.a(L2.o)
                0x000058c4                L2_SetDriveMode
 .text.R2_Write
                0x000058dc       0x18 .\CortexM3\ARM_GCC_541\Debug\ZumoBot.a(R2.o)
                0x000058dc                R2_Write
 .text.R2_SetDriveMode
                0x000058f4       0x18 .\CortexM3\ARM_GCC_541\Debug\ZumoBot.a(R2.o)
                0x000058f4                R2_SetDriveMode
 .text.Timer_Reset_Write
                0x0000590c        0xc .\CortexM3\ARM_GCC_541\Debug\ZumoBot.a(Timer_Reset.o)
                0x0000590c                Timer_Reset_Write
 .text.UART_2_Init
                0x00005918       0x28 .\CortexM3\ARM_GCC_541\Debug\ZumoBot.a(UART_2.o)
                0x00005918                UART_2_Init
 .text.UART_2_Enable
                0x00005940       0x38 .\CortexM3\ARM_GCC_541\Debug\ZumoBot.a(UART_2.o)
                0x00005940                UART_2_Enable
 .text.UART_2_Start
                0x00005978       0x1c .\CortexM3\ARM_GCC_541\Debug\ZumoBot.a(UART_2.o)
                0x00005978                UART_2_Start
 .text.UART_2_ReadRxData
                0x00005994        0xc .\CortexM3\ARM_GCC_541\Debug\ZumoBot.a(UART_2.o)
                0x00005994                UART_2_ReadRxData
 .text.UART_2_ReadRxStatus
                0x000059a0       0x10 .\CortexM3\ARM_GCC_541\Debug\ZumoBot.a(UART_2.o)
                0x000059a0                UART_2_ReadRxStatus
 .text.UART_2_SetTxInterruptMode
                0x000059b0        0xc .\CortexM3\ARM_GCC_541\Debug\ZumoBot.a(UART_2.o)
                0x000059b0                UART_2_SetTxInterruptMode
 .text.UART_2_ReadTxStatus
                0x000059bc        0xc .\CortexM3\ARM_GCC_541\Debug\ZumoBot.a(UART_2.o)
                0x000059bc                UART_2_ReadTxStatus
 .text.UART_2_PutChar
                0x000059c8       0x18 .\CortexM3\ARM_GCC_541\Debug\ZumoBot.a(UART_2.o)
                0x000059c8                UART_2_PutChar
 .text.isr_U2_TX_SetVector
                0x000059e0        0xc .\CortexM3\ARM_GCC_541\Debug\ZumoBot.a(isr_U2_TX.o)
                0x000059e0                isr_U2_TX_SetVector
 .text.isr_U2_TX_SetPriority
                0x000059ec       0x10 .\CortexM3\ARM_GCC_541\Debug\ZumoBot.a(isr_U2_TX.o)
                0x000059ec                isr_U2_TX_SetPriority
 .text.isr_U2_TX_Enable
                0x000059fc        0xc .\CortexM3\ARM_GCC_541\Debug\ZumoBot.a(isr_U2_TX.o)
                0x000059fc                isr_U2_TX_Enable
 .text.isr_U2_TX_Disable
                0x00005a08        0xc .\CortexM3\ARM_GCC_541\Debug\ZumoBot.a(isr_U2_TX.o)
                0x00005a08                isr_U2_TX_Disable
 .text.isr_U2_TX_StartEx
                0x00005a14       0x1c .\CortexM3\ARM_GCC_541\Debug\ZumoBot.a(isr_U2_TX.o)
                0x00005a14                isr_U2_TX_StartEx
 .text.isr_U2_TX_ClearPending
                0x00005a30        0xc .\CortexM3\ARM_GCC_541\Debug\ZumoBot.a(isr_U2_TX.o)
                0x00005a30                isr_U2_TX_ClearPending
 .text.isr_U2_RX_SetVector
                0x00005a3c        0xc .\CortexM3\ARM_GCC_541\Debug\ZumoBot.a(isr_U2_RX.o)
                0x00005a3c                isr_U2_RX_SetVector
 .text.isr_U2_RX_SetPriority
                0x00005a48       0x10 .\CortexM3\ARM_GCC_541\Debug\ZumoBot.a(isr_U2_RX.o)
                0x00005a48                isr_U2_RX_SetPriority
 .text.isr_U2_RX_Enable
                0x00005a58        0xc .\CortexM3\ARM_GCC_541\Debug\ZumoBot.a(isr_U2_RX.o)
                0x00005a58                isr_U2_RX_Enable
 .text.isr_U2_RX_Disable
                0x00005a64        0xc .\CortexM3\ARM_GCC_541\Debug\ZumoBot.a(isr_U2_RX.o)
                0x00005a64                isr_U2_RX_Disable
 .text.isr_U2_RX_StartEx
                0x00005a70       0x1c .\CortexM3\ARM_GCC_541\Debug\ZumoBot.a(isr_U2_RX.o)
                0x00005a70                isr_U2_RX_StartEx
 .text.isr_U2_RX_ClearPending
                0x00005a8c        0xc .\CortexM3\ARM_GCC_541\Debug\ZumoBot.a(isr_U2_RX.o)
                0x00005a8c                isr_U2_RX_ClearPending
 .text.StatisticsCounter_Enable
                0x00005a98       0x10 .\CortexM3\ARM_GCC_541\Debug\ZumoBot.a(StatisticsCounter.o)
                0x00005a98                StatisticsCounter_Enable
 .text.StatisticsCounter_SetInterruptMode
                0x00005aa8        0xc .\CortexM3\ARM_GCC_541\Debug\ZumoBot.a(StatisticsCounter.o)
                0x00005aa8                StatisticsCounter_SetInterruptMode
 .text.StatisticsCounter_ReadStatusRegister
                0x00005ab4        0xc .\CortexM3\ARM_GCC_541\Debug\ZumoBot.a(StatisticsCounter.o)
                0x00005ab4                StatisticsCounter_ReadStatusRegister
 .text.StatisticsCounter_WriteCounter
                0x00005ac0        0xc .\CortexM3\ARM_GCC_541\Debug\ZumoBot.a(StatisticsCounter.o)
                0x00005ac0                StatisticsCounter_WriteCounter
 .text.StatisticsCounter_ReadCounter
                0x00005acc       0x14 .\CortexM3\ARM_GCC_541\Debug\ZumoBot.a(StatisticsCounter.o)
                0x00005acc                StatisticsCounter_ReadCounter
 .text.StatisticsCounter_ReadCapture
                0x00005ae0        0xc .\CortexM3\ARM_GCC_541\Debug\ZumoBot.a(StatisticsCounter.o)
                0x00005ae0                StatisticsCounter_ReadCapture
 .text.StatisticsCounter_WritePeriod
                0x00005aec        0xc .\CortexM3\ARM_GCC_541\Debug\ZumoBot.a(StatisticsCounter.o)
                0x00005aec                StatisticsCounter_WritePeriod
 .text.StatisticsCounter_WriteCompare
                0x00005af8        0xc .\CortexM3\ARM_GCC_541\Debug\ZumoBot.a(StatisticsCounter.o)
                0x00005af8                StatisticsCounter_WriteCompare
 .text.StatisticsCounter_ClearFIFO
                0x00005b04       0x14 .\CortexM3\ARM_GCC_541\Debug\ZumoBot.a(StatisticsCounter.o)
                0x00005b04                StatisticsCounter_ClearFIFO
 .text.StatisticsCounter_Init
                0x00005b18       0x54 .\CortexM3\ARM_GCC_541\Debug\ZumoBot.a(StatisticsCounter.o)
                0x00005b18                StatisticsCounter_Init
 .text.StatisticsCounter_Start
                0x00005b6c       0x1c .\CortexM3\ARM_GCC_541\Debug\ZumoBot.a(StatisticsCounter.o)
                0x00005b6c                StatisticsCounter_Start
 .text.RST_E_Write
                0x00005b88       0x18 .\CortexM3\ARM_GCC_541\Debug\ZumoBot.a(RST_E.o)
                0x00005b88                RST_E_Write
 .text.isr_U1_TX_SetVector
                0x00005ba0        0xc .\CortexM3\ARM_GCC_541\Debug\ZumoBot.a(isr_U1_TX.o)
                0x00005ba0                isr_U1_TX_SetVector
 .text.isr_U1_TX_SetPriority
                0x00005bac       0x10 .\CortexM3\ARM_GCC_541\Debug\ZumoBot.a(isr_U1_TX.o)
                0x00005bac                isr_U1_TX_SetPriority
 .text.isr_U1_TX_Enable
                0x00005bbc        0xc .\CortexM3\ARM_GCC_541\Debug\ZumoBot.a(isr_U1_TX.o)
                0x00005bbc                isr_U1_TX_Enable
 .text.isr_U1_TX_Disable
                0x00005bc8        0xc .\CortexM3\ARM_GCC_541\Debug\ZumoBot.a(isr_U1_TX.o)
                0x00005bc8                isr_U1_TX_Disable
 .text.isr_U1_TX_StartEx
                0x00005bd4       0x1c .\CortexM3\ARM_GCC_541\Debug\ZumoBot.a(isr_U1_TX.o)
                0x00005bd4                isr_U1_TX_StartEx
 .text.isr_U1_TX_ClearPending
                0x00005bf0        0xc .\CortexM3\ARM_GCC_541\Debug\ZumoBot.a(isr_U1_TX.o)
                0x00005bf0                isr_U1_TX_ClearPending
 .text.isr_U1_RX_SetVector
                0x00005bfc        0xc .\CortexM3\ARM_GCC_541\Debug\ZumoBot.a(isr_U1_RX.o)
                0x00005bfc                isr_U1_RX_SetVector
 .text.isr_U1_RX_SetPriority
                0x00005c08       0x10 .\CortexM3\ARM_GCC_541\Debug\ZumoBot.a(isr_U1_RX.o)
                0x00005c08                isr_U1_RX_SetPriority
 .text.isr_U1_RX_Enable
                0x00005c18        0xc .\CortexM3\ARM_GCC_541\Debug\ZumoBot.a(isr_U1_RX.o)
                0x00005c18                isr_U1_RX_Enable
 .text.isr_U1_RX_Disable
                0x00005c24        0xc .\CortexM3\ARM_GCC_541\Debug\ZumoBot.a(isr_U1_RX.o)
                0x00005c24                isr_U1_RX_Disable
 .text.isr_U1_RX_StartEx
                0x00005c30       0x1c .\CortexM3\ARM_GCC_541\Debug\ZumoBot.a(isr_U1_RX.o)
                0x00005c30                isr_U1_RX_StartEx
 .text.isr_U1_RX_ClearPending
                0x00005c4c        0xc .\CortexM3\ARM_GCC_541\Debug\ZumoBot.a(isr_U1_RX.o)
                0x00005c4c                isr_U1_RX_ClearPending
 .text.UART_1_IntClock_Start
                0x00005c58       0x1c .\CortexM3\ARM_GCC_541\Debug\ZumoBot.a(UART_1_IntClock.o)
                0x00005c58                UART_1_IntClock_Start
 .text.UART_2_IntClock_Start
                0x00005c74       0x1c .\CortexM3\ARM_GCC_541\Debug\ZumoBot.a(UART_2_IntClock.o)
                0x00005c74                UART_2_IntClock_Start
 .text.CyHalt   0x00005c90        0x4 .\CortexM3\ARM_GCC_541\Debug\ZumoBot.a(CyLib.o)
                0x00005c90                CyHalt
 .text.CyDelayUs
                0x00005c94       0x14 .\CortexM3\ARM_GCC_541\Debug\ZumoBot.a(CyLib.o)
                0x00005c94                CyDelayUs
 .text.CyIntSetVector
                0x00005ca8       0x28 .\CortexM3\ARM_GCC_541\Debug\ZumoBot.a(CyLib.o)
                0x00005ca8                CyIntSetVector
 .text.CyIntSetPriority
                0x00005cd0       0x30 .\CortexM3\ARM_GCC_541\Debug\ZumoBot.a(CyLib.o)
                0x00005cd0                CyIntSetPriority
 .text.CySetReg24
                0x00005d00       0x14 .\CortexM3\ARM_GCC_541\Debug\ZumoBot.a(cyutils.o)
                0x00005d00                CySetReg24
 *fill*         0x00005d14        0x4 
 .text          0x00005d18       0x20 .\CortexM3\ARM_GCC_541\Debug\ZumoBot.a(CyBootAsmGnu.o)
                0x00005d18                CyDelayCycles
                0x00005d28                CyEnterCriticalSection
                0x00005d30                CyExitCriticalSection
 .text.atan     0x00005d38      0x33c c:/program files (x86)/cypress/psoc creator/4.2/psoc creator/import/gnu/arm/5.4.1/bin/../lib/gcc/arm-none-eabi/5.4.1/../../../../arm-none-eabi/lib/armv7-m\libm.a(lib_a-s_atan.o)
                0x00005d38                atan
 .text.fabs     0x00006074        0x8 c:/program files (x86)/cypress/psoc creator/4.2/psoc creator/import/gnu/arm/5.4.1/bin/../lib/gcc/arm-none-eabi/5.4.1/../../../../arm-none-eabi/lib/armv7-m\libm.a(lib_a-s_fabs.o)
                0x00006074                fabs
 .text.pow      0x0000607c      0x330 c:/program files (x86)/cypress/psoc creator/4.2/psoc creator/import/gnu/arm/5.4.1/bin/../lib/gcc/arm-none-eabi/5.4.1/../../../../arm-none-eabi/lib/armv7-m\libm.a(lib_a-w_pow.o)
                0x0000607c                pow
 .text.sqrt     0x000063ac       0xb8 c:/program files (x86)/cypress/psoc creator/4.2/psoc creator/import/gnu/arm/5.4.1/bin/../lib/gcc/arm-none-eabi/5.4.1/../../../../arm-none-eabi/lib/armv7-m\libm.a(lib_a-w_sqrt.o)
                0x000063ac                sqrt
 *fill*         0x00006464        0x4 
 .text.__ieee754_pow
                0x00006468      0xac4 c:/program files (x86)/cypress/psoc creator/4.2/psoc creator/import/gnu/arm/5.4.1/bin/../lib/gcc/arm-none-eabi/5.4.1/../../../../arm-none-eabi/lib/armv7-m\libm.a(lib_a-e_pow.o)
                0x00006468                __ieee754_pow
 .text.__ieee754_sqrt
                0x00006f2c      0x188 c:/program files (x86)/cypress/psoc creator/4.2/psoc creator/import/gnu/arm/5.4.1/bin/../lib/gcc/arm-none-eabi/5.4.1/../../../../arm-none-eabi/lib/armv7-m\libm.a(lib_a-e_sqrt.o)
                0x00006f2c                __ieee754_sqrt
 .text.finite   0x000070b4        0xc c:/program files (x86)/cypress/psoc creator/4.2/psoc creator/import/gnu/arm/5.4.1/bin/../lib/gcc/arm-none-eabi/5.4.1/../../../../arm-none-eabi/lib/armv7-m\libm.a(lib_a-s_finite.o)
                0x000070b4                finite
 .text.matherr  0x000070c0        0x4 c:/program files (x86)/cypress/psoc creator/4.2/psoc creator/import/gnu/arm/5.4.1/bin/../lib/gcc/arm-none-eabi/5.4.1/../../../../arm-none-eabi/lib/armv7-m\libm.a(lib_a-s_matherr.o)
                0x000070c0                matherr
 .text.nan      0x000070c4        0xc c:/program files (x86)/cypress/psoc creator/4.2/psoc creator/import/gnu/arm/5.4.1/bin/../lib/gcc/arm-none-eabi/5.4.1/../../../../arm-none-eabi/lib/armv7-m\libm.a(lib_a-s_nan.o)
                0x000070c4                nan
 .text.rint     0x000070d0      0x120 c:/program files (x86)/cypress/psoc creator/4.2/psoc creator/import/gnu/arm/5.4.1/bin/../lib/gcc/arm-none-eabi/5.4.1/../../../../arm-none-eabi/lib/armv7-m\libm.a(lib_a-s_rint.o)
                0x000070d0                rint
 .text.scalbn   0x000071f0       0xe4 c:/program files (x86)/cypress/psoc creator/4.2/psoc creator/import/gnu/arm/5.4.1/bin/../lib/gcc/arm-none-eabi/5.4.1/../../../../arm-none-eabi/lib/armv7-m\libm.a(lib_a-s_scalbn.o)
                0x000071f0                scalbn
 .text.copysign
                0x000072d4       0x10 c:/program files (x86)/cypress/psoc creator/4.2/psoc creator/import/gnu/arm/5.4.1/bin/../lib/gcc/arm-none-eabi/5.4.1/../../../../arm-none-eabi/lib/armv7-m\libm.a(lib_a-s_copysign.o)
                0x000072d4                copysign
 .text          0x000072e4      0x370 c:/program files (x86)/cypress/psoc creator/4.2/psoc creator/import/gnu/arm/5.4.1/bin/../lib/gcc/arm-none-eabi/5.4.1/armv7-m\libgcc.a(_arm_addsubdf3.o)
                0x000072e4                __aeabi_drsub
                0x000072ec                __aeabi_dsub
                0x000072ec                __subdf3
                0x000072f0                __aeabi_dadd
                0x000072f0                __adddf3
                0x00007568                __floatunsidf
                0x00007568                __aeabi_ui2d
                0x00007588                __floatsidf
                0x00007588                __aeabi_i2d
                0x000075ac                __aeabi_f2d
                0x000075ac                __extendsfdf2
                0x000075e8                __floatundidf
                0x000075e8                __aeabi_ul2d
                0x000075f8                __floatdidf
                0x000075f8                __aeabi_l2d
 .text          0x00007654      0x424 c:/program files (x86)/cypress/psoc creator/4.2/psoc creator/import/gnu/arm/5.4.1/bin/../lib/gcc/arm-none-eabi/5.4.1/armv7-m\libgcc.a(_arm_muldivdf3.o)
                0x00007654                __aeabi_dmul
                0x00007654                __muldf3
                0x000078a8                __divdf3
                0x000078a8                __aeabi_ddiv
 .text          0x00007a78      0x110 c:/program files (x86)/cypress/psoc creator/4.2/psoc creator/import/gnu/arm/5.4.1/bin/../lib/gcc/arm-none-eabi/5.4.1/armv7-m\libgcc.a(_arm_cmpdf2.o)
                0x00007a78                __gtdf2
                0x00007a78                __gedf2
                0x00007a80                __ltdf2
                0x00007a80                __ledf2
                0x00007a88                __nedf2
                0x00007a88                __eqdf2
                0x00007a88                __cmpdf2
                0x00007b04                __aeabi_cdrcmple
                0x00007b14                __aeabi_cdcmpeq
                0x00007b14                __aeabi_cdcmple
                0x00007b24                __aeabi_dcmpeq
                0x00007b38                __aeabi_dcmplt
                0x00007b4c                __aeabi_dcmple
                0x00007b60                __aeabi_dcmpge
                0x00007b74                __aeabi_dcmpgt
 .text          0x00007b88       0x2c c:/program files (x86)/cypress/psoc creator/4.2/psoc creator/import/gnu/arm/5.4.1/bin/../lib/gcc/arm-none-eabi/5.4.1/armv7-m\libgcc.a(_arm_unorddf2.o)
                0x00007b88                __unorddf2
                0x00007b88                __aeabi_dcmpun
 .text          0x00007bb4       0x50 c:/program files (x86)/cypress/psoc creator/4.2/psoc creator/import/gnu/arm/5.4.1/bin/../lib/gcc/arm-none-eabi/5.4.1/armv7-m\libgcc.a(_arm_fixdfsi.o)
                0x00007bb4                __aeabi_d2iz
                0x00007bb4                __fixdfsi
 .text          0x00007c04       0xa0 c:/program files (x86)/cypress/psoc creator/4.2/psoc creator/import/gnu/arm/5.4.1/bin/../lib/gcc/arm-none-eabi/5.4.1/armv7-m\libgcc.a(_arm_truncdfsf2.o)
                0x00007c04                __truncdfsf2
                0x00007c04                __aeabi_d2f
 .text          0x00007ca4       0xec c:/program files (x86)/cypress/psoc creator/4.2/psoc creator/import/gnu/arm/5.4.1/bin/../lib/gcc/arm-none-eabi/5.4.1/armv7-m\libgcc.a(_arm_cmpsf2.o)
                0x00007ca4                __gesf2
                0x00007ca4                __gtsf2
                0x00007cac                __lesf2
                0x00007cac                __ltsf2
                0x00007cb4                __nesf2
                0x00007cb4                __eqsf2
                0x00007cb4                __cmpsf2
                0x00007d14                __aeabi_cfrcmple
                0x00007d1c                __aeabi_cfcmpeq
                0x00007d1c                __aeabi_cfcmple
                0x00007d2c                __aeabi_fcmpeq
                0x00007d40                __aeabi_fcmplt
                0x00007d54                __aeabi_fcmple
                0x00007d68                __aeabi_fcmpge
                0x00007d7c                __aeabi_fcmpgt
 .text.__errno  0x00007d90        0xc c:/program files (x86)/cypress/psoc creator/4.2/psoc creator/import/gnu/arm/5.4.1/bin/../lib/gcc/arm-none-eabi/5.4.1/../../../../arm-none-eabi/lib/armv7-m\libg.a(lib_a-errno.o)
                0x00007d90                __errno
 .text.__sflush_r
                0x00007d9c      0x148 c:/program files (x86)/cypress/psoc creator/4.2/psoc creator/import/gnu/arm/5.4.1/bin/../lib/gcc/arm-none-eabi/5.4.1/../../../../arm-none-eabi/lib/armv7-m\libg.a(lib_a-fflush.o)
                0x00007d9c                __sflush_r
 .text._fflush_r
                0x00007ee4       0x2c c:/program files (x86)/cypress/psoc creator/4.2/psoc creator/import/gnu/arm/5.4.1/bin/../lib/gcc/arm-none-eabi/5.4.1/../../../../arm-none-eabi/lib/armv7-m\libg.a(lib_a-fflush.o)
                0x00007ee4                _fflush_r
 .text.fflush   0x00007f10       0x24 c:/program files (x86)/cypress/psoc creator/4.2/psoc creator/import/gnu/arm/5.4.1/bin/../lib/gcc/arm-none-eabi/5.4.1/../../../../arm-none-eabi/lib/armv7-m\libg.a(lib_a-fflush.o)
                0x00007f10                fflush
 .text._cleanup_r
                0x00007f34        0xc c:/program files (x86)/cypress/psoc creator/4.2/psoc creator/import/gnu/arm/5.4.1/bin/../lib/gcc/arm-none-eabi/5.4.1/../../../../arm-none-eabi/lib/armv7-m\libg.a(lib_a-findfp.o)
                0x00007f34                _cleanup_r
 .text.__sinit.part.1
                0x00007f40       0xf0 c:/program files (x86)/cypress/psoc creator/4.2/psoc creator/import/gnu/arm/5.4.1/bin/../lib/gcc/arm-none-eabi/5.4.1/../../../../arm-none-eabi/lib/armv7-m\libg.a(lib_a-findfp.o)
 .text.__sinit  0x00008030        0xc c:/program files (x86)/cypress/psoc creator/4.2/psoc creator/import/gnu/arm/5.4.1/bin/../lib/gcc/arm-none-eabi/5.4.1/../../../../arm-none-eabi/lib/armv7-m\libg.a(lib_a-findfp.o)
                0x00008030                __sinit
 .text.__sfp_lock_acquire
                0x0000803c        0x4 c:/program files (x86)/cypress/psoc creator/4.2/psoc creator/import/gnu/arm/5.4.1/bin/../lib/gcc/arm-none-eabi/5.4.1/../../../../arm-none-eabi/lib/armv7-m\libg.a(lib_a-findfp.o)
                0x0000803c                __sfp_lock_acquire
 .text.__sfp_lock_release
                0x00008040        0x4 c:/program files (x86)/cypress/psoc creator/4.2/psoc creator/import/gnu/arm/5.4.1/bin/../lib/gcc/arm-none-eabi/5.4.1/../../../../arm-none-eabi/lib/armv7-m\libg.a(lib_a-findfp.o)
                0x00008040                __sfp_lock_release
 .text._malloc_trim_r
                0x00008044       0x9c c:/program files (x86)/cypress/psoc creator/4.2/psoc creator/import/gnu/arm/5.4.1/bin/../lib/gcc/arm-none-eabi/5.4.1/../../../../arm-none-eabi/lib/armv7-m\libg.a(lib_a-freer.o)
                0x00008044                _malloc_trim_r
 .text._free_r  0x000080e0      0x1d0 c:/program files (x86)/cypress/psoc creator/4.2/psoc creator/import/gnu/arm/5.4.1/bin/../lib/gcc/arm-none-eabi/5.4.1/../../../../arm-none-eabi/lib/armv7-m\libg.a(lib_a-freer.o)
                0x000080e0                _free_r
 .text._fwalk_reent
                0x000082b0       0x50 c:/program files (x86)/cypress/psoc creator/4.2/psoc creator/import/gnu/arm/5.4.1/bin/../lib/gcc/arm-none-eabi/5.4.1/../../../../arm-none-eabi/lib/armv7-m\libg.a(lib_a-fwalk.o)
                0x000082b0                _fwalk_reent
 .text.__libc_init_array
                0x00008300       0x50 c:/program files (x86)/cypress/psoc creator/4.2/psoc creator/import/gnu/arm/5.4.1/bin/../lib/gcc/arm-none-eabi/5.4.1/../../../../arm-none-eabi/lib/armv7-m\libg.a(lib_a-init.o)
                0x00008300                __libc_init_array
 .text._malloc_r
                0x00008350      0x558 c:/program files (x86)/cypress/psoc creator/4.2/psoc creator/import/gnu/arm/5.4.1/bin/../lib/gcc/arm-none-eabi/5.4.1/../../../../arm-none-eabi/lib/armv7-m\libg.a(lib_a-mallocr.o)
                0x00008350                _malloc_r
 .text.memcmp   0x000088a8       0x64 c:/program files (x86)/cypress/psoc creator/4.2/psoc creator/import/gnu/arm/5.4.1/bin/../lib/gcc/arm-none-eabi/5.4.1/../../../../arm-none-eabi/lib/armv7-m\libg.a(lib_a-memcmp.o)
                0x000088a8                memcmp
 .text          0x0000890c       0xec c:/program files (x86)/cypress/psoc creator/4.2/psoc creator/import/gnu/arm/5.4.1/bin/../lib/gcc/arm-none-eabi/5.4.1/../../../../arm-none-eabi/lib/armv7-m\libg.a(lib_a-memcpy.o)
                0x0000890c                memcpy
 .text.memmove  0x000089f8       0xc8 c:/program files (x86)/cypress/psoc creator/4.2/psoc creator/import/gnu/arm/5.4.1/bin/../lib/gcc/arm-none-eabi/5.4.1/../../../../arm-none-eabi/lib/armv7-m\libg.a(lib_a-memmove.o)
                0x000089f8                memmove
 .text.memset   0x00008ac0       0x9c c:/program files (x86)/cypress/psoc creator/4.2/psoc creator/import/gnu/arm/5.4.1/bin/../lib/gcc/arm-none-eabi/5.4.1/../../../../arm-none-eabi/lib/armv7-m\libg.a(lib_a-memset.o)
                0x00008ac0                memset
 .text.__malloc_lock
                0x00008b5c        0x4 c:/program files (x86)/cypress/psoc creator/4.2/psoc creator/import/gnu/arm/5.4.1/bin/../lib/gcc/arm-none-eabi/5.4.1/../../../../arm-none-eabi/lib/armv7-m\libg.a(lib_a-mlock.o)
                0x00008b5c                __malloc_lock
 .text.__malloc_unlock
                0x00008b60        0x4 c:/program files (x86)/cypress/psoc creator/4.2/psoc creator/import/gnu/arm/5.4.1/bin/../lib/gcc/arm-none-eabi/5.4.1/../../../../arm-none-eabi/lib/armv7-m\libg.a(lib_a-mlock.o)
                0x00008b60                __malloc_unlock
 .text.printf   0x00008b64       0x28 c:/program files (x86)/cypress/psoc creator/4.2/psoc creator/import/gnu/arm/5.4.1/bin/../lib/gcc/arm-none-eabi/5.4.1/../../../../arm-none-eabi/lib/armv7-m\libg.a(lib_a-printf.o)
                0x00008b64                printf
 .text._puts_r  0x00008b8c       0x68 c:/program files (x86)/cypress/psoc creator/4.2/psoc creator/import/gnu/arm/5.4.1/bin/../lib/gcc/arm-none-eabi/5.4.1/../../../../arm-none-eabi/lib/armv7-m\libg.a(lib_a-puts.o)
                0x00008b8c                _puts_r
 .text.puts     0x00008bf4       0x10 c:/program files (x86)/cypress/psoc creator/4.2/psoc creator/import/gnu/arm/5.4.1/bin/../lib/gcc/arm-none-eabi/5.4.1/../../../../arm-none-eabi/lib/armv7-m\libg.a(lib_a-puts.o)
                0x00008bf4                puts
 .text.cleanup_glue
                0x00008c04       0x1c c:/program files (x86)/cypress/psoc creator/4.2/psoc creator/import/gnu/arm/5.4.1/bin/../lib/gcc/arm-none-eabi/5.4.1/../../../../arm-none-eabi/lib/armv7-m\libg.a(lib_a-reent.o)
                0x00008c04                cleanup_glue
 .text._reclaim_reent
                0x00008c20       0x88 c:/program files (x86)/cypress/psoc creator/4.2/psoc creator/import/gnu/arm/5.4.1/bin/../lib/gcc/arm-none-eabi/5.4.1/../../../../arm-none-eabi/lib/armv7-m\libg.a(lib_a-reent.o)
                0x00008c20                _reclaim_reent
 .text._sbrk_r  0x00008ca8       0x24 c:/program files (x86)/cypress/psoc creator/4.2/psoc creator/import/gnu/arm/5.4.1/bin/../lib/gcc/arm-none-eabi/5.4.1/../../../../arm-none-eabi/lib/armv7-m\libg.a(lib_a-sbrkr.o)
                0x00008ca8                _sbrk_r
 .text.__sread  0x00008ccc       0x24 c:/program files (x86)/cypress/psoc creator/4.2/psoc creator/import/gnu/arm/5.4.1/bin/../lib/gcc/arm-none-eabi/5.4.1/../../../../arm-none-eabi/lib/armv7-m\libg.a(lib_a-stdio.o)
                0x00008ccc                __sread
 .text.__swrite
                0x00008cf0       0x3c c:/program files (x86)/cypress/psoc creator/4.2/psoc creator/import/gnu/arm/5.4.1/bin/../lib/gcc/arm-none-eabi/5.4.1/../../../../arm-none-eabi/lib/armv7-m\libg.a(lib_a-stdio.o)
                0x00008cf0                __swrite
 .text.__sseek  0x00008d2c       0x20 c:/program files (x86)/cypress/psoc creator/4.2/psoc creator/import/gnu/arm/5.4.1/bin/../lib/gcc/arm-none-eabi/5.4.1/../../../../arm-none-eabi/lib/armv7-m\libg.a(lib_a-stdio.o)
                0x00008d2c                __sseek
 .text.__sclose
                0x00008d4c        0x8 c:/program files (x86)/cypress/psoc creator/4.2/psoc creator/import/gnu/arm/5.4.1/bin/../lib/gcc/arm-none-eabi/5.4.1/../../../../arm-none-eabi/lib/armv7-m\libg.a(lib_a-stdio.o)
                0x00008d4c                __sclose
 .text.strcat   0x00008d54       0x40 c:/program files (x86)/cypress/psoc creator/4.2/psoc creator/import/gnu/arm/5.4.1/bin/../lib/gcc/arm-none-eabi/5.4.1/../../../../arm-none-eabi/lib/armv7-m\libg.a(lib_a-strcat.o)
                0x00008d54                strcat
 .text.strcpy   0x00008d94       0xbc c:/program files (x86)/cypress/psoc creator/4.2/psoc creator/import/gnu/arm/5.4.1/bin/../lib/gcc/arm-none-eabi/5.4.1/../../../../arm-none-eabi/lib/armv7-m\libg.a(lib_a-strcpy.o)
                0x00008d94                strcpy
 .text.strlen   0x00008e50       0x5c c:/program files (x86)/cypress/psoc creator/4.2/psoc creator/import/gnu/arm/5.4.1/bin/../lib/gcc/arm-none-eabi/5.4.1/../../../../arm-none-eabi/lib/armv7-m\libg.a(lib_a-strlen-stub.o)
                0x00008e50                strlen
 .text.strncmp  0x00008eac       0x9c c:/program files (x86)/cypress/psoc creator/4.2/psoc creator/import/gnu/arm/5.4.1/bin/../lib/gcc/arm-none-eabi/5.4.1/../../../../arm-none-eabi/lib/armv7-m\libg.a(lib_a-strncmp.o)
                0x00008eac                strncmp
 .text.strncpy  0x00008f48       0x68 c:/program files (x86)/cypress/psoc creator/4.2/psoc creator/import/gnu/arm/5.4.1/bin/../lib/gcc/arm-none-eabi/5.4.1/../../../../arm-none-eabi/lib/armv7-m\libg.a(lib_a-strncpy.o)
                0x00008f48                strncpy
 .text.critical_factorization
                0x00008fb0       0xb8 c:/program files (x86)/cypress/psoc creator/4.2/psoc creator/import/gnu/arm/5.4.1/bin/../lib/gcc/arm-none-eabi/5.4.1/../../../../arm-none-eabi/lib/armv7-m\libg.a(lib_a-strstr.o)
 .text.two_way_long_needle
                0x00009068      0x200 c:/program files (x86)/cypress/psoc creator/4.2/psoc creator/import/gnu/arm/5.4.1/bin/../lib/gcc/arm-none-eabi/5.4.1/../../../../arm-none-eabi/lib/armv7-m\libg.a(lib_a-strstr.o)
 .text.strstr   0x00009268      0x220 c:/program files (x86)/cypress/psoc creator/4.2/psoc creator/import/gnu/arm/5.4.1/bin/../lib/gcc/arm-none-eabi/5.4.1/../../../../arm-none-eabi/lib/armv7-m\libg.a(lib_a-strstr.o)
                0x00009268                strstr
 .text._svfprintf_r
                0x00009488     0x175c c:/program files (x86)/cypress/psoc creator/4.2/psoc creator/import/gnu/arm/5.4.1/bin/../lib/gcc/arm-none-eabi/5.4.1/../../../../arm-none-eabi/lib/armv7-m\libg.a(lib_a-svfprintf.o)
                0x00009488                _svfprintf_r
 .text._vfprintf_r
                0x0000abe4     0x1788 c:/program files (x86)/cypress/psoc creator/4.2/psoc creator/import/gnu/arm/5.4.1/bin/../lib/gcc/arm-none-eabi/5.4.1/../../../../arm-none-eabi/lib/armv7-m\libg.a(lib_a-vfprintf.o)
                0x0000abe4                _vfprintf_r
 .text.__sbprintf
                0x0000c36c       0x6c c:/program files (x86)/cypress/psoc creator/4.2/psoc creator/import/gnu/arm/5.4.1/bin/../lib/gcc/arm-none-eabi/5.4.1/../../../../arm-none-eabi/lib/armv7-m\libg.a(lib_a-vfprintf.o)
 .text._vsnprintf_r
                0x0000c3d8       0x70 c:/program files (x86)/cypress/psoc creator/4.2/psoc creator/import/gnu/arm/5.4.1/bin/../lib/gcc/arm-none-eabi/5.4.1/../../../../arm-none-eabi/lib/armv7-m\libg.a(lib_a-vsnprintf.o)
                0x0000c3d8                _vsnprintf_r
 .text.vsnprintf
                0x0000c448       0x20 c:/program files (x86)/cypress/psoc creator/4.2/psoc creator/import/gnu/arm/5.4.1/bin/../lib/gcc/arm-none-eabi/5.4.1/../../../../arm-none-eabi/lib/armv7-m\libg.a(lib_a-vsnprintf.o)
                0x0000c448                vsnprintf
 .text._write_r
                0x0000c468       0x2c c:/program files (x86)/cypress/psoc creator/4.2/psoc creator/import/gnu/arm/5.4.1/bin/../lib/gcc/arm-none-eabi/5.4.1/../../../../arm-none-eabi/lib/armv7-m\libg.a(lib_a-writer.o)